#"Step","Potential Energy (kJ/mole)","Kinetic Energy (kJ/mole)","Total Energy (kJ/mole)","Temperature (K)","Box Volume (nm^3)","Density (g/mL)","Speed (ns/day)"
1000,-96009.88803150185,25948.591796875,-70061.29623462685,265.0219298108457,272.25,0.4780986266441538,0
2000,-93868.73807193764,29167.6171875,-64701.12088443764,297.8989478706962,272.25,0.4780986266441538,106
3000,-94123.10610630043,29358.3203125,-64764.78579380043,299.84666474890247,272.25,0.4780986266441538,106
4000,-95168.69778873451,28926.318359375,-66242.37942935951,295.43447960238404,272.25,0.4780986266441538,106
5000,-94410.92250110634,28779.76171875,-65631.16078235634,293.93764601584206,272.25,0.4780986266441538,106
6000,-95048.26836063393,29122.578125,-65925.69023563393,297.4389483703742,272.25,0.4780986266441538,106
7000,-95492.00048114784,29037.69140625,-66454.30907489784,296.5719709947023,272.25,0.4780986266441538,105
8000,-95831.95161106117,29305.47265625,-66526.47895481117,299.30691338378057,272.25,0.4780986266441538,105
9000,-96293.91587497719,29017.796875,-67276.11899997719,296.36878127613,272.25,0.4780986266441538,105
10000,-95969.47476627358,29247.11328125,-66722.36148502358,298.7108689314987,272.25,0.4780986266441538,105
11000,-96184.90676548012,29281.23828125,-66903.66848423012,299.05939934215024,272.25,0.4780986266441538,105
12000,-96554.91064884193,29603.86328125,-66951.04736759193,302.3544798912042,272.25,0.4780986266441538,105
13000,-96166.88498355873,29537.4296875,-66629.45529605873,301.67597065425923,272.25,0.4780986266441538,104
14000,-96967.3055005265,29536.33203125,-67430.9734692765,301.6647599118836,272.25,0.4780986266441538,104
15000,-97052.96617557533,29555.84765625,-67497.11851932533,301.86407973006305,272.25,0.4780986266441538,104
16000,-97455.32356311806,29396.169921875,-68059.15364124306,300.2332358814584,272.25,0.4780986266441538,104
17000,-97089.63107730873,29763.8984375,-67325.73263980873,303.98897421286,272.25,0.4780986266441538,104
18000,-97476.93709232338,29677.720703125,-67799.21638919838,303.10881124873566,272.25,0.4780986266441538,104
19000,-97460.19523288734,29174.76953125,-68285.42570163734,297.97199722759905,272.25,0.4780986266441538,104
20000,-97755.63959171303,29045.052734375,-68710.58685733803,296.6471547812034,272.25,0.4780986266441538,104
21000,-97695.19650699623,29387.26171875,-68307.93478824623,300.1422533263427,272.25,0.4780986266441538,104
22000,-97271.87798740395,29419.005859375,-67852.87212802895,300.466467197927,272.25,0.4780986266441538,103
23000,-97525.62955142983,29401.48828125,-68124.14127017983,300.28755412254156,272.25,0.4780986266441538,103
24000,-97614.89477588661,29179.98046875,-68434.91430713661,298.02521833197284,272.25,0.4780986266441538,103
25000,-97966.16799213417,29190.7421875,-68775.42580463417,298.13513148230993,272.25,0.4780986266441538,103
26000,-97364.83066226967,29327.7421875,-68037.08847476967,299.5343597975998,272.25,0.4780986266441538,103
27000,-98001.3939633561,29571.35546875,-68430.0384946061,302.02246637501344,272.25,0.4780986266441538,103
28000,-97700.8381467057,29649.44140625,-68051.3967404557,302.81998502301315,272.25,0.4780986266441538,103
29000,-98168.85869266518,29275.111328125,-68893.74736454018,298.9968226538367,272.25,0.4780986266441538,103
30000,-98003.2773328019,28880.19140625,-69123.0859265519,294.96336909938736,272.25,0.4780986266441538,103
31000,-98230.09676029213,29017.62890625,-69212.46785404213,296.3670657532753,272.25,0.4780986266441538,103
32000,-98093.61299564369,28740.40234375,-69353.21065189369,293.5356551255346,272.25,0.4780986266441538,103
33000,-97904.07295658119,28891.98828125,-69012.08467533119,295.0838546580146,272.25,0.4780986266441538,103
34000,-98135.6726956559,29280.80078125,-68854.8719144059,299.05493100355216,272.25,0.4780986266441538,103
35000,-97895.02931644447,29148.4453125,-68746.58400394447,297.70313888998675,272.25,0.4780986266441538,103
36000,-98087.95279361733,29171.6171875,-68916.33560611733,297.9398012521645,272.25,0.4780986266441538,103
37000,-98155.39680149086,29151.578125,-69003.81867649086,297.7351353860195,272.25,0.4780986266441538,103
38000,-98007.76800968178,28726.421875,-69281.34613468178,293.39286776979725,272.25,0.4780986266441538,103
39000,-98060.46587802895,29226.92578125,-68833.54009677895,298.50468702190074,272.25,0.4780986266441538,103
40000,-97642.79745914467,29164.412109375,-68478.38534976967,297.86621330087706,272.25,0.4780986266441538,103
41000,-97922.16783573158,29121.63671875,-68800.53111698158,297.4293334632123,272.25,0.4780986266441538,103
42000,-98290.86629154213,29288.451171875,-69002.41511966713,299.1330670851983,272.25,0.4780986266441538,103
43000,-98090.04481174477,29717.017578125,-68373.02723361977,303.5101638049576,272.25,0.4780986266441538,103
44000,-98110.39117862709,29100.609375,-69009.78180362709,297.2145739393412,272.25,0.4780986266441538,103
45000,-98281.8896374894,29736.74609375,-68545.1435437394,303.71165794861554,272.25,0.4780986266441538,103
46000,-97965.40551044472,29356.619140625,-68608.78636981972,299.8292900930143,272.25,0.4780986266441538,103
47000,-98016.60437442787,29362.30078125,-68654.30359317787,299.8873186509691,272.25,0.4780986266441538,102
48000,-98165.90514041908,29225.427734375,-68940.47740604408,298.4893869517903,272.25,0.4780986266441538,102
49000,-98520.45219089516,29251.61328125,-69268.83890964516,298.75682898565054,272.25,0.4780986266441538,102
50000,-98635.08054782875,29292.046875,-69343.03367282875,299.16979124305146,272.25,0.4780986266441538,102
51000,-98305.34809543617,28757.0,-69548.34809543617,293.7051727211,272.25,0.4780986266441538,102
52000,-98715.3462414933,28962.33984375,-69753.0063977433,295.8023794629408,272.25,0.4780986266441538,102
53000,-98375.66940738686,28837.919921875,-69537.74948551186,294.5316358302864,272.25,0.4780986266441538,102
54000,-98522.84201480873,29330.64453125,-69192.19748355873,299.56400243669253,272.25,0.4780986266441538,102
55000,-97939.48482181557,28926.6796875,-69012.80513431557,295.4381699713156,272.25,0.4780986266441538,102
56000,-98804.65443470009,28889.505859375,-69915.14857532509,295.05850082605843,272.25,0.4780986266441538,102
57000,-98359.92956974037,29061.1484375,-69298.78113224037,296.811545756145,272.25,0.4780986266441538,102
58000,-98191.90827610024,29177.71484375,-69014.19343235024,298.00207872137554,272.25,0.4780986266441538,102
59000,-98389.50108768471,29096.60546875,-69292.89561893471,297.1736806619926,272.25,0.4780986266441538,102
60000,-98915.6433911515,29555.50390625,-69360.1394849015,301.8605688925931,272.25,0.4780986266441538,102
61000,-98574.77667667397,29641.57421875,-68933.20245792397,302.7396347200081,272.25,0.4780986266441538,102
62000,-98562.67054416664,29448.39453125,-69114.27601291664,300.7666238536661,272.25,0.4780986266441538,102
63000,-98415.92373325356,29025.7734375,-69390.15029575356,296.4502486637846,272.25,0.4780986266441538,102
64000,-98489.28789951332,28929.90625,-69559.38164951332,295.47112396847655,272.25,0.4780986266441538,102
65000,-98632.15224124916,29423.3984375,-69208.75380374916,300.51133011536945,272.25,0.4780986266441538,102
66000,-98719.34072162636,29133.73828125,-69585.60244037636,297.55293090050606,272.25,0.4780986266441538,102
67000,-98510.70711185463,29097.7734375,-69412.93367435463,297.18560953021426,272.25,0.4780986266441538,102
68000,-98355.66444065102,29489.978515625,-68865.68592502602,301.1913354478272,272.25,0.4780986266441538,102
69000,-99034.09322788246,29373.86328125,-69660.22994663246,300.00541045677596,272.25,0.4780986266441538,102
70000,-98609.26697208412,29014.9921875,-69594.27478458412,296.34013603404577,272.25,0.4780986266441538,102
71000,-98580.40626956947,29171.609375,-69408.79689456947,297.93972146040386,272.25,0.4780986266441538,102
72000,-98413.87397815712,29423.48046875,-68990.39350940712,300.5121679288566,272.25,0.4780986266441538,102
73000,-99051.86197330483,28874.41015625,-70177.45181705483,294.904323196484,272.25,0.4780986266441538,102
74000,-99360.64791538246,29105.96484375,-70254.68307163246,297.26927119128754,272.25,0.4780986266441538,102
75000,-99076.8720555497,29702.861328125,-69374.0107274247,303.3655811346049,272.25,0.4780986266441538,102
76000,-98697.18796970375,29297.9140625,-69399.27390720375,299.22971485532236,272.25,0.4780986266441538,102
77000,-98986.06044818886,29051.640625,-69934.41982318886,296.7144391833971,272.25,0.4780986266441538,102
78000,-99576.71614124306,29266.498046875,-70310.21809436806,298.9088522376867,272.25,0.4780986266441538,102
79000,-98893.9318967057,29434.8515625,-69459.0803342057,300.6283048365268,272.25,0.4780986266441538,102
80000,-98594.64303638466,28866.287109375,-69728.35592700966,294.82135971331655,272.25,0.4780986266441538,102
81000,-98277.85217716225,29288.767578125,-68989.08459903725,299.1362986515059,272.25,0.4780986266441538,102
82000,-99256.53657962807,29139.7109375,-70116.82564212807,297.61393170154616,272.25,0.4780986266441538,102
83000,-99391.46139957436,28786.68359375,-70604.77780582436,294.0083415158048,272.25,0.4780986266441538,102
84000,-98994.84174015053,28956.84765625,-70037.99408390053,295.7462858551825,272.25,0.4780986266441538,102
85000,-99036.63354923256,29314.384765625,-69722.24878360756,299.39793583477666,272.25,0.4780986266441538,102
86000,-99000.2466397477,29363.56640625,-69636.6802334977,299.9002449161993,272.25,0.4780986266441538,102
87000,-99467.97170688637,28993.36328125,-70474.60842563637,296.1192325446023,272.25,0.4780986266441538,102
88000,-98995.82720615395,28772.90234375,-70222.92486240395,293.8675888499647,272.25,0.4780986266441538,102
89000,-98946.56925632484,29445.71484375,-69500.85441257484,300.73925527975274,272.25,0.4780986266441538,102
90000,-98385.6078152848,28978.978515625,-69406.6292996598,295.9723159652497,272.25,0.4780986266441538,102
91000,-99005.67389728554,29757.96875,-69247.70514728554,303.92841226650364,272.25,0.4780986266441538,102
92000,-99140.70881702431,29073.716796875,-70066.99202014931,296.9399107511394,272.25,0.4780986266441538,102
93000,-99387.63895847328,29148.94140625,-70238.69755222328,297.70820566679,272.25,0.4780986266441538,102
94000,-98712.18879749306,29612.55078125,-69099.63801624306,302.44320832908073,272.25,0.4780986266441538,102
95000,-99351.32150699623,29387.14453125,-69964.17697574623,300.1410564499325,272.25,0.4780986266441538,102
96000,-98906.52998783119,29179.625,-69726.90498783119,298.0215878068618,272.25,0.4780986266441538,102
97000,-99235.57153751381,28889.59375,-70345.97778751381,295.0593984833661,272.25,0.4780986266441538,102
98000,-99410.30308200844,29458.5,-69951.80308200844,300.8698344961061,272.25,0.4780986266441538,102
99000,-99115.22855045326,28551.52734375,-70563.70120670326,291.60660951932755,272.25,0.4780986266441538,102
100000,-98871.28286792763,29309.3125,-69561.97036792763,299.3461310341549,272.25,0.4780986266441538,102
101000,-99113.87675907143,29511.67578125,-69602.20097782143,301.4129371151766,272.25,0.4780986266441538,102
102000,-98668.30111362465,29317.4375,-69350.86361362465,299.42911446526244,272.25,0.4780986266441538,102
103000,-99334.22028018959,29190.060546875,-70144.15973331459,298.12816965119055,272.25,0.4780986266441538,102
104000,-98779.86575748451,29252.76171875,-69527.10403873451,298.7685583744705,272.25,0.4780986266441538,102
105000,-99091.89278079994,29168.640625,-69923.25215579994,297.90940059134533,272.25,0.4780986266441538,102
106000,-98538.70602085121,29118.58984375,-69420.11617710121,297.3982146765469,272.25,0.4780986266441538,102
107000,-99356.33102085121,29032.63671875,-70323.69430210121,296.5203457255422,272.25,0.4780986266441538,102
108000,-99362.33903934486,29403.98046875,-69958.35857059486,300.3130076941986,272.25,0.4780986266441538,102
109000,-99217.80365421303,29133.521484375,-70084.28216983803,297.5507166791472,272.25,0.4780986266441538,102
110000,-98713.24898197182,28947.26171875,-69765.98726322182,295.6483813648278,272.25,0.4780986266441538,102
111000,-98661.18932010658,29082.42578125,-69578.76353885658,297.0288586163578,272.25,0.4780986266441538,102
112000,-98786.74494602211,29382.505859375,-69404.23908664711,300.0936800920286,272.25,0.4780986266441538,102
113000,-99304.0069623185,29581.283203125,-69722.7237591935,302.123861754898,272.25,0.4780986266441538,102
114000,-98836.95084812172,29275.689453125,-69561.26139499672,299.0027272441271,272.25,0.4780986266441538,102
115000,-99394.33316471108,29335.65234375,-70058.68082096108,299.61514895528865,272.25,0.4780986266441538,102
116000,-99273.65100528725,29113.056640625,-70160.59436466225,297.3417021620451,272.25,0.4780986266441538,102
117000,-99193.00311710365,29046.27734375,-70146.72577335365,296.65966213969006,272.25,0.4780986266441538,102
118000,-99235.99255802162,29442.109375,-69793.88318302162,300.7024313821988,272.25,0.4780986266441538,102
119000,-99617.58628513344,29026.546875,-70591.03941013344,296.4581480480919,272.25,0.4780986266441538,102
120000,-99430.10348178871,29319.24609375,-70110.85738803871,299.44758625785994,272.25,0.4780986266441538,102
