#"Step","Potential Energy (kJ/mole)","Kinetic Energy (kJ/mole)","Total Energy (kJ/mole)","Temperature (K)","Box Volume (nm^3)","Density (g/mL)","Speed (ns/day)"
1000,-95609.7276848844,27090.685546875,-68519.0421380094,276.72177590934626,175.99471568999994,0.7395810186320653,0
2000,-94395.64894953284,28765.802734375,-65629.84621515784,293.83250580133085,175.99471568999994,0.7395810186320653,106
3000,-94206.91958704505,29291.859375,-64915.06021204505,299.2059884166295,175.99471568999994,0.7395810186320653,106
4000,-93509.55077448401,29662.201171875,-63847.349602609014,302.9888989504875,175.99471568999994,0.7395810186320653,105
5000,-94314.497498422,29274.876953125,-65039.620545297,299.0325189807099,175.99471568999994,0.7395810186320653,105
6000,-93282.81774988685,29532.81640625,-63750.001343636846,301.6672793090276,175.99471568999994,0.7395810186320653,105
7000,-93844.93495646033,29050.966796875,-64793.96815958533,296.74535589011816,175.99471568999994,0.7395810186320653,105
8000,-93854.65741053138,28725.587890625,-65129.06951990638,293.4217253889577,175.99471568999994,0.7395810186320653,105
9000,-94097.67922297034,29185.0234375,-64912.65578547034,298.1146970831272,175.99471568999994,0.7395810186320653,105
10000,-93674.70671930823,28993.19921875,-64681.50750055823,296.1552805012517,175.99471568999994,0.7395810186320653,105
11000,-94117.91819086585,29430.765625,-64687.15256586585,300.6248666549966,175.99471568999994,0.7395810186320653,105
12000,-93678.83956232581,29067.47265625,-64611.36690607581,296.91395740857206,175.99471568999994,0.7395810186320653,106
13000,-93655.76225367103,29380.359375,-64275.402878671026,300.1099846305903,175.99471568999994,0.7395810186320653,106
14000,-93717.22247400794,29236.80078125,-64480.42169275794,298.6435843454882,175.99471568999994,0.7395810186320653,106
15000,-94266.76094141517,29492.66796875,-64774.09297266517,301.2571772130226,175.99471568999994,0.7395810186320653,106
16000,-93491.0706032804,29564.3046875,-63926.7659157804,301.98892097043023,175.99471568999994,0.7395810186320653,106
17000,-94235.73050013099,29254.87109375,-64980.85940638099,298.82816619955696,175.99471568999994,0.7395810186320653,106
18000,-93499.13518610511,30197.18359375,-63301.95159235511,308.4535552658612,175.99471568999994,0.7395810186320653,106
19000,-93419.91877832923,28909.50390625,-64510.41487207923,295.30036247157636,175.99471568999994,0.7395810186320653,106
20000,-93933.70876398597,29647.2421875,-64286.46657648597,302.8360982133158,175.99471568999994,0.7395810186320653,106
21000,-93827.77011957679,29441.6484375,-64386.12168207679,300.73603073745136,175.99471568999994,0.7395810186320653,105
22000,-93731.72081842933,29109.421875,-64622.29894342933,297.34245384844337,175.99471568999994,0.7395810186320653,106
23000,-94009.62276545081,29296.09375,-64713.52901545081,299.2492410603412,175.99471568999994,0.7395810186320653,106
24000,-94373.03529444251,29651.671875,-64721.36341944251,302.8813459051692,175.99471568999994,0.7395810186320653,106
25000,-93560.73981562171,29179.7421875,-64380.99762812171,298.06075098137603,175.99471568999994,0.7395810186320653,106
26000,-93421.28931513343,29813.734375,-63607.55494013343,304.53675705121464,175.99471568999994,0.7395810186320653,106
27000,-94024.15714350257,29367.234375,-64656.92276850257,299.97591739546897,175.99471568999994,0.7395810186320653,106
28000,-93530.21777430091,29273.09375,-64257.12402430091,299.0143041911763,175.99471568999994,0.7395810186320653,106
29000,-93956.15309229407,29460.0078125,-64496.14527979407,300.92356526276984,175.99471568999994,0.7395810186320653,106
30000,-93855.72334375892,29246.26171875,-64609.46162500892,298.74022447747143,175.99471568999994,0.7395810186320653,106
31000,-93607.39993372474,29106.763671875,-64500.63626184974,297.315301243235,175.99471568999994,0.7395810186320653,106
32000,-93672.95256891761,28889.69921875,-64783.25335016761,295.0980645900094,175.99471568999994,0.7395810186320653,106
33000,-93952.06782618079,29170.7421875,-64781.32563868079,297.96881916300714,175.99471568999994,0.7395810186320653,106
34000,-93548.28393641028,29137.884765625,-64410.399170785284,297.6331922141313,175.99471568999994,0.7395810186320653,106
35000,-93939.68200769935,29177.64453125,-64762.037476449346,298.03932416433435,175.99471568999994,0.7395810186320653,106
36000,-93782.44445887122,29243.34375,-64539.10070887122,298.7104184582347,175.99471568999994,0.7395810186320653,106
37000,-93774.08519068274,28804.013671875,-64970.071518807745,294.22281701977033,175.99471568999994,0.7395810186320653,106
38000,-94285.52897730384,29228.453125,-65057.07585230384,298.5583159879125,175.99471568999994,0.7395810186320653,106
39000,-93566.16326990638,29141.548828125,-64424.61444178138,297.67061931726937,175.99471568999994,0.7395810186320653,106
40000,-93305.95626917396,29202.267578125,-64103.688691048956,298.2908398835567,175.99471568999994,0.7395810186320653,106
41000,-93976.71910181556,29215.357421875,-64761.36167994056,298.42454801001253,175.99471568999994,0.7395810186320653,106
42000,-93768.19303217444,29299.494140625,-64468.698891549444,299.283974848488,175.99471568999994,0.7395810186320653,106
43000,-93743.05143442664,29333.64453125,-64409.40690317664,299.6328090160618,175.99471568999994,0.7395810186320653,106
44000,-93870.61653223548,29054.375,-64816.24153223548,296.7801694801906,175.99471568999994,0.7395810186320653,106
45000,-93825.32508936439,29399.4609375,-64425.864151864385,300.3051003388472,175.99471568999994,0.7395810186320653,106
46000,-94023.84263315711,29250.4609375,-64773.38169565711,298.7831180125177,175.99471568999994,0.7395810186320653,106
47000,-93883.77981653724,28943.94140625,-64939.83841028724,295.6521293599185,175.99471568999994,0.7395810186320653,106
48000,-93084.72842875037,29456.87890625,-63627.84952250037,300.89160459154004,175.99471568999994,0.7395810186320653,106
49000,-93718.83937159095,29191.3125,-64527.52687159095,298.17893763328954,175.99471568999994,0.7395810186320653,106
50000,-93445.39407434974,29356.451171875,-64088.94290247474,299.8657707875665,175.99471568999994,0.7395810186320653,106
51000,-93858.9429635099,29131.1015625,-64727.84140100989,297.5639041921705,175.99471568999994,0.7395810186320653,106
52000,-93787.32196131263,29543.71484375,-64243.60711756263,301.77860299533364,175.99471568999994,0.7395810186320653,106
53000,-93797.22501459632,29658.3125,-64138.91251459632,302.9491775419865,175.99471568999994,0.7395810186320653,106
54000,-93797.26078882728,29079.994140625,-64717.266648202276,297.04185994493554,175.99471568999994,0.7395810186320653,106
55000,-93634.96104517493,29325.09765625,-64309.86338892493,299.54550570938164,175.99471568999994,0.7395810186320653,106
56000,-93671.75666132483,28999.4921875,-64672.264473824835,296.2195609523768,175.99471568999994,0.7395810186320653,106
57000,-93375.51176538978,29120.734375,-64254.777390389776,297.4580070368099,175.99471568999994,0.7395810186320653,106
58000,-93596.09847345862,29402.08984375,-64194.00862970862,300.3319536868343,175.99471568999994,0.7395810186320653,106
59000,-93325.18364038978,28990.603515625,-64334.580124764776,296.1287663114487,175.99471568999994,0.7395810186320653,106
60000,-93457.15303125892,29252.91015625,-64204.24287500892,298.8081359162145,175.99471568999994,0.7395810186320653,106
61000,-93913.57658472571,29059.34765625,-64854.22892847571,296.83096340587787,175.99471568999994,0.7395810186320653,106
62000,-93737.20542994056,29439.44921875,-64297.75621119056,300.71356649537597,175.99471568999994,0.7395810186320653,106
63000,-93928.90048304114,29367.3203125,-64561.58017054114,299.97679521665134,175.99471568999994,0.7395810186320653,106
64000,-94092.24102106605,29375.1953125,-64717.045708566046,300.05723555772414,175.99471568999994,0.7395810186320653,106
65000,-93829.19716730628,29013.84765625,-64815.34951105628,296.36619699079074,175.99471568999994,0.7395810186320653,106
66000,-93541.08532038245,29041.16796875,-64499.91735163245,296.6452643248498,175.99471568999994,0.7395810186320653,106
67000,-93466.6456612638,29470.58203125,-63996.0636300138,301.03157716916076,175.99471568999994,0.7395810186320653,106
68000,-93737.37546625648,29410.828125,-64326.547341256475,300.4212121406933,175.99471568999994,0.7395810186320653,106
69000,-93597.27993479285,28923.48828125,-64673.79165354285,295.44320791852107,175.99471568999994,0.7395810186320653,106
70000,-93963.45633020911,29128.33984375,-64835.11648645911,297.5356942114471,175.99471568999994,0.7395810186320653,106
71000,-93964.05653467689,29733.703125,-64230.353409676885,303.71926612467735,175.99471568999994,0.7395810186320653,106
72000,-93995.53863611732,29342.345703125,-64653.192932992315,299.7216884107739,175.99471568999994,0.7395810186320653,106
73000,-94013.92503443274,29019.091796875,-64994.833237557745,296.419764033395,175.99471568999994,0.7395810186320653,106
74000,-93997.91266718421,29112.45703125,-64885.45563593421,297.3734568965652,175.99471568999994,0.7395810186320653,106
75000,-93259.61947718177,29772.580078125,-63487.03939905677,304.11638045727994,175.99471568999994,0.7395810186320653,105
76000,-93547.12468042884,29177.69921875,-64369.42546167884,298.039882777814,175.99471568999994,0.7395810186320653,105
77000,-92835.3234032682,29045.8671875,-63789.456215768194,296.69326518313875,175.99471568999994,0.7395810186320653,105
78000,-93718.80243006263,29218.90625,-64499.89618006263,298.4607980347469,175.99471568999994,0.7395810186320653,105
79000,-93809.63818445716,29003.6953125,-64805.94287195716,296.26249438838585,175.99471568999994,0.7395810186320653,105
80000,-93609.1809510282,29498.96484375,-64110.216107278204,301.3214975651106,175.99471568999994,0.7395810186320653,105
81000,-93841.18943110023,29466.34765625,-64374.841774850225,300.988324525449,175.99471568999994,0.7395810186320653,105
82000,-93623.75217524085,28659.7890625,-64963.96311274085,292.7496136205051,175.99471568999994,0.7395810186320653,105
83000,-93403.91450586829,28966.91796875,-64436.99653711829,295.8868268233064,175.99471568999994,0.7395810186320653,105
84000,-93849.90043726478,29132.9375,-64716.962937264776,297.58265764470235,175.99471568999994,0.7395810186320653,105
85000,-94046.2147072843,29398.091796875,-64648.12291040931,300.29111505137394,175.99471568999994,0.7395810186320653,105
86000,-94202.71474161658,29371.88671875,-64830.82802286658,300.02343944220394,175.99471568999994,0.7395810186320653,105
87000,-94229.81648340735,29479.71875,-64750.097733407354,301.12490552122875,175.99471568999994,0.7395810186320653,105
88000,-93750.17358484778,29159.734375,-64590.439209847784,297.8563782497417,175.99471568999994,0.7395810186320653,105
89000,-93614.48754969153,29560.724609375,-64053.762940316534,301.9523517379931,175.99471568999994,0.7395810186320653,105
90000,-93803.80993738685,29134.443359375,-64669.366578011846,297.59803946587476,175.99471568999994,0.7395810186320653,105
91000,-93971.63025751624,29560.70703125,-64410.92322626624,301.9521721836603,175.99471568999994,0.7395810186320653,105
92000,-93569.1360329679,29011.59765625,-64557.5383767179,296.3432140361985,175.99471568999994,0.7395810186320653,105
93000,-93744.27919855628,29342.94140625,-64401.33779230628,299.72777330760607,175.99471568999994,0.7395810186320653,105
94000,-94182.34162226233,29700.86328125,-64481.478341012335,303.38381873013424,175.99471568999994,0.7395810186320653,105
95000,-94062.9013756803,29531.5078125,-64531.3935631803,301.65391248647825,175.99471568999994,0.7395810186320653,105
96000,-93783.91804590735,28906.041015625,-64877.877030282354,295.2649902680243,175.99471568999994,0.7395810186320653,105
97000,-93843.30188074622,29064.92578125,-64778.37609949622,296.8879419808045,175.99471568999994,0.7395810186320653,105
98000,-94303.31604853187,28896.296875,-65407.019173531866,295.1654573162356,175.99471568999994,0.7395810186320653,106
99000,-93946.53511133704,28872.732421875,-65073.80268946204,294.9247547579412,175.99471568999994,0.7395810186320653,106
100000,-93742.68489161048,28962.359375,-64780.32551661048,295.8402623996795,175.99471568999994,0.7395810186320653,105
