#"Step","Potential Energy (kJ/mole)","Kinetic Energy (kJ/mole)","Total Energy (kJ/mole)","Temperature (K)","Box Volume (nm^3)","Density (g/mL)","Speed (ns/day)"
101000,-95263.7864223977,29041.3203125,-66222.4661098977,296.64682046240034,175.46181444000007,0.7418272261648158,0
102000,-95648.06224789818,28710.29296875,-66937.76927914818,293.2654931689823,175.46181444000007,0.7418272261648158,104
103000,-94765.58870663842,29002.03125,-65763.55745663842,296.24549657821876,175.46181444000007,0.7418272261648158,105
104000,-94587.93922772606,29255.458984375,-65332.48024335106,298.8341712944635,175.46181444000007,0.7418272261648158,105
105000,-94951.87886777123,29416.25,-65535.62886777123,300.4765946771065,175.46181444000007,0.7418272261648158,105
106000,-94709.88235440453,29314.53125,-65395.35110440453,299.4375736049164,175.46181444000007,0.7418272261648158,105
107000,-94583.47982754906,29253.2421875,-65330.23764004906,298.81152749805534,175.46181444000007,0.7418272261648158,105
108000,-94414.6383263131,29159.8515625,-65254.7867638131,297.8575752786267,175.46181444000007,0.7418272261648158,104
109000,-94329.62306943139,29311.671875,-65017.951194431385,299.4083661001221,175.46181444000007,0.7418272261648158,104
110000,-94858.97957577904,29029.703125,-65829.27645077904,296.5281549989328,175.46181444000007,0.7418272261648158,104
111000,-94550.64764371117,29015.78515625,-65534.86248746117,296.3859878683562,175.46181444000007,0.7418272261648158,104
112000,-95527.66248288353,29266.240234375,-66261.42224850853,298.94429795188455,175.46181444000007,0.7418272261648158,104
113000,-94553.80128445824,29149.1953125,-65404.60597195824,297.74872545201634,175.46181444000007,0.7418272261648158,104
114000,-95174.31039777001,29151.287109375,-66023.02328839501,297.7700924176138,175.46181444000007,0.7418272261648158,104
115000,-94575.31240811547,29249.603515625,-65325.70889249047,298.7743597511757,175.46181444000007,0.7418272261648158,104
116000,-94675.80798306664,29246.40625,-65429.40173306664,298.7417008130963,175.46181444000007,0.7418272261648158,104
117000,-94966.59920468529,29916.5703125,-65050.02889218529,305.58718979877517,175.46181444000007,0.7418272261648158,104
118000,-95145.5671078225,28997.46484375,-66148.1022640725,296.1988523526661,175.46181444000007,0.7418272261648158,104
119000,-95185.21928372582,29459.2265625,-65725.99272122582,300.9155850702031,175.46181444000007,0.7418272261648158,104
120000,-95485.99242367943,28724.64453125,-66761.34789242943,293.41208930643336,175.46181444000007,0.7418272261648158,104
121000,-94806.52531399926,29416.70703125,-65389.81828274926,300.48126308975804,175.46181444000007,0.7418272261648158,104
122000,-94773.97911038598,29434.0234375,-65339.955672885975,300.65814405799995,175.46181444000007,0.7418272261648158,104
123000,-94905.68928494652,28752.97265625,-66152.71662869652,293.7014510889035,175.46181444000007,0.7418272261648158,104
124000,-94935.97682919701,29550.51171875,-65385.46511044701,301.84803067066434,175.46181444000007,0.7418272261648158,104
125000,-94559.62301221093,29131.138671875,-65428.48434033593,297.5642832513175,175.46181444000007,0.7418272261648158,104
126000,-95466.39366879662,28813.95703125,-66652.43663754662,294.32438492066353,175.46181444000007,0.7418272261648158,104
127000,-95063.24278989037,29296.7734375,-65766.46935239037,299.25618382787434,175.46181444000007,0.7418272261648158,104
128000,-95294.80403866967,29243.61328125,-66051.19075741967,298.7131716246702,175.46181444000007,0.7418272261648158,104
129000,-95077.15643277367,29085.16015625,-65991.99627652367,297.09462896828313,175.46181444000007,0.7418272261648158,104
130000,-95181.06625333031,29038.853515625,-66142.21273770531,296.6216230043708,175.46181444000007,0.7418272261648158,104
131000,-94785.7639614602,29131.30078125,-65654.4631802102,297.56593914127507,175.46181444000007,0.7418272261648158,104
132000,-94964.87037625512,29163.75390625,-65801.11647000512,297.89743634049756,175.46181444000007,0.7418272261648158,104
133000,-95001.44390835961,29800.384765625,-65201.05914273461,304.4003955107304,175.46181444000007,0.7418272261648158,104
134000,-95203.53263058861,29078.84765625,-66124.68497433861,297.0301490123439,175.46181444000007,0.7418272261648158,104
135000,-94533.790450718,29125.80859375,-65407.98185696801,297.50983838753086,175.46181444000007,0.7418272261648158,104
136000,-94666.67987027367,28946.310546875,-65720.36932339867,295.67632929387713,175.46181444000007,0.7418272261648158,104
137000,-94727.58505215844,28626.98828125,-66100.59677090844,292.4145652355903,175.46181444000007,0.7418272261648158,104
138000,-94384.32876553734,29728.267578125,-64656.06118741234,303.6637439348942,175.46181444000007,0.7418272261648158,104
139000,-95456.19367566307,29146.908203125,-66309.28547253807,297.7253634382772,175.46181444000007,0.7418272261648158,104
140000,-94902.59382596215,28676.09765625,-66226.49616971215,292.9162001403359,175.46181444000007,0.7418272261648158,104
141000,-94234.96543851098,29790.5859375,-64444.379501010975,304.30030394546196,175.46181444000007,0.7418272261648158,104
142000,-94896.57461514672,29081.0859375,-65815.48867764672,297.05301226404754,175.46181444000007,0.7418272261648158,104
143000,-94802.58634534081,29221.76171875,-65580.82462659081,298.4899656385784,175.46181444000007,0.7418272261648158,104
144000,-95183.7744213601,29032.65625,-66151.1181713601,296.5583201268351,175.46181444000007,0.7418272261648158,104
145000,-94464.75954404076,29537.546875,-64927.21266904076,301.7155993750192,175.46181444000007,0.7418272261648158,104
146000,-94717.79489102562,29262.771484375,-65455.023406650624,298.9088658968882,175.46181444000007,0.7418272261648158,104
147000,-94932.83869137963,29398.41796875,-65534.42072262963,300.2944467817706,175.46181444000007,0.7418272261648158,104
148000,-95225.0530087014,29005.740234375,-66219.3127743264,296.28338254242937,175.46181444000007,0.7418272261648158,104
149000,-95135.26135983666,28827.65234375,-66307.60901608666,294.4642776963586,175.46181444000007,0.7418272261648158,104
150000,-94795.79145016869,29185.869140625,-65609.92230954369,298.1233356415807,175.46181444000007,0.7418272261648158,104
151000,-94839.49203458031,29427.54296875,-65411.94906583031,300.59194836065876,175.46181444000007,0.7418272261648158,104
152000,-95081.98272671898,29282.6328125,-65799.34991421898,299.1117423424162,175.46181444000007,0.7418272261648158,104
153000,-95116.0558010598,29062.4296875,-66053.6261135598,296.86244526555373,175.46181444000007,0.7418272261648158,104
154000,-95517.27320828637,29563.91015625,-65953.36305203637,301.984890973184,175.46181444000007,0.7418272261648158,104
155000,-95203.84428372582,29141.42578125,-66062.41850247582,297.6693624369401,175.46181444000007,0.7418272261648158,104
156000,-94895.83932843407,29190.046875,-65705.79245343407,298.1660097213314,175.46181444000007,0.7418272261648158,104
157000,-95393.14381375512,28702.38671875,-66690.75709500512,293.1847336202068,175.46181444000007,0.7418272261648158,104
158000,-94462.39680447777,29344.0,-65118.39680447777,299.73858646853404,175.46181444000007,0.7418272261648158,104
159000,-95100.22459378441,29458.484375,-65641.74021878441,300.90800388726467,175.46181444000007,0.7418272261648158,104
160000,-94794.268424656,29305.546875,-65488.721549655995,299.34580139039883,175.46181444000007,0.7418272261648158,104
161000,-94662.00932278832,29250.822265625,-65411.18705716332,298.78680885157985,175.46181444000007,0.7418272261648158,104
162000,-94636.7182003518,29013.26953125,-65623.4486691018,296.36029164829137,175.46181444000007,0.7418272261648158,104
163000,-94246.27833523949,29816.84375,-64429.43458523949,304.56851821763024,175.46181444000007,0.7418272261648158,104
164000,-94712.39764371117,29258.875,-65453.52264371117,298.86906468646157,175.46181444000007,0.7418272261648158,104
165000,-95211.79766812523,29202.015625,-66009.78204312523,298.2882662714539,175.46181444000007,0.7418272261648158,104
166000,-95170.96173062523,28766.2421875,-66404.71954312523,293.83699465964963,175.46181444000007,0.7418272261648158,104
167000,-95078.91714444359,29052.8515625,-66026.06558194359,296.7646081046854,175.46181444000007,0.7418272261648158,104
168000,-95417.48753323754,28887.77734375,-66529.71018948754,295.0784333162952,175.46181444000007,0.7418272261648158,104
169000,-95328.794356968,29515.8671875,-65812.927169468,301.49414903129207,175.46181444000007,0.7418272261648158,104
170000,-94571.75729336937,28986.9765625,-65584.78073086937,296.09171826745757,175.46181444000007,0.7418272261648158,104
171000,-95185.9775387307,29503.78515625,-65682.1923824807,301.37073535324737,175.46181444000007,0.7418272261648158,104
172000,-95496.38054242333,29374.7265625,-66121.65397992333,300.0524474421841,175.46181444000007,0.7418272261648158,104
173000,-95023.33000149926,29219.87890625,-65803.45109524926,298.4707333744925,175.46181444000007,0.7418272261648158,104
174000,-94879.3277126809,28750.77734375,-66128.5503689309,293.67902674779094,175.46181444000007,0.7418272261648158,104
175000,-95405.4859158059,29362.84375,-66042.6421658059,299.93106871324386,175.46181444000007,0.7418272261648158,104
176000,-95139.6635052224,29151.87890625,-65987.7845989724,297.77613741348307,175.46181444000007,0.7418272261648158,104
177000,-95067.57205167015,29409.02734375,-65658.54470792015,300.402817796827,175.46181444000007,0.7418272261648158,104
178000,-95612.22947659691,29626.3984375,-65985.83103909691,302.62318667563505,175.46181444000007,0.7418272261648158,104
179000,-95442.79941525658,28950.72265625,-66492.07675900658,295.7213974313978,175.46181444000007,0.7418272261648158,104
180000,-95038.05305447777,29283.7421875,-65754.31086697777,299.12307421586104,175.46181444000007,0.7418272261648158,104
181000,-94805.5795284768,28888.30859375,-65917.2709347268,295.0838598472406,175.46181444000007,0.7418272261648158,104
182000,-94941.46461453637,29114.068359375,-65827.39625516137,297.3899160437341,175.46181444000007,0.7418272261648158,104
183000,-95082.13250699242,29088.14453125,-65993.98797574242,297.12511330388816,175.46181444000007,0.7418272261648158,104
184000,-94801.7095486184,29048.16796875,-65753.5415798684,296.7167668502478,175.46181444000007,0.7418272261648158,104
185000,-94686.69756283959,29195.755859375,-65490.94170346459,298.22432497851287,175.46181444000007,0.7418272261648158,104
186000,-94600.71162381371,29308.076171875,-65292.63545193871,299.3716372638337,175.46181444000007,0.7418272261648158,104
187000,-94300.09440579613,29107.62109375,-65192.47331204613,297.324059504577,175.46181444000007,0.7418272261648158,104
188000,-95288.43928494652,29147.46484375,-66140.97444119652,297.731049325481,175.46181444000007,0.7418272261648158,104
189000,-95098.14168515404,29426.41796875,-65671.72371640404,300.5804568833627,175.46181444000007,0.7418272261648158,104
190000,-94848.911544468,29209.6484375,-65639.263106968,298.366232752831,175.46181444000007,0.7418272261648158,104
191000,-94675.98985257348,29176.919921875,-65499.069930698475,298.0319225357287,175.46181444000007,0.7418272261648158,104
192000,-94780.30529751976,29334.97265625,-65445.332641269764,299.64637534342523,175.46181444000007,0.7418272261648158,104
193000,-95503.50080838402,28927.52734375,-66575.97346463402,295.4844655140912,175.46181444000007,0.7418272261648158,104
194000,-95302.6234661599,29491.46875,-65811.1547161599,301.24492761743267,175.46181444000007,0.7418272261648158,104
195000,-94911.69551053246,29069.375,-65842.32051053246,296.93338917747207,175.46181444000007,0.7418272261648158,104
196000,-94711.66604581078,28847.318359375,-65864.34768643578,294.665159093745,175.46181444000007,0.7418272261648158,104
197000,-94947.49114194115,29365.45703125,-65582.03411069115,299.95776245737966,175.46181444000007,0.7418272261648158,104
198000,-94657.81274380883,29334.36328125,-65323.44946255883,299.6401507932232,175.46181444000007,0.7418272261648158,104
199000,-94986.59506192406,29393.4453125,-65593.14974942406,300.24365285608326,175.46181444000007,0.7418272261648158,104
200000,-94389.68280759057,29256.05078125,-65133.632026340565,298.84021629033276,175.46181444000007,0.7418272261648158,104
201000,-94851.70052304467,29686.0234375,-65165.67708554467,303.2322349723289,175.46181444000007,0.7418272261648158,104
202000,-95140.75192990502,29332.0859375,-65808.66599240502,299.61688853189116,175.46181444000007,0.7418272261648158,104
203000,-94584.27514615258,29295.505859375,-65288.76928677758,299.2432359654348,175.46181444000007,0.7418272261648158,104
204000,-95042.16678586205,29113.607421875,-65928.55936398705,297.3852077301197,175.46181444000007,0.7418272261648158,104
205000,-95192.21873440941,29151.6640625,-66040.55467190941,297.7739428605272,175.46181444000007,0.7418272261648158,104
206000,-94887.51983609398,29491.84375,-65395.67608609398,301.2487581098647,175.46181444000007,0.7418272261648158,104
207000,-94436.87087979515,29068.61328125,-65368.257598545155,296.9256084897195,175.46181444000007,0.7418272261648158,104
208000,-94816.56846585473,29271.544921875,-65545.02354397973,298.99848345941274,175.46181444000007,0.7418272261648158,104
209000,-95245.63098874291,29112.0234375,-66133.60755124291,297.36902788969064,175.46181444000007,0.7418272261648158,104
210000,-94684.9963833352,28717.404296875,-65967.5920864602,293.338132871821,175.46181444000007,0.7418272261648158,104
211000,-95392.0256649514,29241.59375,-66150.4319149514,298.6925428268852,175.46181444000007,0.7418272261648158,104
212000,-94641.37093320092,29952.412109375,-64688.95882382592,305.95330108325595,175.46181444000007,0.7418272261648158,104
213000,-95255.89179196557,29214.93359375,-66040.95819821557,298.420218755545,175.46181444000007,0.7418272261648158,104
214000,-94521.13319363793,29840.125,-64681.00819363793,304.8063279561192,175.46181444000007,0.7418272261648158,104
215000,-95018.7490231057,29189.8125,-65828.9365231057,298.16361566356136,175.46181444000007,0.7418272261648158,104
216000,-94949.55810513695,28929.31640625,-66020.24169888695,295.502740155069,175.46181444000007,0.7418272261648158,104
217000,-94948.75016751488,29402.9140625,-65545.83610501488,300.3403727899922,175.46181444000007,0.7418272261648158,104
218000,-95385.69576993187,29102.119140625,-66283.57662930687,297.2678589984257,175.46181444000007,0.7418272261648158,104
219000,-95527.98329892357,28953.890625,-66574.09267392357,295.7537571122559,175.46181444000007,0.7418272261648158,104
220000,-95019.92242398461,29127.708984375,-65892.21343960961,297.52925020594944,175.46181444000007,0.7418272261648158,104
221000,-95046.60388150414,29518.169921875,-65528.43395962914,301.51767064888253,175.46181444000007,0.7418272261648158,104
222000,-94812.3099972268,29302.7734375,-65509.536559726796,299.31747170678693,175.46181444000007,0.7418272261648158,104
223000,-94751.05806698998,29386.765625,-65364.29244198998,300.17542220963753,175.46181444000007,0.7418272261648158,104
224000,-95078.30001797875,29152.466796875,-65925.83322110375,297.7821425083896,175.46181444000007,0.7418272261648158,104
225000,-94912.75804105004,29309.95703125,-65602.80100980004,299.39084957743813,175.46181444000007,0.7418272261648158,104
226000,-95396.71105923851,29117.125,-66279.58605923851,297.4211385471515,175.46181444000007,0.7418272261648158,104
227000,-94785.04893079003,29187.615234375,-65597.43369641503,298.1411713719674,175.46181444000007,0.7418272261648158,104
228000,-94912.83810391625,29506.357421875,-65406.48068204125,301.39701013727336,175.46181444000007,0.7418272261648158,104
229000,-95111.61778226098,28896.703125,-66214.91465726098,295.1696070163703,175.46181444000007,0.7418272261648158,104
230000,-95113.15409054955,29005.96875,-66107.18534054955,296.2857167487551,175.46181444000007,0.7418272261648158,104
231000,-95080.96369900902,29513.20703125,-65567.75666775902,301.4669764756023,175.46181444000007,0.7418272261648158,104
232000,-95742.29963269432,29423.88671875,-66318.41291394432,300.55460105944644,175.46181444000007,0.7418272261648158,104
233000,-94956.84400906762,29399.203125,-65557.64088406762,300.3024668753002,175.46181444000007,0.7418272261648158,104
234000,-95388.46083035668,29262.490234375,-66125.97059598168,298.90599302756414,175.46181444000007,0.7418272261648158,104
235000,-95027.44940152367,29209.0390625,-65818.41033902367,298.36000820262893,175.46181444000007,0.7418272261648158,104
236000,-94712.72611966332,29464.806640625,-65247.91947903832,300.97258359561107,175.46181444000007,0.7418272261648158,104
237000,-95127.60873379906,29046.375,-66081.23373379906,296.6984523083071,175.46181444000007,0.7418272261648158,104
238000,-94852.56973233422,28893.17578125,-65959.39395108422,295.13357644693144,175.46181444000007,0.7418272261648158,104
239000,-94930.57887234887,29301.375,-65629.20387234887,299.3031871620924,175.46181444000007,0.7418272261648158,104
240000,-94773.06968655785,29324.25390625,-65448.81578030785,299.53688710140955,175.46181444000007,0.7418272261648158,104
241000,-95206.09323086937,29283.5625,-65922.53073086937,299.12123877157063,175.46181444000007,0.7418272261648158,104
242000,-95272.66625943383,29368.7578125,-65903.90844693383,299.99147877097414,175.46181444000007,0.7418272261648158,104
243000,-94796.09951749047,29874.982421875,-64921.11709561547,305.162384197966,175.46181444000007,0.7418272261648158,104
244000,-95014.99615445336,29400.6875,-65614.30865445336,300.3176292411769,175.46181444000007,0.7418272261648158,104
245000,-95180.30236020287,28676.373046875,-66503.92931332787,292.91901315821565,175.46181444000007,0.7418272261648158,104
246000,-95147.93550076683,29426.271484375,-65721.66401639183,300.5789605972564,175.46181444000007,0.7418272261648158,104
247000,-95717.76152005394,29001.291015625,-66716.47050442894,296.23793534576174,175.46181444000007,0.7418272261648158,104
248000,-95126.4312283059,29239.126953125,-65887.3042751809,298.6673453688557,175.46181444000007,0.7418272261648158,104
249000,-95385.43655362328,29434.2421875,-65951.19436612328,300.6603785119186,175.46181444000007,0.7418272261648158,104
250000,-94986.4596859475,29448.484375,-65537.9753109475,300.8058574224104,175.46181444000007,0.7418272261648158,104
251000,-95034.42902341088,29331.2890625,-65703.13996091088,299.60874873547306,175.46181444000007,0.7418272261648158,104
252000,-95270.1734158059,29009.80859375,-66260.3648220559,296.32493939522067,175.46181444000007,0.7418272261648158,104
253000,-95062.22651639183,28927.337890625,-66134.88862576683,295.48253031739375,175.46181444000007,0.7418272261648158,104
254000,-95356.70643582543,29038.798828125,-66317.90760770043,296.62106439089115,175.46181444000007,0.7418272261648158,104
255000,-94413.36675229271,29061.52734375,-65351.83940854271,296.8532281431391,175.46181444000007,0.7418272261648158,104
256000,-95116.03276028832,29426.87890625,-65689.15385403832,300.5851651969771,175.46181444000007,0.7418272261648158,104
257000,-94629.82550015648,29039.38671875,-65590.43878140648,296.62706948579756,175.46181444000007,0.7418272261648158,104
258000,-95008.13772549828,29320.0859375,-65688.05178799828,299.494312774066,175.46181444000007,0.7418272261648158,104
259000,-95204.40679898461,29444.953125,-65759.45367398461,300.7697869520087,175.46181444000007,0.7418272261648158,104
260000,-95070.52543606957,29265.23046875,-65805.29496731957,298.933983552992,175.46181444000007,0.7418272261648158,104
261000,-95143.79179349144,29178.021484375,-65965.77030911644,298.04317460724775,175.46181444000007,0.7418272261648158,104
262000,-94740.81881680687,29233.96484375,-65506.853973056874,298.6146162464709,175.46181444000007,0.7418272261648158,104
263000,-95541.38901486596,29449.109375,-66092.27963986596,300.81224157646375,175.46181444000007,0.7418272261648158,104
264000,-95132.71150937279,29495.62890625,-65637.08260312279,301.2874221428505,175.46181444000007,0.7418272261648158,104
265000,-95420.489127781,28999.41015625,-66421.078971531,296.2187230321573,175.46181444000007,0.7418272261648158,104
266000,-95612.79167142113,29761.701171875,-65851.09049954613,304.00525627578804,175.46181444000007,0.7418272261648158,104
267000,-94761.50911679467,28946.4453125,-65815.06380429467,295.67770587709487,175.46181444000007,0.7418272261648158,104
268000,-95256.17430081566,29510.06640625,-65746.10789456566,301.434896101484,175.46181444000007,0.7418272261648158,104
269000,-94988.65533414086,29443.515625,-65545.13970914086,300.7551033976859,175.46181444000007,0.7418272261648158,104
270000,-95048.83364834984,29449.84765625,-65598.98599209984,300.81978285843934,175.46181444000007,0.7418272261648158,104
271000,-94751.59980740746,29184.9765625,-65566.62324490746,298.1142182715732,175.46181444000007,0.7418272261648158,104
272000,-95352.25743069848,28971.9453125,-66380.31211819848,295.9381793624734,175.46181444000007,0.7418272261648158,104
273000,-94951.36883511742,29198.38671875,-65752.98211636742,298.25119827698137,175.46181444000007,0.7418272261648158,104
274000,-95262.97178616723,29273.66015625,-65989.31162991723,299.0200898307872,175.46181444000007,0.7418272261648158,104
275000,-95074.85935940941,28993.259765625,-66081.59959378441,296.1558989661756,175.46181444000007,0.7418272261648158,104
276000,-94913.42193570336,29225.31640625,-65688.10552945336,298.52627551475706,175.46181444000007,0.7418272261648158,104
277000,-95596.69881406029,29121.763671875,-66474.93514218529,297.4685209405165,175.46181444000007,0.7418272261648158,104
278000,-95417.99848141869,29199.587890625,-66218.41059079369,298.26346782305274,175.46181444000007,0.7418272261648158,104
279000,-95526.36261716088,29008.35546875,-66518.00714841088,296.31009623704654,175.46181444000007,0.7418272261648158,104
280000,-95355.20608487328,29411.259765625,-65943.94631924828,300.42562119708646,175.46181444000007,0.7418272261648158,104
281000,-95478.46476712426,28697.93359375,-66780.53117337426,293.1392465225764,175.46181444000007,0.7418272261648158,104
282000,-95370.67935147484,28920.076171875,-66450.60317959984,295.40835442748585,175.46181444000007,0.7418272261648158,104
283000,-95450.2952000161,29186.68359375,-66263.6116062661,298.13165499233156,175.46181444000007,0.7418272261648158,104
284000,-95642.75109830101,29107.625,-66535.12609830101,297.32409940553987,175.46181444000007,0.7418272261648158,104
285000,-95217.17688718041,28994.103515625,-66223.07337155541,296.1645175741477,175.46181444000007,0.7418272261648158,104
286000,-95548.79286923607,29491.359375,-66057.43349423607,301.2438103904733,175.46181444000007,0.7418272261648158,104
287000,-95327.56496396264,29008.25390625,-66319.31105771264,296.30905881201284,175.46181444000007,0.7418272261648158,104
288000,-95298.14585843285,29065.35546875,-66232.79038968285,296.8923310867162,175.46181444000007,0.7418272261648158,104
289000,-95417.24131741723,29404.34765625,-66012.89366116723,300.35501644335216,175.46181444000007,0.7418272261648158,104
290000,-95390.272872593,28993.50390625,-66396.768966343,296.1583927763527,175.46181444000007,0.7418272261648158,104
291000,-95291.35402264794,29129.7265625,-66161.62746014794,297.54985905325304,175.46181444000007,0.7418272261648158,104
292000,-95369.15752377709,29221.69921875,-66147.45830502709,298.489327223173,175.46181444000007,0.7418272261648158,104
293000,-95224.02151456078,28838.828125,-66385.19338956078,294.57843435102586,175.46181444000007,0.7418272261648158,104
294000,-95269.47315945824,29202.076171875,-66067.39698758324,298.28888473637784,175.46181444000007,0.7418272261648158,104
295000,-95329.59910550316,29419.56640625,-65910.03269925316,300.5104705945523,175.46181444000007,0.7418272261648158,104
296000,-95928.28092923363,29258.03125,-66670.24967923363,298.8604460784895,175.46181444000007,0.7418272261648158,104
297000,-95428.58303799828,29178.484375,-66250.09866299828,298.0479028713436,175.46181444000007,0.7418272261648158,104
298000,-95326.1427151223,29229.841796875,-66096.3009182473,298.5725007801999,175.46181444000007,0.7418272261648158,104
299000,-95281.94111600121,29205.521484375,-66076.41963162621,298.3240773855972,175.46181444000007,0.7418272261648158,104
300000,-94909.18511929711,29583.17578125,-65326.00933804711,302.1816825218799,175.46181444000007,0.7418272261648158,104
301000,-95103.8162685891,29115.275390625,-65988.5408779641,297.4022454412497,175.46181444000007,0.7418272261648158,104
302000,-94885.25361600121,29534.47265625,-65350.78095975121,301.6841973172691,175.46181444000007,0.7418272261648158,104
303000,-95450.27687039574,29428.3515625,-66021.92530789574,300.6002078599654,175.46181444000007,0.7418272261648158,104
304000,-95017.45873990258,29000.61328125,-66016.84545865258,296.2310125287101,175.46181444000007,0.7418272261648158,104
305000,-95498.54763760765,28557.46875,-66941.07888760765,291.7044478000386,175.46181444000007,0.7418272261648158,104
306000,-95431.19222989281,29179.3828125,-66251.80941739281,298.05708009279533,175.46181444000007,0.7418272261648158,104
307000,-95645.79214444359,28834.27734375,-66811.51480069359,294.53194972932454,175.46181444000007,0.7418272261648158,104
308000,-95210.28019681176,29732.8359375,-65477.44425931176,303.71040811092826,175.46181444000007,0.7418272261648158,104
309000,-95255.26363339623,29290.83984375,-65964.42378964623,299.19557426532987,175.46181444000007,0.7418272261648158,104
310000,-95222.60786404808,29372.96484375,-65849.64302029808,300.03445210794604,175.46181444000007,0.7418272261648158,104
311000,-95054.84457364281,28929.953125,-66124.89144864281,295.5092440120109,175.46181444000007,0.7418272261648158,104
312000,-95412.69033780297,28973.79296875,-66438.89736905297,295.95705251789377,175.46181444000007,0.7418272261648158,104
313000,-95354.5750500222,29648.14453125,-65706.4305187722,302.84531533573033,175.46181444000007,0.7418272261648158,104
314000,-95028.45643582543,29103.79296875,-65924.66346707543,297.284956561,175.46181444000007,0.7418272261648158,104
315000,-95268.41095700463,29124.912109375,-66143.49884762963,297.50068111656054,175.46181444000007,0.7418272261648158,104
316000,-95740.35344662865,29703.6796875,-66036.67375912865,303.4125873243373,175.46181444000007,0.7418272261648158,104
317000,-95151.98600735863,29568.73828125,-65583.24772610863,302.03420856324647,175.46181444000007,0.7418272261648158,104
318000,-95365.21230282982,29696.21484375,-65668.99745907982,303.33633658436213,175.46181444000007,0.7418272261648158,104
319000,-95745.86658444603,29085.6328125,-66660.23377194603,297.099456984786,175.46181444000007,0.7418272261648158,104
320000,-95537.5390621682,29456.98046875,-66080.5585934182,300.89264201657375,175.46181444000007,0.7418272261648158,104
321000,-95245.6536022683,29501.39453125,-65744.2590710183,301.34631596399316,175.46181444000007,0.7418272261648158,104
322000,-95736.25939908226,29281.166015625,-66455.09338345726,299.0967595308722,175.46181444000007,0.7418272261648158,104
323000,-95536.53707089623,29445.35546875,-66091.18160214623,300.77389675118053,175.46181444000007,0.7418272261648158,104
324000,-95650.08712353905,29043.529296875,-66606.55782666405,296.66938445688277,175.46181444000007,0.7418272261648158,104
325000,-95089.56894650658,29359.361328125,-65730.20761838158,299.8954970048776,175.46181444000007,0.7418272261648158,104
326000,-95504.97984280785,29116.025390625,-66388.95445218285,297.4099064261138,175.46181444000007,0.7418272261648158,104
327000,-95628.19417538842,29190.234375,-66437.95980038842,298.1679249675474,175.46181444000007,0.7418272261648158,104
328000,-95272.49715390404,29003.025390625,-66269.47176327904,296.2556513732599,175.46181444000007,0.7418272261648158,104
329000,-95583.22082486351,29776.6328125,-65806.58801236351,304.1577777062199,175.46181444000007,0.7418272261648158,104
330000,-95221.12818875512,29023.314453125,-66197.81373563012,296.4628969742182,175.46181444000007,0.7418272261648158,104
331000,-95133.48780789574,29530.275390625,-65603.21241727074,301.6413237327042,175.46181444000007,0.7418272261648158,104
332000,-95112.91165509423,28994.21484375,-66118.69681134423,296.1656547515885,175.46181444000007,0.7418272261648158,104
333000,-95260.74307217797,29685.748046875,-65574.99502530297,303.2294219544492,175.46181444000007,0.7418272261648158,104
334000,-95192.37117734154,29150.8359375,-66041.53523984154,297.7654838564065,175.46181444000007,0.7418272261648158,104
335000,-95391.08187833031,29066.84765625,-66324.23422208031,296.90757325451864,175.46181444000007,0.7418272261648158,104
336000,-95311.21591534813,28937.673828125,-66373.54208722313,295.5881082650518,175.46181444000007,0.7418272261648158,104
337000,-95378.1312862893,29231.05078125,-66147.0805050393,298.584850128197,175.46181444000007,0.7418272261648158,104
338000,-95177.82453885277,29411.109375,-65766.71516385277,300.42408501001734,175.46181444000007,0.7418272261648158,104
339000,-95391.76899686058,29134.0078125,-66257.76118436058,297.5935905085188,175.46181444000007,0.7418272261648158,104
340000,-95365.28901639183,29289.6171875,-66075.67182889183,299.18308526396294,175.46181444000007,0.7418272261648158,104
341000,-95823.78630032738,29637.509765625,-66186.27653470238,302.7366849644156,175.46181444000007,0.7418272261648158,104
342000,-95255.48393407067,28889.369140625,-66366.11479344567,295.09469295865,175.46181444000007,0.7418272261648158,104
343000,-95090.1117550393,28670.849609375,-66419.2621456643,292.8625931967688,175.46181444000007,0.7418272261648158,104
344000,-95562.69627347191,29183.14453125,-66379.55174222191,298.09550472000416,175.46181444000007,0.7418272261648158,104
345000,-95344.31253781517,28973.732421875,-66370.58011594017,295.9564340529698,175.46181444000007,0.7418272261648158,104
346000,-94944.19580044945,29018.416015625,-65925.77978482445,296.41286116682477,175.46181444000007,0.7418272261648158,104
347000,-95312.17636075219,29114.74609375,-66197.43026700219,297.39683886078575,175.46181444000007,0.7418272261648158,104
348000,-95579.07288327416,29771.08984375,-65807.98303952416,304.10115823995886,175.46181444000007,0.7418272261648158,104
349000,-94948.9112698098,29314.857421875,-65634.0538479348,299.44090533531306,175.46181444000007,0.7418272261648158,104
350000,-95154.17365994652,28790.333984375,-66363.83967557152,294.0830838479266,175.46181444000007,0.7418272261648158,104
351000,-95444.61360135277,29495.5234375,-65949.09016385277,301.28634481685407,175.46181444000007,0.7418272261648158,104
352000,-95653.91729703148,29171.20703125,-66482.71026578148,297.97356737758435,175.46181444000007,0.7418272261648158,104
353000,-95243.71656766137,29041.1875,-66202.52906766137,296.6454638296639,175.46181444000007,0.7418272261648158,104
354000,-95686.17902341088,29194.21484375,-66491.96417966088,298.20858404867494,175.46181444000007,0.7418272261648158,104
355000,-95080.68384518822,29152.83203125,-65927.85181393822,297.78587324841453,175.46181444000007,0.7418272261648158,104
356000,-95618.68241086205,28947.0390625,-66671.64334836205,295.6837708234456,175.46181444000007,0.7418272261648158,104
357000,-95585.39576688012,29043.71484375,-66541.68092313012,296.67127975261735,175.46181444000007,0.7418272261648158,104
358000,-96105.01197781762,29232.828125,-66872.18385281762,298.6030050662863,175.46181444000007,0.7418272261648158,104
359000,-95577.91542782982,29477.4765625,-66100.43886532982,301.1020023685623,175.46181444000007,0.7418272261648158,104
360000,-94948.56397214135,29202.59375,-65745.97022214135,298.29417161395327,175.46181444000007,0.7418272261648158,104
361000,-95172.3516994973,29452.40234375,-65719.9493557473,300.8458780881326,175.46181444000007,0.7418272261648158,104
362000,-95203.19586148461,29099.390625,-66103.80523648461,297.23998817588637,175.46181444000007,0.7418272261648158,104
363000,-95122.69873776635,29262.26171875,-65860.43701901635,298.90365882123837,175.46181444000007,0.7418272261648158,104
364000,-95494.55848660668,28972.302734375,-66522.25575223168,295.9418303005727,175.46181444000007,0.7418272261648158,104
365000,-95524.00984158715,29182.3359375,-66341.67390408715,298.08724522069764,175.46181444000007,0.7418272261648158,104
366000,-95275.17165341576,29411.375,-65863.79665341576,300.42679827549,175.46181444000007,0.7418272261648158,104
367000,-95305.00849881371,29559.744140625,-65745.26435818871,301.94233659632187,175.46181444000007,0.7418272261648158,104
368000,-95163.37803616723,28995.9375,-66167.44053616723,296.18325107619813,175.46181444000007,0.7418272261648158,104
369000,-95427.5253826638,29141.6796875,-66285.8456951638,297.67195599952424,175.46181444000007,0.7418272261648158,104
370000,-94995.06736722191,29100.306640625,-65894.76072659691,297.2493449516709,175.46181444000007,0.7418272261648158,104
371000,-94950.99551358422,29085.16015625,-65865.83535733422,297.09462896828313,175.46181444000007,0.7418272261648158,104
372000,-95270.26609769066,29529.93359375,-65740.33250394066,301.63783239845634,175.46181444000007,0.7418272261648158,104
373000,-95133.69593014916,28946.6171875,-66187.07874264916,295.67946151945955,175.46181444000007,0.7418272261648158,104
374000,-95291.31428494652,29251.22265625,-66040.09162869652,298.7908987002703,175.46181444000007,0.7418272261648158,104
375000,-94960.86516537865,29214.88671875,-65745.97844662865,298.41973994399103,175.46181444000007,0.7418272261648158,104
376000,-95663.2371670266,29011.02734375,-66652.2098232766,296.3373884956248,175.46181444000007,0.7418272261648158,104
377000,-95527.03854336937,29218.80078125,-66308.23776211937,298.4597207087504,175.46181444000007,0.7418272261648158,104
378000,-96098.40203061303,29115.37109375,-66983.03093686303,297.4032230148391,175.46181444000007,0.7418272261648158,104
379000,-95700.07759823998,28941.0234375,-66759.05416073998,295.62232334068165,175.46181444000007,0.7418272261648158,104
380000,-95843.18574490746,29223.38671875,-66619.79902615746,298.5065644391172,175.46181444000007,0.7418272261648158,104
381000,-95642.67440762719,29340.2109375,-66302.46347012719,299.6998825345853,175.46181444000007,0.7418272261648158,104
382000,-95380.40468564232,28929.66015625,-66450.74452939232,295.50625143979835,175.46181444000007,0.7418272261648158,104
383000,-95586.71672787865,29006.0078125,-66580.70891537865,296.2861157583834,175.46181444000007,0.7418272261648158,104
384000,-95649.50273862084,28756.3359375,-66893.16680112084,293.7358058179033,175.46181444000007,0.7418272261648158,104
385000,-95231.35883298119,29391.83203125,-65839.52680173119,300.22717375843297,175.46181444000007,0.7418272261648158,104
386000,-95614.48933377465,29391.70703125,-66222.78230252465,300.2258969276223,175.46181444000007,0.7418272261648158,104
387000,-95364.11066403588,28961.88671875,-66402.22394528588,295.83543438317656,175.46181444000007,0.7418272261648158,104
388000,-96126.82596554955,29339.7890625,-66787.03690304955,299.6955732305993,175.46181444000007,0.7418272261648158,104
389000,-95072.8856045266,29368.76171875,-65704.1238857766,299.99151867193694,175.46181444000007,0.7418272261648158,104
390000,-95473.9439236184,29426.40625,-66047.5376736184,300.58033718047415,175.46181444000007,0.7418272261648158,104
391000,-95394.44148221215,28887.6796875,-66506.76179471215,295.0774357922244,175.46181444000007,0.7418272261648158,104
392000,-95336.17373624047,29378.83203125,-65957.34170499047,300.09438335412233,175.46181444000007,0.7418272261648158,104
393000,-95024.95111050805,29077.08984375,-65947.86126675805,297.01219357906865,175.46181444000007,0.7418272261648158,104
394000,-94895.75219693383,29344.201171875,-65551.55102505883,299.74064136811995,175.46181444000007,0.7418272261648158,104
395000,-95253.58462872704,29184.26953125,-66069.31509747704,298.1069961973003,175.46181444000007,0.7418272261648158,104
396000,-95918.9401470681,29087.27734375,-66831.6628033181,297.116255290139,175.46181444000007,0.7418272261648158,104
397000,-95466.66860928734,29140.1171875,-66326.55142178734,297.65599561439075,175.46181444000007,0.7418272261648158,104
398000,-94680.28353085717,29104.150390625,-65576.13314023217,297.2886074990993,175.46181444000007,0.7418272261648158,104
399000,-95259.51808133324,28872.765625,-66386.75245633324,294.9250939161252,175.46181444000007,0.7418272261648158,104
400000,-95616.83219876488,29035.525390625,-66581.30680813988,296.58762738403647,175.46181444000007,0.7418272261648158,104
401000,-95554.42431607445,29279.6640625,-66274.76025357445,299.0814176106626,175.46181444000007,0.7418272261648158,104
402000,-95509.70139279564,28950.41796875,-66559.28342404564,295.71828515629676,175.46181444000007,0.7418272261648158,104
403000,-96077.48878445824,28852.83203125,-67224.65675320824,294.72147930278476,175.46181444000007,0.7418272261648158,104
404000,-95457.99839749535,29030.359375,-66427.63902249535,296.5348583606889,175.46181444000007,0.7418272261648158,104
405000,-95088.96684231957,29699.0625,-65389.90434231957,303.3654243862679,175.46181444000007,0.7418272261648158,104
406000,-95156.82949414452,29779.712890625,-65377.11660351952,304.18923961541435,175.46181444000007,0.7418272261648158,104
407000,-95337.6176144143,29079.47265625,-66258.1449581643,297.03653316639725,175.46181444000007,0.7418272261648158,104
408000,-95345.41033902367,29157.392578125,-66188.01776089867,297.8324576225229,175.46181444000007,0.7418272261648158,104
409000,-95350.73300137719,29216.810546875,-66133.92245450219,298.4393911681866,175.46181444000007,0.7418272261648158,104
410000,-94988.14892544945,29493.26171875,-65494.88720669945,301.26324215937336,175.46181444000007,0.7418272261648158,104
411000,-95333.22463193139,28782.62890625,-66550.59572568139,294.0043791987371,175.46181444000007,0.7418272261648158,104
412000,-95148.01647916039,28790.1953125,-66357.82116666039,294.081667363746,175.46181444000007,0.7418272261648158,104
413000,-95776.27555813988,29248.412109375,-66527.86344876488,298.7621899575114,175.46181444000007,0.7418272261648158,104
414000,-95048.80679288109,28773.9375,-66274.86929288109,293.9155995564321,175.46181444000007,0.7418272261648158,104
415000,-95448.83908047875,28888.607421875,-66560.23165860375,295.0869122708974,175.46181444000007,0.7418272261648158,104
416000,-95030.9169918557,29489.2421875,-65541.6748043557,301.22218406861737,175.46181444000007,0.7418272261648158,104
417000,-94955.72352566918,29201.63671875,-65754.08680691918,298.28439587805906,175.46181444000007,0.7418272261648158,104
418000,-94662.33923306664,29170.865234375,-65491.47399869164,297.9700760433364,175.46181444000007,0.7418272261648158,104
419000,-94952.98282590111,29382.06640625,-65570.91641965111,300.12742135134863,175.46181444000007,0.7418272261648158,104
420000,-95046.5862270852,28942.99609375,-66103.5901333352,295.6424733269127,175.46181444000007,0.7418272261648158,104
421000,-95641.02213254174,28831.544921875,-66809.47721066674,294.5040390058224,175.46181444000007,0.7418272261648158,104
422000,-95473.04362454613,29287.994140625,-66185.04948392113,299.1665064139055,175.46181444000007,0.7418272261648158,104
423000,-95527.19316067894,29304.86328125,-66222.32987942894,299.33881872190295,175.46181444000007,0.7418272261648158,104
424000,-95211.59108700951,29076.5,-66135.09108700951,297.0061685336808,175.46181444000007,0.7418272261648158,104
425000,-95267.56748929223,29646.609375,-65620.95811429223,302.82963425733675,175.46181444000007,0.7418272261648158,104
426000,-95530.21356167992,28670.33984375,-66859.87371792992,292.85738612111896,175.46181444000007,0.7418272261648158,104
427000,-95132.29442563256,28838.9921875,-66293.30223813256,294.5801101914648,175.46181444000007,0.7418272261648158,104
428000,-95374.67340054711,29128.515625,-66246.15777554711,297.53748975477464,175.46181444000007,0.7418272261648158,104
429000,-95322.0842701455,29391.1171875,-65930.9670826455,300.2198718822344,175.46181444000007,0.7418272261648158,104
430000,-95030.75500455101,28997.9921875,-66032.76281705101,296.20423898264863,175.46181444000007,0.7418272261648158,104
431000,-95552.53091397484,29438.0625,-66114.46841397484,300.69940165357,175.46181444000007,0.7418272261648158,104
432000,-95407.5307003518,29308.453125,-66099.0775753518,299.37548770674715,175.46181444000007,0.7418272261648158,104
433000,-95361.46383633812,29268.12109375,-66093.34274258812,298.96351026548894,175.46181444000007,0.7418272261648158,104
434000,-95229.51000943383,29676.521484375,-65552.98852505883,303.1351758802359,175.46181444000007,0.7418272261648158,104
435000,-95636.84186520775,29620.529296875,-66016.31256833275,302.56323547897733,175.46181444000007,0.7418272261648158,104
436000,-95449.01429715355,29368.84375,-66080.17054715355,299.99235659215645,175.46181444000007,0.7418272261648158,104
437000,-95579.70043912133,28868.978515625,-66710.72192349633,294.8864099326579,175.46181444000007,0.7418272261648158,104
438000,-95437.96418729027,29172.859375,-66265.10481229027,297.990445484863,175.46181444000007,0.7418272261648158,104
439000,-95571.78712430199,29017.0859375,-66554.70118680199,296.3992748889799,175.46181444000007,0.7418272261648158,104
440000,-95721.0604092141,29135.31640625,-66585.7440029641,297.60695733106814,175.46181444000007,0.7418272261648158,104
441000,-95370.0159145852,28867.587890625,-66502.4280239602,294.87220518988914,175.46181444000007,0.7418272261648158,104
442000,-96056.30227627953,30078.9609375,-65977.34133877953,307.24595262569864,175.46181444000007,0.7418272261648158,104
443000,-95313.32634701928,29384.05078125,-65929.27556576928,300.14769104046815,175.46181444000007,0.7418272261648158,104
444000,-95190.86740079125,29390.50390625,-65800.36349454125,300.2136074310695,175.46181444000007,0.7418272261648158,104
445000,-95007.89361539086,29084.171875,-65923.72174039086,297.0845340246862,175.46181444000007,0.7418272261648158,104
446000,-95512.55414548119,28973.419921875,-66539.13422360619,295.9532419759431,175.46181444000007,0.7418272261648158,104
447000,-95709.6541515847,29081.9296875,-66627.7244640847,297.06163087201963,175.46181444000007,0.7418272261648158,104
448000,-95269.5599972268,28742.7109375,-66526.8490597268,293.5966312595393,175.46181444000007,0.7418272261648158,104
449000,-95026.27449002465,28558.615234375,-66467.65925564965,291.7161587326303,175.46181444000007,0.7418272261648158,104
450000,-95029.90173306664,28555.9140625,-66473.98767056664,291.6885672168308,175.46181444000007,0.7418272261648158,104
451000,-95192.94000210961,29035.869140625,-66157.07086148461,296.59113866876584,175.46181444000007,0.7418272261648158,104
452000,-95724.91111722191,29380.45703125,-66344.45408597191,300.11098215466114,175.46181444000007,0.7418272261648158,104
453000,-94878.44241299828,28649.2578125,-66229.18460049828,292.6420406247054,175.46181444000007,0.7418272261648158,104
454000,-95466.36601224144,29318.1640625,-66148.20194974144,299.4746815003518,175.46181444000007,0.7418272261648158,104
455000,-95164.17808499535,28971.38671875,-66192.79136624535,295.9324735247882,175.46181444000007,0.7418272261648158,104
456000,-95269.5276333352,29067.1171875,-66202.4104458352,296.91032642095416,175.46181444000007,0.7418272261648158,104
457000,-95253.96800198754,29264.501953125,-65989.46604886254,298.9265420234235,175.46181444000007,0.7418272261648158,104
458000,-95500.16541257103,28991.57421875,-66508.59119382103,296.1386817007128,175.46181444000007,0.7418272261648158,104
459000,-95655.03788724144,29241.83203125,-66413.20585599144,298.694976785618,175.46181444000007,0.7418272261648158,104
460000,-95359.38218655785,28848.564453125,-66510.81773343285,294.6778875008889,175.46181444000007,0.7418272261648158,104
461000,-95437.17902341088,29294.517578125,-66142.66144528588,299.23314102183787,175.46181444000007,0.7418272261648158,104
462000,-95303.24713864525,29193.537109375,-66109.71002927025,298.20166123162335,175.46181444000007,0.7418272261648158,104
463000,-95246.38145413598,29096.982421875,-66149.39903226098,297.2153892322994,175.46181444000007,0.7418272261648158,104
464000,-95379.97811474999,29594.203125,-65785.77498974999,302.2943229399595,175.46181444000007,0.7418272261648158,104
465000,-94639.6410442849,29179.21875,-65460.4222942849,298.0554042523563,175.46181444000007,0.7418272261648158,104
466000,-95415.7261501809,29186.767578125,-66228.9585720559,298.1325128630325,175.46181444000007,0.7418272261648158,104
467000,-94905.5683590432,28946.6953125,-65958.8730465432,295.68025953871626,175.46181444000007,0.7418272261648158,104
468000,-95379.95923581322,28863.1484375,-66516.81079831322,294.8268577456286,175.46181444000007,0.7418272261648158,104
469000,-95331.4320599099,29359.59375,-65971.8383099099,299.89787111216623,175.46181444000007,0.7418272261648158,104
470000,-94870.67987790307,29473.16015625,-65397.519721653065,301.057911804631,175.46181444000007,0.7418272261648158,104
471000,-94924.9772640725,28834.208984375,-66090.7682796975,294.531251462475,175.46181444000007,0.7418272261648158,104
472000,-95370.29987302025,29017.7890625,-66352.51081052025,296.40645706229,175.46181444000007,0.7418272261648158,104
473000,-94744.92496457299,29616.201171875,-65128.72379269799,302.5190252121576,175.46181444000007,0.7418272261648158,104
474000,-95308.88433804711,29411.5625,-65897.32183804711,300.428713521706,175.46181444000007,0.7418272261648158,104
475000,-95699.2274014016,29260.4375,-66438.7899014016,298.885025071595,175.46181444000007,0.7418272261648158,104
476000,-94672.29650845726,28896.21875,-65776.07775845726,295.16465929697887,175.46181444000007,0.7418272261648158,104
477000,-95176.27697720726,29511.318359375,-65664.95861783226,301.4476843600722,175.46181444000007,0.7418272261648158,104
478000,-95485.87124600609,29192.27734375,-66293.59390225609,298.18879317110947,175.46181444000007,0.7418272261648158,104
479000,-95068.02171292504,29390.25390625,-65677.76780667504,300.21105376944814,175.46181444000007,0.7418272261648158,104
480000,-95162.84204068383,28787.755859375,-66375.08618130883,294.0567492124564,175.46181444000007,0.7418272261648158,104
481000,-95243.65327420433,29020.77734375,-66222.87593045433,296.43698129885775,175.46181444000007,0.7418272261648158,104
482000,-95342.6282040139,29574.734375,-65767.8938290139,302.09545654119626,175.46181444000007,0.7418272261648158,104
483000,-95081.59462704857,29211.8359375,-65869.75868954857,298.3885772920179,175.46181444000007,0.7418272261648158,104
484000,-95733.27008023461,28833.30078125,-66899.96929898461,294.5219744886162,175.46181444000007,0.7418272261648158,104
485000,-95470.97919812401,28748.97265625,-66722.00654187401,293.6605925029618,175.46181444000007,0.7418272261648158,104
486000,-95338.57985654076,29000.767578125,-66337.81227841576,296.232588616742,175.46181444000007,0.7418272261648158,104
487000,-95800.82531705101,29543.0,-66257.82531705101,301.7713011191351,175.46181444000007,0.7418272261648158,104
488000,-95294.04942288598,29085.5234375,-66208.52598538598,297.0983397578267,175.46181444000007,0.7418272261648158,104
489000,-95368.02914395531,28855.88671875,-66512.14242520531,294.7526818557207,175.46181444000007,0.7418272261648158,104
490000,-95017.77068295678,28929.09375,-66088.67693295678,295.50046580018744,175.46181444000007,0.7418272261648158,104
491000,-95751.11187710961,29316.6796875,-66434.43218960961,299.45951913447493,175.46181444000007,0.7418272261648158,104
492000,-95183.05406155785,29764.29296875,-65418.76109280785,304.0317305646282,175.46181444000007,0.7418272261648158,104
493000,-95055.74753537377,29729.15234375,-65326.59519162377,303.6727815029761,175.46181444000007,0.7418272261648158,104
494000,-95477.23054471215,29211.55078125,-66265.67976346215,298.38566452173103,175.46181444000007,0.7418272261648158,104
495000,-95305.91612210473,29007.673828125,-66298.24229397973,296.30313351903203,175.46181444000007,0.7418272261648158,104
496000,-95675.16157498558,29092.08203125,-66583.07954373558,297.1653334744245,175.46181444000007,0.7418272261648158,104
497000,-95737.63313260277,29132.748046875,-66604.88508572777,297.5807224480049,175.46181444000007,0.7418272261648158,104
498000,-95312.69445767601,29374.044921875,-65938.64953580101,300.04548472416957,175.46181444000007,0.7418272261648158,104
499000,-94894.77838864525,29421.08984375,-65473.68854489525,300.5260319700575,175.46181444000007,0.7418272261648158,104
500000,-95621.91708340844,29334.4375,-66287.47958340844,299.64090891151704,175.46181444000007,0.7418272261648158,104
501000,-95449.82651486596,29100.81640625,-66349.01010861596,297.2545520273207,175.46181444000007,0.7418272261648158,104
502000,-95179.40742459496,29393.53515625,-65785.87226834496,300.2445705782284,175.46181444000007,0.7418272261648158,104
503000,-95647.40674939354,29085.0703125,-66562.33643689354,297.09371124613796,175.46181444000007,0.7418272261648158,104
504000,-95371.63445248803,29022.453125,-66349.18132748803,296.4540988119134,175.46181444000007,0.7418272261648158,104
505000,-95294.30857053002,29941.552734375,-65352.75583615502,305.84237640657824,175.46181444000007,0.7418272261648158,104
506000,-95001.61753049096,29312.046875,-65689.57065549096,299.4121965925542,175.46181444000007,0.7418272261648158,104
507000,-95636.06742825707,29445.271484375,-66190.79594388207,300.77303888047965,175.46181444000007,0.7418272261648158,104
508000,-94923.20153775414,29417.015625,-65506.18591275414,300.48441526582195,175.46181444000007,0.7418272261648158,104
509000,-95311.84097256859,28977.9296875,-66333.91128506859,295.9993076375347,175.46181444000007,0.7418272261648158,104
510000,-94636.60838284691,29409.28515625,-65227.32322659691,300.405451260374,175.46181444000007,0.7418272261648158,104
511000,-95647.22602048119,29127.310546875,-66519.91547360619,297.5251803077404,175.46181444000007,0.7418272261648158,104
512000,-95797.8081738015,29417.716796875,-66380.0913769265,300.4915774886506,175.46181444000007,0.7418272261648158,104
513000,-95402.63220181664,28737.3203125,-66665.31188931664,293.5415679308288,175.46181444000007,0.7418272261648158,104
514000,-95107.46231045922,29560.52734375,-65546.93496670922,301.95033673937,175.46181444000007,0.7418272261648158,104
515000,-94909.78054013451,29886.974609375,-65022.80593075951,305.28488015386546,175.46181444000007,0.7418272261648158,104
516000,-95286.9718128701,29210.744140625,-66076.2276722451,298.3774249729059,175.46181444000007,0.7418272261648158,104
517000,-95598.88481106957,28843.55859375,-66755.32621731957,294.62675441701754,175.46181444000007,0.7418272261648158,104
518000,-95744.68751492699,29209.85546875,-66534.83204617699,298.36834750386123,175.46181444000007,0.7418272261648158,104
519000,-95258.93992963036,29035.9609375,-66222.97899213036,296.59207634139244,175.46181444000007,0.7418272261648158,104
520000,-95393.69530072411,28838.3046875,-66555.39061322411,294.57308762200614,175.46181444000007,0.7418272261648158,104
521000,-95641.64660611351,29416.513671875,-66225.13293423851,300.4792879920978,175.46181444000007,0.7418272261648158,104
522000,-95470.45149960717,28869.3125,-66601.13899960717,294.88982146498023,175.46181444000007,0.7418272261648158,104
523000,-95070.1643368264,28666.23828125,-66403.9260555764,292.81549011014357,175.46181444000007,0.7418272261648158,104
524000,-95615.06895032128,29628.31640625,-65986.75254407128,302.6427780483864,175.46181444000007,0.7418272261648158,104
525000,-95447.56199612816,29161.8984375,-66285.66355862816,297.8784833831516,175.46181444000007,0.7418272261648158,104
526000,-95305.57911648949,29022.76171875,-66282.81739773949,296.45725098797726,175.46181444000007,0.7418272261648158,104
527000,-95483.80585446557,29277.78125,-66206.02460446557,299.06218534657677,175.46181444000007,0.7418272261648158,104
528000,-95203.84510007103,29352.2890625,-65851.55603757103,299.8232563116672,175.46181444000007,0.7418272261648158,104
529000,-95163.20624509057,28946.8671875,-66216.33905759057,295.6820151810809,175.46181444000007,0.7418272261648158,104
530000,-94890.67984738549,29115.486328125,-65775.19351926049,297.40440009324277,175.46181444000007,0.7418272261648158,104
531000,-95134.94803586205,29299.2265625,-65835.72147336205,299.28124163253386,175.46181444000007,0.7418272261648158,104
532000,-95117.72657742699,28889.904296875,-66227.82228055199,295.1001593905582,175.46181444000007,0.7418272261648158,104
533000,-95634.8832394143,29140.244140625,-66494.6390987893,297.6572923956828,175.46181444000007,0.7418272261648158,104
534000,-95015.94302334984,29125.900390625,-65890.04263272484,297.5107760601574,175.46181444000007,0.7418272261648158,104
535000,-95152.97199216088,29034.380859375,-66118.59113278588,296.5759364019262,175.46181444000007,0.7418272261648158,104
536000,-95485.09092679223,29108.8828125,-66376.20811429223,297.3369475155723,175.46181444000007,0.7418272261648158,104
537000,-95330.28512540062,29637.80078125,-65692.48434415062,302.7396575861467,175.46181444000007,0.7418272261648158,104
538000,-94715.74704709252,28713.236328125,-66002.51071896752,293.2955585444775,175.46181444000007,0.7418272261648158,104
539000,-95232.81301846703,29512.75390625,-65720.05911221703,301.4623479639136,175.46181444000007,0.7418272261648158,104
540000,-95384.09606137474,29335.20703125,-66048.88903012474,299.6487694011953,175.46181444000007,0.7418272261648158,104
541000,-95564.91668667992,29196.984375,-66367.93231167992,298.2368738313241,175.46181444000007,0.7418272261648158,104
542000,-95215.9928890725,28889.04296875,-66326.9499203225,295.09136122825333,175.46181444000007,0.7418272261648158,104
543000,-95045.79170193871,29057.11328125,-65988.67842068871,296.808140055137,175.46181444000007,0.7418272261648158,104
544000,-95088.45413937767,29636.57421875,-65451.879920627674,302.7271286838169,175.46181444000007,0.7418272261648158,104
545000,-94931.52200665673,29688.484375,-65243.03763165673,303.2573725789142,175.46181444000007,0.7418272261648158,104
546000,-95582.15469327172,29538.2734375,-66043.88125577172,301.7230209541063,175.46181444000007,0.7418272261648158,104
547000,-95035.58975568016,29425.12109375,-65610.46866193016,300.5672097637019,175.46181444000007,0.7418272261648158,104
548000,-94923.44227566918,29287.24609375,-65636.19618191918,299.15886537952287,175.46181444000007,0.7418272261648158,104
549000,-95080.27187314232,29759.50390625,-65320.76796689232,303.9828119841941,175.46181444000007,0.7418272261648158,104
550000,-95297.88465085228,29525.626953125,-65772.25769772728,301.5938415869321,175.46181444000007,0.7418272261648158,104
551000,-95062.14747586449,29363.91796875,-65698.22950711449,299.94204147802316,175.46181444000007,0.7418272261648158,104
552000,-94865.69483914574,29315.271484375,-65550.42335477074,299.4451348373734,175.46181444000007,0.7418272261648158,104
553000,-95744.07620206078,29395.9140625,-66348.16213956078,300.26887026459417,175.46181444000007,0.7418272261648158,104
554000,-94927.21453824242,28824.900390625,-66102.31414761742,294.43616746804224,175.46181444000007,0.7418272261648158,104
555000,-95056.30739560326,29069.748046875,-65986.55934872826,296.93719971942267,175.46181444000007,0.7418272261648158,104
556000,-95606.85842862328,29411.90234375,-66194.95608487328,300.4321849054726,175.46181444000007,0.7418272261648158,104
557000,-95366.19369473656,29033.09765625,-66333.09603848656,296.5628289356353,175.46181444000007,0.7418272261648158,104
558000,-95333.78372159203,28661.828125,-66671.95559659203,292.77044192310433,175.46181444000007,0.7418272261648158,104
559000,-95285.19007840355,29386.953125,-65898.23695340355,300.1773374558536,175.46181444000007,0.7418272261648158,104
560000,-95193.08284726342,29335.59765625,-65857.48519101342,299.65275949747866,175.46181444000007,0.7418272261648158,104
561000,-95422.80271115502,29072.306640625,-66350.49607053002,296.9633348500788,175.46181444000007,0.7418272261648158,104
562000,-95640.81935086449,29010.03515625,-66630.78419461449,296.32725365106506,175.46181444000007,0.7418272261648158,104
563000,-95414.81268277367,29124.025390625,-66290.78729214867,297.49162359799726,175.46181444000007,0.7418272261648158,104
564000,-95169.40772977074,28961.794921875,-66207.61280789574,295.83449671055,175.46181444000007,0.7418272261648158,104
565000,-95521.63386120995,29870.904296875,-65650.72956433495,305.12072759276754,175.46181444000007,0.7418272261648158,104
566000,-95125.32163968285,29361.201171875,-65764.12046780785,299.9142903583723,175.46181444000007,0.7418272261648158,104
567000,-95255.4264751931,29547.20703125,-65708.2194439431,301.81427445610706,175.46181444000007,0.7418272261648158,104
568000,-94905.91042294701,29445.833984375,-65460.07643857201,300.7787846191277,175.46181444000007,0.7418272261648158,104
569000,-95482.39157071312,29409.59765625,-66072.79391446312,300.4086433374007,175.46181444000007,0.7418272261648158,104
570000,-95045.71361508568,29308.73046875,-65736.98314633568,299.37832067510834,175.46181444000007,0.7418272261648158,104
571000,-95481.14910092553,29545.369140625,-65935.77996030053,301.79550105309374,175.46181444000007,0.7418272261648158,104
572000,-95234.42109646996,29342.126953125,-65892.29414334496,299.7194539568552,175.46181444000007,0.7418272261648158,104
573000,-95378.16789212426,29243.68359375,-66134.48429837426,298.7138898420012,175.46181444000007,0.7418272261648158,104
574000,-95531.72050442894,29351.46484375,-66180.25566067894,299.8148372085093,175.46181444000007,0.7418272261648158,104
575000,-95684.96243252953,28638.46875,-67046.49368252953,292.53183416535865,175.46181444000007,0.7418272261648158,104
576000,-95306.21870389183,28976.162109375,-66330.05659451683,295.9812524518524,175.46181444000007,0.7418272261648158,104
577000,-95621.32737698754,29386.01171875,-66235.31565823754,300.1677213238107,175.46181444000007,0.7418272261648158,104
578000,-95570.2504192849,28928.47265625,-66641.7777630349,295.49412154709694,175.46181444000007,0.7418272261648158,104
579000,-95059.63803067406,28977.724609375,-66081.91342129906,295.99721283698585,175.46181444000007,0.7418272261648158,104
580000,-95236.6582104226,28717.408203125,-66519.2500072976,293.3381727727839,175.46181444000007,0.7418272261648158,104
581000,-95312.9222866555,28953.77734375,-66359.1449429055,295.7525999843338,175.46181444000007,0.7418272261648158,104
582000,-95219.46821561058,29081.748046875,-66137.72016873558,297.05977547724785,175.46181444000007,0.7418272261648158,104
583000,-95606.0241467019,30217.578125,-65388.44602170189,308.66187819281606,175.46181444000007,0.7418272261648158,104
584000,-95194.30255093773,29595.671875,-65598.63067593773,302.30932570198496,175.46181444000007,0.7418272261648158,104
585000,-95417.37593426903,29355.044921875,-66062.33101239403,299.8514064409464,175.46181444000007,0.7418272261648158,104
586000,-95194.62679257592,29136.833984375,-66057.79280820092,297.622458855129,175.46181444000007,0.7418272261648158,104
587000,-95627.62729611596,29359.48046875,-66268.14682736596,299.89671398424406,175.46181444000007,0.7418272261648158,104
588000,-95449.7130352517,28982.0,-66467.7130352517,296.0408844408074,175.46181444000007,0.7418272261648158,104
589000,-95178.98710599144,28968.693359375,-66210.29374661644,295.90496181091436,175.46181444000007,0.7418272261648158,104
590000,-94902.40487637719,29230.908203125,-65671.49667325219,298.58339374305353,175.46181444000007,0.7418272261648158,104
591000,-95339.74362912377,28958.46484375,-66381.27878537377,295.80048113973425,175.46181444000007,0.7418272261648158,104
592000,-95445.70749631127,29279.703125,-66166.00437131127,299.0818166202909,175.46181444000007,0.7418272261648158,104
593000,-95716.21615567406,29126.609375,-66589.60678067406,297.5180180849117,175.46181444000007,0.7418272261648158,104
594000,-95762.40170254906,29634.5625,-66127.83920254906,302.7065796879575,175.46181444000007,0.7418272261648158,104
595000,-95566.0062710305,29550.09765625,-66015.9086147805,301.843801168604,175.46181444000007,0.7418272261648158,104
596000,-95846.81800809105,29016.515625,-66830.30238309105,296.3934493484062,175.46181444000007,0.7418272261648158,104
597000,-95244.44306912621,29235.625,-66008.81806912621,298.63157415567525,175.46181444000007,0.7418272261648158,104
598000,-95176.33310666283,29622.435546875,-65553.89755978783,302.5827071488402,175.46181444000007,0.7418272261648158,104
599000,-95430.13199582299,29438.73046875,-65991.40152707299,300.70622471821457,175.46181444000007,0.7418272261648158,104
600000,-95405.61741605004,29379.0703125,-66026.54710355004,300.09681731285514,175.46181444000007,0.7418272261648158,104
