#"Step","Potential Energy (kJ/mole)","Kinetic Energy (kJ/mole)","Total Energy (kJ/mole)","Temperature (K)","Box Volume (nm^3)","Density (g/mL)","Speed (ns/day)"
1000,-96195.7201392428,27382.1484375,-68813.5717017428,279.698966300703,175.65261156,0.7410214396921141,0
2000,-94365.77352974573,29066.0078125,-65299.765717245726,296.8989945475094,175.65261156,0.7410214396921141,99.5
3000,-94030.85174629846,29341.53125,-64689.32049629846,299.7133690600231,175.65261156,0.7410214396921141,99.9
4000,-94243.6752173678,29047.8671875,-65195.808029867796,296.71369447610965,175.65261156,0.7410214396921141,100
5000,-94341.45805428186,29422.09765625,-64919.36039803186,300.5363264184686,175.65261156,0.7410214396921141,101
6000,-94579.40461800256,28709.322265625,-65870.08235237756,293.2555777797181,175.65261156,0.7410214396921141,102
7000,-94262.54195473352,29311.421875,-64951.12007973352,299.4058124385008,175.65261156,0.7410214396921141,102
8000,-94410.43966744104,29360.466796875,-65049.97287056604,299.90678897735955,175.65261156,0.7410214396921141,101
9000,-94143.60130379358,29322.466796875,-64821.13450691858,299.51863241091314,175.65261156,0.7410214396921141,101
10000,-94007.5880133883,29320.22265625,-64687.365357138304,299.49570930776514,175.65261156,0.7410214396921141,102
11000,-94354.25196907678,29511.33984375,-64842.91212532678,301.4479038153678,175.65261156,0.7410214396921141,102
12000,-94518.46362373987,29386.28515625,-65132.178467489866,300.170514391209,175.65261156,0.7410214396921141,102
13000,-94524.43956062951,29114.953125,-65409.486435629515,297.39895361181595,175.65261156,0.7410214396921141,102
14000,-94745.87399742761,29416.46875,-65329.40524742761,300.4788291310252,175.65261156,0.7410214396921141,102
15000,-94392.53479073205,28993.24609375,-65399.288696982054,296.1557593128057,175.65261156,0.7410214396921141,102
16000,-94228.31753609338,29438.1171875,-64790.20034859338,300.69996026704973,175.65261156,0.7410214396921141,102
17000,-94682.32730171838,29039.349609375,-65642.97769234338,296.62669042665067,175.65261156,0.7410214396921141,102
18000,-94710.20491097131,28873.1484375,-65837.05647347131,294.92900421048296,175.65261156,0.7410214396921141,102
19000,-94383.45741341272,29362.296875,-65021.16053841272,299.92548257844714,175.65261156,0.7410214396921141,102
20000,-94172.4709632174,29491.203125,-64681.267838217405,301.24221435195994,175.65261156,0.7410214396921141,102
21000,-94571.84061501184,28726.42578125,-65845.41483376184,293.43028414548553,175.65261156,0.7410214396921141,102
22000,-93983.47296211877,29620.41015625,-64363.06280586877,302.56201849961093,175.65261156,0.7410214396921141,102
23000,-94557.96041176477,29465.90625,-65092.05416176477,300.9838157166488,175.65261156,0.7410214396921141,102
24000,-94068.68966744104,29011.13671875,-65057.55294869104,296.33850572258416,175.65261156,0.7410214396921141,102
25000,-94410.1847083346,29159.58984375,-65250.59486458459,297.85490191411685,175.65261156,0.7410214396921141,103
26000,-95089.40385506311,29161.404296875,-65927.99955818811,297.8734359113531,175.65261156,0.7410214396921141,103
27000,-94138.5164420382,29096.234375,-65042.282067038206,297.2077481979167,175.65261156,0.7410214396921141,103
28000,-94341.14726326623,29809.23828125,-64531.90898201623,304.490831042993,175.65261156,0.7410214396921141,103
29000,-94919.58573601404,29016.3515625,-65903.23417351404,296.3917735079671,175.65261156,0.7410214396921141,103
30000,-94664.91616890588,29307.072265625,-65357.84390328088,299.3613827163854,175.65261156,0.7410214396921141,103
31000,-94986.225983359,28984.328125,-66001.897858359,296.0646654146563,175.65261156,0.7410214396921141,103
32000,-94837.37126228967,29223.55859375,-65613.81266853967,298.5083200814819,175.65261156,0.7410214396921141,103
33000,-94725.13375923791,29375.607421875,-65349.52633736291,300.06144510930307,175.65261156,0.7410214396921141,103
34000,-94408.8410956637,29417.578125,-64991.262970663694,300.49016100446994,175.65261156,0.7410214396921141,103
35000,-94850.7664496676,29690.8671875,-65159.8992621676,303.28171216624276,175.65261156,0.7410214396921141,103
36000,-94664.18596718469,29695.79296875,-64968.39299843469,303.3320272803761,175.65261156,0.7410214396921141,103
37000,-94085.07191536584,29140.724609375,-64944.34730599084,297.6622002141114,175.65261156,0.7410214396921141,103
38000,-94198.13327095666,28952.23046875,-65245.90280220666,295.73679920305165,175.65261156,0.7410214396921141,103
39000,-95146.43158028284,29103.7734375,-66042.65814278284,297.28475705618587,175.65261156,0.7410214396921141,103
40000,-94761.14890740075,28737.9296875,-66023.21921990075,293.54779248103085,175.65261156,0.7410214396921141,103
41000,-95435.1964194552,29291.56640625,-66143.6300132052,299.20299584441693,175.65261156,0.7410214396921141,103
42000,-94694.91303322473,29225.83984375,-65469.07318947473,298.5316222437768,175.65261156,0.7410214396921141,103
43000,-94880.12580940881,29642.548828125,-65237.57698128381,302.78815720647106,175.65261156,0.7410214396921141,103
44000,-94993.69386360803,29232.14453125,-65761.54933235803,298.5960223977904,175.65261156,0.7410214396921141,103
45000,-94905.14399788537,28975.7265625,-65929.41743538537,295.97680349449644,175.65261156,0.7410214396921141,103
46000,-94934.24083016076,29412.904296875,-65521.336533285765,300.44241950243946,175.65261156,0.7410214396921141,103
47000,-94813.90696022668,29097.88671875,-65716.02024147668,297.22462630519544,175.65261156,0.7410214396921141,103
48000,-94832.05491326013,29399.423828125,-65432.63108513513,300.30472127970023,175.65261156,0.7410214396921141,103
49000,-95073.9200598971,29396.724609375,-65677.1954505221,300.2771497143821,175.65261156,0.7410214396921141,103
50000,-94679.40265724817,29276.166015625,-65403.23664162317,299.04568629844505,175.65261156,0.7410214396921141,103
51000,-95192.09195015588,29205.37109375,-65986.72085640588,298.3225411985281,175.65261156,0.7410214396921141,103
52000,-94982.3617331759,29236.82421875,-65745.5375144259,298.6438237512652,175.65261156,0.7410214396921141,103
53000,-95048.05444405237,29247.7421875,-65800.31225655237,298.7553469423854,175.65261156,0.7410214396921141,103
54000,-95007.13064644494,28700.931640625,-66306.19900581994,293.16987051155127,175.65261156,0.7410214396921141,103
55000,-94289.14607308069,29084.201171875,-65204.94490120569,297.0848332819075,175.65261156,0.7410214396921141,103
56000,-95127.03688118616,29536.5859375,-65590.45094368616,301.7057837381621,175.65261156,0.7410214396921141,103
57000,-94918.4360968844,29273.068359375,-65645.3677375094,299.0140448349179,175.65261156,0.7410214396921141,103
58000,-94322.03674385705,29455.068359375,-64866.968384482054,300.8731104952666,175.65261156,0.7410214396921141,103
59000,-94501.15781471887,28520.89453125,-65980.26328346887,291.3308550850265,175.65261156,0.7410214396921141,103
60000,-95083.08336708703,28889.806640625,-66193.27672646203,295.09916186648735,175.65261156,0.7410214396921141,103
61000,-95242.69535896936,29361.6796875,-65881.01567146936,299.9191782263194,175.65261156,0.7410214396921141,103
62000,-95225.7582251803,29352.6875,-65873.0707251803,299.82732620987616,175.65261156,0.7410214396921141,103
63000,-95159.7301871554,29078.458984375,-66081.2712027804,297.0261788665419,175.65261156,0.7410214396921141,103
64000,-95070.94332955041,28641.6171875,-66429.32614205041,292.56399434140263,175.65261156,0.7410214396921141,103
65000,-95057.64126656213,29011.4453125,-66046.19595406213,296.34165789864795,175.65261156,0.7410214396921141,103
66000,-95080.52040169397,29097.66796875,-65982.85243294397,297.22239185127677,175.65261156,0.7410214396921141,103
67000,-95387.98581764856,29529.517578125,-65858.46823952356,301.6335829459145,175.65261156,0.7410214396921141,103
68000,-95457.98918984094,29308.08203125,-66149.90715859094,299.3716971152779,175.65261156,0.7410214396921141,103
69000,-95418.16038582483,28971.54296875,-66446.61741707483,295.93406956330153,175.65261156,0.7410214396921141,103
70000,-95470.94198677698,29211.13671875,-66259.80526802698,298.3814350196706,175.65261156,0.7410214396921141,103
71000,-95108.12587044397,28862.85546875,-66245.27040169397,294.8238651734161,175.65261156,0.7410214396921141,103
72000,-95322.73531410852,29484.1875,-65838.54781410852,301.1705522227106,175.65261156,0.7410214396921141,103
73000,-95383.94031593957,29183.087890625,-66200.85242531457,298.09492615604313,175.65261156,0.7410214396921141,103
74000,-95466.00675270715,28701.427734375,-66764.57901833215,293.17493793383113,175.65261156,0.7410214396921141,103
75000,-95126.80500099817,29269.95703125,-65856.84796974817,298.9822637180208,175.65261156,0.7410214396921141,103
76000,-95440.73220894494,29174.14453125,-66266.58767769494,298.0035729016353,175.65261156,0.7410214396921141,103
77000,-95153.11224434534,28635.8984375,-66517.21380684534,292.50557933181403,175.65261156,0.7410214396921141,103
78000,-95178.3890692965,29014.259765625,-66164.1293036715,296.37040654236966,175.65261156,0.7410214396921141,103
79000,-95485.00462410608,28953.939453125,-66531.06517098108,295.7542558742914,175.65261156,0.7410214396921141,103
80000,-95495.8924338595,28585.658203125,-66910.2342307345,291.99239309832814,175.65261156,0.7410214396921141,103
81000,-95813.6771666781,28934.376953125,-66879.3002135531,295.55443185242007,175.65261156,0.7410214396921141,103
82000,-95587.19577858606,29017.94921875,-66569.24655983606,296.40809300176613,175.65261156,0.7410214396921141,103
83000,-95219.21291420617,29188.66796875,-66030.54494545617,298.1519246814511,175.65261156,0.7410214396921141,103
84000,-95408.16352913537,29543.03125,-65865.13227913537,301.77162032683776,175.65261156,0.7410214396921141,103
85000,-95570.6429831759,29648.9765625,-65921.6664206759,302.8538142408139,175.65261156,0.7410214396921141,103
86000,-94793.76437447229,29066.83984375,-65726.92453072229,296.907493452593,175.65261156,0.7410214396921141,103
87000,-94992.02633736291,29187.4921875,-65804.53414986291,298.13991449163814,175.65261156,0.7410214396921141,103
88000,-94997.89142677942,29600.3515625,-65397.53986427942,302.3571270554598,175.65261156,0.7410214396921141,103
89000,-95512.03579781213,29395.736328125,-66116.29946968713,300.26705477078525,175.65261156,0.7410214396921141,103
90000,-95567.85913155237,29074.73828125,-66493.12085030237,296.98817319944277,175.65261156,0.7410214396921141,102
91000,-95603.94285652795,28633.232421875,-66970.71043465295,292.47834692468007,175.65261156,0.7410214396921141,102
92000,-95127.72741768518,29415.484375,-65712.24304268518,300.4687740883911,175.65261156,0.7410214396921141,102
93000,-94986.71247933069,29377.337890625,-65609.37458870569,300.0791212358384,175.65261156,0.7410214396921141,102
94000,-95338.73468086877,28646.853515625,-66691.88116524377,292.6174815820812,175.65261156,0.7410214396921141,102
95000,-95795.73572609582,28491.0859375,-67304.64978859582,291.02637083764233,175.65261156,0.7410214396921141,102
96000,-96019.89840004602,29197.64453125,-66822.25386879602,298.243617094043,175.65261156,0.7410214396921141,102
97000,-95177.81773445764,28922.158203125,-66255.65953133264,295.4296216406762,175.65261156,0.7410214396921141,102
98000,-95566.02473519006,28712.47265625,-66853.55207894006,293.2877579062435,175.65261156,0.7410214396921141,102
99000,-95293.76320717492,29359.61328125,-65934.14992592492,299.89807061698036,175.65261156,0.7410214396921141,102
100000,-95540.9959342257,29090.22265625,-66450.7732779757,297.14634061611565,175.65261156,0.7410214396921141,102
