Loading PDB and ForceField...
Step 1: Energy Minimization (No Constraints)...
Potential Energy after EM: -487561.65194750973 kJ/mol

Step 2: NVT Equilibration (HBonds, 1.0 fs)...
#"Progress (%)","Step","Potential Energy (kJ/mole)","Temperature (K)","Speed (ns/day)"
5.0%,5000,-332034.8162236328,300.0034099467326,0
10.0%,10000,-341952.8838811035,298.8810047725844,158
15.0%,15000,-348243.6985478515,300.50916299436676,157
20.0%,20000,-352050.55535937496,297.38220320952325,157
25.0%,25000,-355983.1697392578,298.1838407340027,157
30.0%,30000,-358436.62274218746,301.20353663599604,157
35.0%,35000,-359346.39453173825,298.32533177947107,157
40.0%,40000,-361015.2750401611,298.69361297724714,157
45.0%,45000,-362535.3877263183,297.98346975284085,157
50.0%,50000,-364505.09457446286,298.59384988620496,157
55.0%,55000,-364697.4787297363,297.90756583574046,157
60.0%,60000,-366252.08441210934,296.9980244291099,157
65.0%,65000,-367179.0292058105,296.34676114039695,157
70.0%,70000,-368095.54005480953,295.1474536502388,157
75.0%,75000,-367735.5691228027,297.9234122184336,157
80.0%,80000,-367355.5859837646,298.67064980232675,157
85.0%,85000,-368734.0339970703,297.2298065759655,157
90.0%,90000,-369978.331543457,299.04942698863954,157
95.0%,95000,-370280.0343937988,298.55601312752896,157
100.0%,100000,-370480.3901677246,299.67936550064263,157

Step 3: NPT Equilibration (1.0 fs)...
#"Progress (%)","Step","Potential Energy (kJ/mole)","Temperature (K)","Density (g/mL)","Speed (ns/day)"
2.5%,5000,-378224.179393979,299.30458190996825,1.030157729784451,0
5.0%,10000,-379510.5191088873,298.5637187191131,1.055274748681338,131
7.5%,15000,-380308.30783728254,298.5217347649666,1.0692106294168817,131
10.0%,20000,-381733.15206595976,299.26715475084484,1.0900318081426357,131
12.5%,25000,-383313.9250878724,297.6001357715048,1.103905567471579,131
15.0%,30000,-383626.34900521184,299.38726981965937,1.1210102145745948,131
17.5%,35000,-385797.91606204375,299.8631988998662,1.132907648580163,131
20.0%,40000,-385649.2573673611,298.4246596709886,1.1413409401284926,131
22.5%,45000,-386379.9518085553,298.8256576330326,1.152948987305863,131
25.0%,50000,-387342.7541903795,296.4740186014108,1.1611723996014125,139
27.5%,55000,-388600.06561412895,297.96240097585144,1.171280778816461,147
30.0%,60000,-388567.1653804942,300.9599273020577,1.175802713343521,154
32.5%,65000,-389368.0125883226,297.4860622960919,1.180921706157005,146
35.0%,70000,-389819.08470814745,299.4890041085487,1.1824645161052383,134
37.5%,75000,-389857.9621453064,298.80341125732934,1.1868009327659685,140
40.0%,80000,-388985.9956801813,299.00419183804377,1.1928030341045286,145
42.5%,85000,-389955.2693591323,298.38359731583546,1.195472457401901,150
45.0%,90000,-390083.9650553053,297.7835851711478,1.2000867370642152,155
47.5%,95000,-389586.3233039032,299.0345534048839,1.201345178865794,159
50.0%,100000,-390478.1071946083,298.83815041938846,1.2026302553929582,163
52.5%,105000,-390467.70870097843,298.3331653709155,1.2044479209257466,167
55.0%,110000,-393211.3063559041,299.61341997266607,1.2032576757098719,171
57.5%,115000,-391507.3714435636,298.2908998170765,1.2054315228383177,174
60.0%,120000,-392578.49806128,300.105169835594,1.209136748379641,177
62.5%,125000,-391647.0053223674,299.97458437821484,1.2049933182833252,180
65.0%,130000,-393379.77758442867,298.25155266005004,1.2086275396273032,183
67.5%,135000,-391996.3094484471,295.61214434271983,1.210528284145624,186
70.0%,140000,-393430.0179964141,298.8175680418678,1.2084249458466274,189
72.5%,145000,-391919.5010626679,297.3706064221888,1.2070530886405781,191
75.0%,150000,-391885.99735435983,298.82670723188625,1.2091824649812406,194
77.5%,155000,-394298.2900725021,297.2000338084823,1.2124019964945543,196
80.0%,160000,-392191.1234022083,299.90188045761954,1.2079416457092809,198
82.5%,165000,-393363.38200648944,298.96865907685145,1.2104600292181875,201
85.0%,170000,-395198.5180080361,297.9373386032237,1.2119669009220184,203
87.5%,175000,-395448.2593185343,299.66569511557293,1.2118051287297908,205
90.0%,180000,-393179.918341534,296.0101471080351,1.2108629752722646,207
92.5%,185000,-392875.77787455334,298.0389192922808,1.2083290943125704,208
95.0%,190000,-394130.0507564347,297.7739851816326,1.2090359578566692,210
97.5%,195000,-391992.5379601936,298.3095877966661,1.2086968158642486,212
100.0%,200000,-393491.5704703233,298.27715263209063,1.2099722727367554,214

Step 4: NVT Production (2.0 fs)...
Traceback (most recent call last):
  File "/home/am3-peichenzhong-group/Documents/project/PhyNEO/example/example_liquid_junction_potential/run_md.py", line 96, in <module>
    sim_prod.step(steps_production)
  File "/home/am3-peichenzhong-group/miniconda3/envs/bff/lib/python3.11/site-packages/openmm/app/simulation.py", line 150, in step
    self._simulate(endStep=self.currentStep+steps)
  File "/home/am3-peichenzhong-group/miniconda3/envs/bff/lib/python3.11/site-packages/openmm/app/simulation.py", line 229, in _simulate
    self.integrator.step(10) # Only take 10 steps at a time, to give Python more chances to respond to a control-c.
    ^^^^^^^^^^^^^^^^^^^^^^^^
  File "/home/am3-peichenzhong-group/miniconda3/envs/bff/lib/python3.11/site-packages/openmm/openmm.py", line 11802, in step
    return _openmm.LangevinMiddleIntegrator_step(self, steps)
           ^^^^^^^^^^^^^^^^^^^^^^^^^^^^^^^^^^^^^^^^^^^^^^^^^^
openmm.OpenMMException: Particle coordinate is NaN.  For more information, see https://github.com/openmm/openmm/wiki/Frequently-Asked-Questions#nan
