Loading PDB and ForceField...
Step 1: Energy Minimization (No Constraints)...
Potential Energy after EM: -489120.4294438476 kJ/mol

Step 2: NVT Equilibration (HBonds, 1.0 fs)...
#"Progress (%)","Step","Potential Energy (kJ/mole)","Temperature (K)","Speed (ns/day)"
5.0%,5000,-331257.7518620605,299.11483491720327,0
10.0%,10000,-341109.4570622558,299.52105527354354,349
15.0%,15000,-349192.5772099609,298.5541187295979,350
20.0%,20000,-353612.4854436035,298.12741839562517,350
25.0%,25000,-356183.78582812496,298.16714955223216,350
30.0%,30000,-356757.12265063473,300.3504943676591,350
35.0%,35000,-358915.64312792965,298.7386945280107,350
40.0%,40000,-361165.39157153317,297.0781011416529,350
45.0%,45000,-362903.1034550781,298.9882686554345,350
50.0%,50000,-364174.96960498043,298.6141250640611,350
55.0%,55000,-365054.33396960446,297.20707380079347,350
60.0%,60000,-365152.062012207,297.8248523260773,350
65.0%,65000,-367074.59304858395,297.62752774158827,350
70.0%,70000,-368111.3220524902,298.6497346251696,350
75.0%,75000,-367786.86969042965,297.1751506356588,350
80.0%,80000,-369232.3980870361,299.6677943132803,350
85.0%,85000,-368730.0272832031,297.7166668442337,350
90.0%,90000,-369039.7718510742,298.0757832520193,350
95.0%,95000,-370127.18457080075,297.21521459190234,350
100.0%,100000,-371102.9054417724,299.22383959815215,350

Step 3: NPT Equilibration (1.0 fs)...
#"Progress (%)","Step","Potential Energy (kJ/mole)","Temperature (K)","Density (g/mL)","Speed (ns/day)"
2.5%,5000,-377063.0002380591,299.6406071429731,1.0267234351098815,0
5.0%,10000,-379785.2172999673,297.02649159801905,1.0501998964732664,306
7.5%,15000,-380377.362022497,298.1843783334155,1.0725523853965506,306
10.0%,20000,-382696.0985036185,297.6074829634805,1.0883770875893577,306
12.5%,25000,-381398.50966090383,298.16876235047073,1.1016740548328978,305
15.0%,30000,-383232.77220495394,299.2619323565486,1.1134991396987777,305
17.5%,35000,-383860.2050870212,298.6634050102393,1.1238371338904378,305
20.0%,40000,-385523.9445892507,298.3176517878589,1.1357750982353403,305
22.5%,45000,-385519.6999814736,298.86508158997515,1.144526198012676,305
25.0%,50000,-387863.2008641865,296.84485979639095,1.1544964869334278,305
27.5%,55000,-388107.8217108571,298.1250887981695,1.16045656670378,305
30.0%,60000,-386639.6102042387,300.07386106978834,1.1708639906222178,305
32.5%,65000,-389408.5350696184,298.14131918044325,1.175869740278642,305
35.0%,70000,-389018.05741900066,299.08165735343863,1.1796963703686332,305
37.5%,75000,-389911.87633967353,298.61322906503966,1.1870428895200205,304
40.0%,80000,-389819.61058641993,297.00701001929616,1.187432648630634,304
42.5%,85000,-389792.08442239,300.1206322187065,1.1898860392506858,304
45.0%,90000,-390131.0187826033,299.08611174857367,1.1923489566758911,304
47.5%,95000,-390865.00511026126,297.88941545556366,1.1958232306767154,304
50.0%,100000,-391378.5503228931,299.4096185952508,1.2014121381064584,304
52.5%,105000,-390418.45123752207,299.550956040887,1.203170442723747,304
55.0%,110000,-392172.01820192183,299.04535659308505,1.2018794565855542,304
57.5%,115000,-391045.97176076286,298.35098295145576,1.2001746625088794,304
60.0%,120000,-392189.1341697725,298.86298239226784,1.2062626635724942,304
62.5%,125000,-391709.916539585,297.59624457575467,1.2017822559223694,304
65.0%,130000,-390389.54267299594,298.4689476226188,1.2002698915880357,304
67.5%,135000,-393364.9388640695,298.54869153552534,1.2058771717321033,303
70.0%,140000,-393033.7950512364,298.76580489840165,1.206970859936182,303
72.5%,145000,-392139.5610047586,300.1467441901879,1.2047548342723393,303
75.0%,150000,-393543.49943277263,296.80945503505876,1.207753264742248,303
77.5%,155000,-392948.3181937877,298.80548485506466,1.2105259174184326,303
80.0%,160000,-392583.6326722915,295.80944332723675,1.207216607613781,303
82.5%,165000,-392035.9172418185,296.77794146947684,1.2079453872881032,303
85.0%,170000,-392685.0530098968,300.3401519789547,1.211053786885976,303
87.5%,175000,-393223.99661794305,298.095188030826,1.2122484502721134,303
90.0%,180000,-393167.7640694198,298.96609907964734,1.210132618684801,303
92.5%,185000,-391855.69136610907,297.9124298304282,1.2112985135360248,303
95.0%,190000,-393204.59442937816,298.6084930702122,1.2110951540503196,303
97.5%,195000,-392735.76034001145,297.88286186272126,1.2062883838026335,303
100.0%,200000,-392726.10514639085,298.65342102114346,1.209858704884426,303

Step 4: NVT Production (1.0 fs)...
Traceback (most recent call last):
  File "/home/am3-peichenzhong-group/Documents/project/PhyNEO/example/example_liquid_junction_potential/run_md.py", line 96, in <module>
    sim_prod.step(steps_production)
  File "/home/am3-peichenzhong-group/miniconda3/envs/bff/lib/python3.11/site-packages/openmm/app/simulation.py", line 150, in step
    self._simulate(endStep=self.currentStep+steps)
  File "/home/am3-peichenzhong-group/miniconda3/envs/bff/lib/python3.11/site-packages/openmm/app/simulation.py", line 229, in _simulate
    self.integrator.step(10) # Only take 10 steps at a time, to give Python more chances to respond to a control-c.
    ^^^^^^^^^^^^^^^^^^^^^^^^
  File "/home/am3-peichenzhong-group/miniconda3/envs/bff/lib/python3.11/site-packages/openmm/openmm.py", line 11802, in step
    return _openmm.LangevinMiddleIntegrator_step(self, steps)
           ^^^^^^^^^^^^^^^^^^^^^^^^^^^^^^^^^^^^^^^^^^^^^^^^^^
openmm.OpenMMException: Particle coordinate is NaN.  For more information, see https://github.com/openmm/openmm/wiki/Frequently-Asked-Questions#nan
