Loading PDB and ForceField...
Step 1: Energy Minimization (No Constraints)...
Potential Energy after EM: -489821.509857666 kJ/mol

Step 2: NVT Equilibration (1.0 fs)...
#"Progress (%)","Step","Potential Energy (kJ/mole)","Temperature (K)","Speed (ns/day)"
5.0%,5000,-332242.36633349606,301.5114786996724,0
10.0%,10000,-341310.32716418453,297.6036941676185,157
15.0%,15000,-349336.8998875732,298.96689267878065,159
20.0%,20000,-352842.7961125488,297.68725247635905,160
25.0%,25000,-355117.9449620361,299.15057247817197,160
30.0%,30000,-357660.369446289,298.01196252172207,161
35.0%,35000,-360326.2864995117,298.9443903033569,161
40.0%,40000,-361905.10894824215,298.62861464823607,161
45.0%,45000,-364229.20127917477,300.0148531342347,161
50.0%,50000,-365812.375885498,297.8483275004385,161
55.0%,55000,-366407.52415515133,297.8884426566261,161
60.0%,60000,-367416.9398198242,299.35550025435697,161
65.0%,65000,-365695.3199772949,299.6337207504942,161
70.0%,70000,-368637.3110661621,297.8035019493954,161
75.0%,75000,-369044.6329960937,299.36786504085256,161
80.0%,80000,-369727.81195117184,298.17889993939883,161
85.0%,85000,-370102.248138916,299.04021099870494,161
90.0%,90000,-371144.7895817871,296.61853044357997,161
95.0%,95000,-371526.7651219482,298.6887489825595,161
100.0%,100000,-370664.5283818359,296.49977217328365,161

Step 3: NPT Equilibration (1.0 fs)...
#"Progress (%)","Step","Potential Energy (kJ/mole)","Temperature (K)","Density (g/mL)","Speed (ns/day)"
2.5%,5000,-378447.61699097883,297.66039810568844,1.026215102679456,0
5.0%,10000,-379598.93135273946,299.54739764477335,1.051801482098751,134
7.5%,15000,-381343.1585200713,297.8590538887235,1.0691945955164472,135
10.0%,20000,-382062.0930610066,296.6189912430767,1.0864302386370148,135
12.5%,25000,-381782.0413425956,297.92730341418377,1.099738364646368,135
15.0%,30000,-384159.6913794922,298.44099245315056,1.117232841492208,135
17.5%,35000,-385155.9336836196,298.54334114136884,1.1275856405471278,135
20.0%,40000,-385416.5460292082,296.9952084321854,1.1404731373326582,135
22.5%,45000,-385163.8984634306,297.3563216377902,1.1476022076379648,135
25.0%,50000,-385594.32553021424,299.6891446899622,1.1523751870102574,135
27.5%,55000,-385976.198096076,299.6189239666548,1.156150353019426,135
30.0%,60000,-385757.9244215798,298.9750590698616,1.162414425167706,135
32.5%,65000,-386561.29462077376,296.4388954397711,1.1726137468708158,135
35.0%,70000,-387544.3112724859,297.26969133240476,1.177804421530631,135
37.5%,75000,-387175.42756865756,297.52771345060205,1.1833259060178687,135
40.0%,80000,-388589.00126876635,298.1500743708811,1.1888561570440328,135
42.5%,85000,-387535.6934593611,296.6930007622461,1.1908171747782144,135
45.0%,90000,-389188.47546181874,297.33389606228263,1.1923618758741357,135
47.5%,95000,-389109.6944150077,298.4684868231221,1.1999887474530175,135
50.0%,100000,-389607.9967147112,298.4764228144547,1.1988300492818074,135
52.5%,105000,-390180.2374863047,299.417298586863,1.1995997940355643,135
55.0%,110000,-390016.15717592137,298.83231362576316,1.202007128023019,135
57.5%,115000,-391007.7953893058,295.25353993437506,1.203506041202539,135
60.0%,120000,-390277.40849980176,297.86719467983244,1.2003441153120133,135
62.5%,125000,-391013.36285521626,298.6235970537161,1.2046275388783927,135
65.0%,130000,-392276.1366683515,295.7593953818974,1.2083927877053657,135
67.5%,135000,-391285.2435587791,298.817056042427,1.2102955304055396,135
70.0%,140000,-390674.8155681323,299.677727102432,1.2092561512327316,135
72.5%,145000,-392401.2715356345,299.8879540728295,1.2101432284053035,135
75.0%,150000,-392849.37152899057,297.19309621605925,1.2121129283325303,135
77.5%,155000,-393953.55269842804,298.50898597889034,1.2126127605172017,135
80.0%,160000,-392703.1599555169,298.91131513948045,1.2120435153252613,135
82.5%,165000,-393569.21653236635,298.74102412546637,1.2119175654220238,135
85.0%,170000,-393686.7570274058,300.4265262846197,1.2102951435664941,135
87.5%,175000,-392171.4366513707,297.2083793993675,1.2131763989032474,135
90.0%,180000,-392795.5075780442,297.70307325908016,1.2104152444346077,135
92.5%,185000,-393149.9488448482,298.39102130772727,1.2093629037088809,135
95.0%,190000,-394002.14738674695,297.87784426820133,1.2141313593291854,135
97.5%,195000,-392927.15238296567,297.65340931332133,1.2113087128889983,135
100.0%,200000,-393355.2818726492,297.3233488738019,1.2108980472692048,135
Final NPT Box Vectors: [Vec3(x=4.637524203951398, y=0.0, z=0.0), Vec3(x=0.0, y=4.637524203951398, z=0.0), Vec3(x=0.0, y=0.0, z=29.680154905288973)] nm

Step 4: NVT Production (1.0 fs)...
#"Progress (%)","Step","Potential Energy (kJ/mole)","Temperature (K)","Speed (ns/day)"
0.5%,5000,-393984.33411874296,298.47130282004656,0
1.0%,10000,-393618.4390992117,297.3401936554046,155
1.5%,15000,-394134.81544198515,297.36290083060464,157
2.0%,20000,-395013.8615540457,297.2880465123579,157
2.5%,25000,-393901.8269776297,298.16251595729284,158
3.0%,30000,-393145.84559335234,299.03242860720457,158
3.5%,35000,-394520.5934266043,298.53077155509686,158
4.0%,40000,-393812.6473816824,297.19578421312355,158
4.5%,45000,-394709.28141488554,297.94745059217973,158
5.0%,50000,-395173.4279297781,300.24138728682203,158
5.5%,55000,-394648.0302247,297.50515987523426,158
6.0%,60000,-393570.2398804617,298.72801933966974,158
6.5%,65000,-394821.5980347586,296.2671964272948,158
7.0%,70000,-393552.6101197195,298.0322632995502,158
7.5%,75000,-394147.12656869413,299.30458190996825,158
8.0%,80000,-394612.001507659,297.72987642980667,158
8.5%,85000,-393587.8283509207,298.5999938794947,158
9.0%,90000,-394436.3278016043,297.71139324999336,158
9.5%,95000,-393948.63938607695,298.73759372921296,158
10.0%,100000,-395731.9532288504,297.84773870108154,158
10.5%,105000,-394787.22852792265,297.32176167553536,158
11.0%,110000,-393129.61051644804,297.88644585880695,158
11.5%,115000,-394566.0147217703,298.39511730325376,158
12.0%,120000,-395110.45576180937,298.12662479649185,158
12.5%,125000,-394557.0877198172,298.77456008883956,158
13.0%,130000,-395099.7550782156,299.0243134160677,158
13.5%,135000,-394260.2367981863,298.5545539291226,158
14.0%,140000,-394820.17719735624,297.0430547799293,158
14.5%,145000,-393826.69813241484,297.1139411025097,158
15.0%,150000,-394159.82798470976,299.61416237185523,158
15.5%,155000,-394218.44797982695,298.4467268468876,158
16.0%,160000,-394651.41978158476,298.0467016837812,158
16.5%,165000,-395406.3474549246,296.5986648652765,158
17.0%,170000,-395072.8706177664,298.3591237425647,158
17.5%,175000,-395079.13419808866,296.40428427757223,158
18.0%,180000,-394788.02570809843,301.1200807271437,158
18.5%,185000,-394865.20985116484,297.85997548771695,159
19.0%,190000,-394309.8290070486,296.9739604553917,159
19.5%,195000,-394952.0177887869,299.7698358018341,159
20.0%,200000,-395411.5372132254,298.073069654983,159
20.5%,205000,-394879.25852670195,297.6822604818111,159
21.0%,210000,-394715.8936280203,297.62553094376915,159
21.5%,215000,-394296.3285035086,296.867566971591,159
22.0%,220000,-394820.7979554129,296.8181590255526,159
22.5%,225000,-396712.855816741,298.50985637793974,159
23.0%,230000,-395689.84013070585,298.19190472519546,159
23.5%,235000,-394638.94306649687,297.48063510201933,159
24.0%,240000,-396315.21915902616,297.6842828796023,159
24.5%,245000,-395150.1214722586,297.3375056583403,159
25.0%,250000,-395265.4056519461,299.94184201397496,159
25.5%,255000,-395879.1711243582,296.5063513660981,159
26.0%,260000,-395919.2701538992,297.7308492287442,159
26.5%,265000,-395218.4022950125,299.16751965966284,159
27.0%,270000,-395554.5287903738,298.01623771705283,159
27.5%,275000,-395423.74247445585,299.56319282752236,159
28.0%,280000,-395476.66547860624,299.98781956375984,159
28.5%,285000,-396668.3471802664,299.26646355159977,159
29.0%,290000,-395416.7856415701,299.3470778635556,159
29.5%,295000,-396663.9841736746,299.33333067856984,158
30.0%,300000,-395601.19561471464,298.24018627246403,159
30.5%,305000,-396791.32676400663,300.50752459615614,159
31.0%,310000,-396350.53779305937,296.8690517699693,159
31.5%,315000,-394188.48382272245,299.40493380036736,159
32.0%,320000,-395699.3303345633,297.04912197330293,158
32.5%,325000,-396265.3788117361,298.6964289741716,159
33.0%,330000,-395517.8915223074,297.8760010702144,159
33.5%,335000,-394826.91294564726,298.5838658971091,159
34.0%,340000,-394280.0876892996,298.70405776583976,159
34.5%,345000,-395364.57270516874,298.5325379531677,159
35.0%,350000,-395378.818127532,300.9396265242294,159
35.5%,355000,-395446.28434457304,299.09379174018585,159
36.0%,360000,-396578.04548348906,298.00502492929905,159
36.5%,365000,-395004.77735604765,295.1018857000065,159
37.0%,370000,-395909.55903329374,298.1152072089618,159
37.5%,375000,-393286.8262452078,301.0538023995306,159
38.0%,380000,-396418.03001107695,297.97018336735175,159
38.5%,385000,-395319.77012338163,296.7555414939413,159
39.0%,390000,-395775.9434327078,297.59155978087125,159
39.5%,395000,-396261.11942758085,294.61192783512143,159
40.0%,400000,-396550.6621521902,299.44476735686254,159
40.5%,405000,-395647.9705170584,298.19108552609015,159
41.0%,410000,-395896.32465829374,299.1787580473886,159
41.5%,415000,-395424.39814462187,299.24150357886015,159
42.0%,420000,-397224.2552308035,299.4406969613081,159
42.5%,425000,-396420.87763680937,297.35568163848916,159
43.0%,430000,-396144.7789734793,297.37813281396876,159
43.5%,435000,-396242.52528085234,299.5026744936184,159
44.0%,440000,-397685.51826180937,298.0533576765117,159
44.5%,445000,-396009.891552825,297.82085873043894,159
45.0%,450000,-397027.47979440214,298.9916478517439,159
45.5%,455000,-396888.61677255156,297.6927052704037,158
46.0%,460000,-397393.29258431913,297.6048973663044,158
46.5%,465000,-395528.55067147734,296.8319574104825,158
47.0%,470000,-395650.20301522734,298.4394564548281,158
47.5%,475000,-397394.3664063406,297.362491231052,158
48.0%,480000,-395883.7760132742,297.8396491099167,158
48.5%,485000,-395983.67609872343,298.4896835999717,158
49.0%,490000,-395745.4221009207,297.9834953528129,158
49.5%,495000,-396117.4688538504,298.14992077104887,158
50.0%,500000,-397786.39884652616,296.84452699675444,158
50.5%,505000,-396953.12569894316,299.7204278557958,158
51.0%,510000,-397371.73872079374,299.3254202872093,158
51.5%,515000,-397382.55314340116,297.40611358340914,158
52.0%,520000,-396782.747815032,296.3350363532023,158
52.5%,525000,-396822.92258920195,300.0358707112801,158
53.0%,530000,-397210.334042449,297.0918227266667,158
53.5%,535000,-396224.53895272734,294.55281749967963,158
54.0%,540000,-396703.1518677664,298.01472731870246,158
54.5%,545000,-398544.9167603445,296.63755122280617,158
55.0%,550000,-397628.0635193777,298.44135085275906,158
55.5%,555000,-397153.4286622,299.0737981620222,158
56.0%,560000,-396817.4668396902,297.2376145674379,158
56.5%,565000,-395547.05802621366,298.1044552207047,158
57.0%,570000,-397401.1760071707,297.33819685758544,158
57.5%,575000,-396696.99345101835,297.84361710558306,158
58.0%,580000,-398085.179242034,299.5378488552022,158
58.5%,585000,-397906.33564462187,297.50003988082614,158
59.0%,590000,-397275.454846282,300.1263922124157,158
59.5%,595000,-397502.40110482695,297.797562755882,158
60.0%,600000,-397967.06669320585,298.83413122377806,158
60.5%,605000,-396444.1303528738,299.63922474448293,158
61.0%,610000,-396999.60926522734,300.20723692411985,158
61.5%,615000,-397029.0124939871,297.10928190759836,158
62.0%,620000,-396157.54871835234,297.13831227589236,158
62.5%,625000,-399032.89497079374,299.9188276391104,158
63.0%,630000,-398422.2252320242,297.9583817802411,158
63.5%,635000,-397938.58723153593,297.4285903588608,158
64.0%,640000,-396695.2772950125,297.48498709726624,158
64.5%,645000,-396868.29591073515,298.02092251193625,158
65.0%,650000,-397068.250058074,298.9427775051184,158
65.5%,655000,-398273.84681405546,299.001171041343,158
66.0%,660000,-396672.0011872244,296.5502297181757,158
66.5%,665000,-396339.0566834402,296.2180444809768,158
67.0%,670000,-397056.31251229765,297.44602393982046,158
67.5%,675000,-397077.27988900663,299.09566053814484,158
68.0%,680000,-396252.0264710379,298.76508809918454,158
68.5%,685000,-396246.2608460379,299.2810299356908,158
69.0%,690000,-397342.31544198515,300.06164988312497,158
69.5%,695000,-397251.84113778593,298.2985542087166,158
70.0%,700000,-398779.30625619413,299.95123720371384,158
70.5%,705000,-397138.24346627714,296.9034581323919,158
71.0%,710000,-397115.8452271414,297.7368140222296,158
71.5%,715000,-397397.70020761015,298.32589497885596,158
72.0%,720000,-397431.47752084257,295.3018982815597,158
72.5%,725000,-396115.62516488554,298.9393471088649,158
73.0%,730000,-397372.81486215116,297.6064077646548,158
73.5%,735000,-397118.43192758085,298.2895942185024,158
74.0%,740000,-396684.6945923758,298.998022244782,158
74.5%,745000,-396649.8099488211,298.1909575262299,158
75.0%,750000,-397984.4098023367,296.5445977243267,158
75.5%,755000,-397908.09919442656,297.9831625531764,158
76.0%,760000,-397739.4953736258,297.94076899947714,158
76.5%,765000,-397471.2951783133,298.56213152084666,158
77.0%,770000,-396876.29844369413,298.54897313521775,158
77.5%,775000,-396439.4310120535,296.9398100926895,158
78.0%,780000,-397158.59461678984,298.8672575875986,158
78.5%,785000,-396012.5144623709,298.3840069153881,158
79.0%,790000,-398539.8590210867,299.078687756682,158
79.5%,795000,-397245.90583505156,297.62117894852224,158
80.0%,800000,-398573.928082366,297.5320142459048,158
80.5%,805000,-397018.18809213163,299.2997435152525,158
81.0%,810000,-396291.19852914335,298.45635243637486,158
81.5%,815000,-398021.3818787527,298.31696058861377,158
82.0%,820000,-397841.0090455008,296.796936648731,158
82.5%,825000,-396606.8762330008,297.5381326392225,158
83.0%,830000,-398342.4018372488,296.3946074881408,158
83.5%,835000,-397000.6553467703,300.3269167934097,158
84.0%,840000,-397716.56153573515,298.933075115715,158
84.5%,845000,-398398.22977914335,298.57644190521734,158
85.0%,850000,-396368.43720712187,298.9978942449218,158
85.5%,855000,-397561.0991028738,297.8011723519397,158
86.0%,860000,-397091.30164803984,299.2647995534171,158
86.5%,865000,-398831.79703988554,299.1271229037827,158
87.0%,870000,-397606.43110360624,295.9713631503936,158
87.5%,875000,-397844.2109803152,298.6862401852995,158
88.0%,880000,-398362.74317636015,298.96551028029046,158
88.5%,885000,-398761.02735604765,298.6137410644805,158
89.0%,890000,-396520.624554534,298.5423171424872,158
89.5%,895000,-398915.7246827078,298.448211645266,158
90.0%,900000,-398614.7384766531,298.74066572585775,158
90.5%,905000,-398318.0247620535,298.6702402027741,158
91.0%,910000,-398896.0956543875,298.08584404103124,158
91.5%,915000,-397971.1510132742,298.2219590923711,158
92.0%,920000,-397056.21445931913,298.00735452675474,158
92.5%,925000,-397365.8724488211,299.7283638471284,158
93.0%,930000,-397899.8051880789,297.1583826539722,158
93.5%,935000,-398327.2684754324,296.7254871267656,158
94.0%,940000,-397678.48089303495,297.51002386992195,158
94.5%,945000,-398680.4106873465,297.987335348619,158
95.0%,950000,-398726.95664681913,299.8798900816367,158
95.5%,955000,-396938.5129212332,298.8310080271891,158
96.0%,960000,-397886.3565186453,299.32941388284763,158
96.5%,965000,-398640.61857308866,296.7480663021054,158
97.0%,970000,-398216.04365243437,301.67073612573705,158
97.5%,975000,-398175.82142343046,297.43235355475076,158
98.0%,980000,-398911.0226868582,297.890234654669,158
98.5%,985000,-399466.7459076834,299.71546146121983,158
99.0%,990000,-398970.63181771757,298.1476679735093,158
99.5%,995000,-397524.10810555937,299.69715748121087,158
100.0%,1000000,-398084.8778504324,298.5903938899795,158

Simulation Finished!
