#"Step","Potential Energy (kJ/mole)","Kinetic Energy (kJ/mole)","Total Energy (kJ/mole)","Temperature (K)","Box Volume (nm^3)","Density (g/mL)","Speed (ns/day)"
101000,-94232.67725135658,29644.6953125,-64587.98193885658,302.81008278554816,175.52540195999998,0.7415584847003126,0
102000,-94251.16311408851,29600.76953125,-64650.393582838515,302.361396458483,175.52540195999998,0.7415584847003126,104
103000,-93994.06207038734,29792.14453125,-64201.91753913734,304.31622442963265,175.52540195999998,0.7415584847003126,103
104000,-93812.34312202309,29204.296875,-64608.046247023085,298.3115684337488,175.52540195999998,0.7415584847003126,103
105000,-93954.64091255043,29121.63671875,-64833.00419380043,297.46722415922443,175.52540195999998,0.7415584847003126,103
106000,-93607.78666450355,29017.59375,-64590.192914503554,296.4044620141483,175.52540195999998,0.7415584847003126,103
107000,-94327.29624702309,28830.73828125,-65496.557965773085,294.49579945699725,175.52540195999998,0.7415584847003126,103
108000,-94154.62004615639,29008.890625,-65145.729421156386,296.3155626689548,175.52540195999998,0.7415584847003126,103
109000,-93812.9907050309,29208.193359375,-64604.7973456559,298.3513696441754,175.52540195999998,0.7415584847003126,104
110000,-93945.15162422035,29293.23046875,-64651.92115547035,299.21999365458413,175.52540195999998,0.7415584847003126,104
111000,-93991.86202766273,29712.3359375,-64279.52609016273,303.5010078579769,175.52540195999998,0.7415584847003126,104
112000,-93502.3252463517,29175.796875,-64326.5283713517,298.020451008914,175.52540195999998,0.7415584847003126,104
113000,-94437.49625923012,29189.5546875,-65247.941571730116,298.16098220001436,175.52540195999998,0.7415584847003126,104
114000,-94198.40521766517,28786.0,-65412.405217665175,294.0388137296626,175.52540195999998,0.7415584847003126,104
115000,-94567.90611030434,29742.474609375,-64825.431500929335,303.80886373672047,175.52540195999998,0.7415584847003126,104
116000,-94167.9987921891,28439.09375,-65728.9050421891,290.4952890223255,175.52540195999998,0.7415584847003126,104
117000,-94374.34158851478,29371.3515625,-65002.990026014784,300.0179730102957,175.52540195999998,0.7415584847003126,103
118000,-93979.18734504555,29213.09765625,-64766.089688795546,298.4014653030132,175.52540195999998,0.7415584847003126,103
119000,-94287.85912086342,28782.6484375,-65505.21068336342,294.0045787035513,175.52540195999998,0.7415584847003126,103
120000,-94030.92623664711,29299.9296875,-64730.99654914711,299.288423805844,175.52540195999998,0.7415584847003126,103
121000,-94069.01351692055,29257.37109375,-64811.642423170546,298.8537028157706,175.52540195999998,0.7415584847003126,103
122000,-94230.3107276139,29129.796875,-65100.513852613905,297.5505772705841,175.52540195999998,0.7415584847003126,103
123000,-94277.60254432533,28851.1328125,-65426.46973182533,294.7041223839521,175.52540195999998,0.7415584847003126,103
124000,-94227.4248633561,28806.150390625,-65421.27447273109,294.24464284644034,175.52540195999998,0.7415584847003126,103
125000,-93752.39602424476,29505.9609375,-64246.435086744765,301.39296018954576,175.52540195999998,0.7415584847003126,103
126000,-93984.41628028725,29373.66796875,-64610.748311537245,300.0416342812561,175.52540195999998,0.7415584847003126,103
127000,-93744.172193068,29532.83984375,-64211.33234931801,301.6675187148046,175.52540195999998,0.7415584847003126,103
128000,-94438.84496833656,29187.51953125,-65251.32543708656,298.140193798378,175.52540195999998,0.7415584847003126,103
129000,-94222.97737647865,28704.3203125,-65518.65706397865,293.20448459680955,175.52540195999998,0.7415584847003126,103
130000,-94096.0064749894,28881.9921875,-65214.01428748939,295.0193399903385,175.52540195999998,0.7415584847003126,103
131000,-93996.45097114418,29268.73828125,-64727.71268989418,298.9698146176167,175.52540195999998,0.7415584847003126,103
132000,-94051.10107948158,29084.5703125,-64966.53076698158,297.0886039228953,175.52540195999998,0.7415584847003126,103
133000,-94369.68258430336,28880.943359375,-65488.73922492836,295.0086265818176,175.52540195999998,0.7415584847003126,103
134000,-93743.71819068764,29181.140625,-64562.577565687636,298.0750355260705,175.52540195999998,0.7415584847003126,103
135000,-94188.93993903969,29024.03515625,-65164.90478278969,296.47025870186104,175.52540195999998,0.7415584847003126,103
136000,-93895.95466377113,29252.22265625,-64643.73200752113,298.80111334675576,175.52540195999998,0.7415584847003126,103
137000,-94095.87363197182,28969.1875,-65126.686131971815,295.91000928271285,175.52540195999998,0.7415584847003126,103
138000,-93949.69479133461,29028.951171875,-64920.74361945961,296.52047406358736,175.52540195999998,0.7415584847003126,103
139000,-94164.44624854896,29191.04296875,-64973.403279798964,298.176184466854,175.52540195999998,0.7415584847003126,103
140000,-94084.70060493324,29669.9609375,-64414.73966743324,303.0681622131567,175.52540195999998,0.7415584847003126,103
141000,-94247.88041450355,28583.201171875,-65664.67924262855,291.9672953927057,175.52540195999998,0.7415584847003126,103
142000,-93405.0453849015,29263.34765625,-64141.6977286515,298.91475128890613,175.52540195999998,0.7415584847003126,103
143000,-93949.70741035316,28761.138671875,-65188.56873847816,293.7848640517074,175.52540195999998,0.7415584847003126,103
144000,-94414.61452247475,29336.2578125,-65078.356709974745,299.6595027601976,175.52540195999998,0.7415584847003126,103
145000,-94256.0378546891,29297.62890625,-64958.4089484391,299.2649221387349,175.52540195999998,0.7415584847003126,103
146000,-94081.10055305336,29787.85546875,-64293.24508430336,304.27241317244125,175.52540195999998,0.7415584847003126,103
147000,-94407.66113044594,29375.0546875,-65032.60644294594,300.05579912306206,175.52540195999998,0.7415584847003126,103
148000,-94355.39600898598,29816.505859375,-64538.890149610976,304.56506678434516,175.52540195999998,0.7415584847003126,103
149000,-94248.03698493812,29135.2109375,-65112.826047438124,297.6058800050716,175.52540195999998,0.7415584847003126,103
150000,-94079.8400397477,29118.55078125,-64961.289258497694,297.4357023985858,175.52540195999998,0.7415584847003126,103
151000,-94601.25132514809,29672.001953125,-64929.249372023085,303.0890104662373,175.52540195999998,0.7415584847003126,103
152000,-94288.66566230629,29768.71875,-64519.94691230629,304.0769383555188,175.52540195999998,0.7415584847003126,103
153000,-94520.32867957924,29208.27734375,-65312.05133582924,298.3522275148764,175.52540195999998,0.7415584847003126,103
154000,-94556.65409614418,29287.59375,-65269.06034614418,299.1624165652151,175.52540195999998,0.7415584847003126,103
155000,-94438.70739509437,29796.40625,-64642.301145094374,304.3597563800842,175.52540195999998,0.7415584847003126,103
156000,-94087.53898383949,28916.0,-65171.53898383949,295.3667177727688,175.52540195999998,0.7415584847003126,103
157000,-94578.40823890541,29343.15234375,-65235.25589515541,299.7299279595991,175.52540195999998,0.7415584847003126,103
158000,-94391.07507087562,29229.798828125,-65161.276242750624,298.5720618696088,175.52540195999998,0.7415584847003126,103
159000,-94242.69714118812,28998.6171875,-65244.079953688124,296.21062313670205,175.52540195999998,0.7415584847003126,103
160000,-94395.62673713539,29169.2265625,-65226.40017463539,297.95333758942763,175.52540195999998,0.7415584847003126,103
161000,-93833.11646034096,29089.017578125,-64744.098882215956,297.1340311690814,175.52540195999998,0.7415584847003126,103
162000,-94523.74561836098,29757.669921875,-64766.075696485976,303.96407848214363,175.52540195999998,0.7415584847003126,103
163000,-94239.94795753334,29409.54296875,-64830.40498878334,300.408084723921,175.52540195999998,0.7415584847003126,103
164000,-94436.99758293007,29029.689453125,-65407.30812980507,296.5280153455629,175.52540195999998,0.7415584847003126,103
165000,-93901.05234290932,29065.59375,-64835.458592909315,296.89476504544905,175.52540195999998,0.7415584847003126,103
166000,-94572.88797523353,29218.875,-65354.012975233534,298.46047882704426,175.52540195999998,0.7415584847003126,103
167000,-94354.62806465004,28789.51953125,-65565.10853340004,294.0747644971758,175.52540195999998,0.7415584847003126,103
168000,-94229.63080360267,29318.8125,-64910.818303602675,299.4813050601822,175.52540195999998,0.7415584847003126,103
169000,-93939.22913886879,29308.876953125,-64630.35218574379,299.3798169612146,175.52540195999998,0.7415584847003126,103
170000,-94159.68980171059,29612.40234375,-64547.287457960585,302.48022152580177,175.52540195999998,0.7415584847003126,103
171000,-94538.40809394691,28954.734375,-65583.67371894691,295.762375720228,175.52540195999998,0.7415584847003126,103
172000,-94298.61154701088,29328.07421875,-64970.53732826088,299.5759102430609,175.52540195999998,0.7415584847003126,103
173000,-94208.01010658119,29395.947265625,-64812.06284095619,300.26920942277826,175.52540195999998,0.7415584847003126,103
174000,-94430.4876380143,28888.26953125,-65542.2181067643,295.0834608376123,175.52540195999998,0.7415584847003126,103
175000,-94339.75150825355,29191.65234375,-65148.099164503554,298.18240901705605,175.52540195999998,0.7415584847003126,103
176000,-94368.9778723893,29004.419921875,-65364.557950514296,296.26989601699154,175.52540195999998,0.7415584847003126,103
177000,-94316.3770117936,30079.119140625,-64237.25787116859,307.24756861469336,175.52540195999998,0.7415584847003126,103
178000,-94258.84290840004,28901.0859375,-65357.75697090004,295.2143758966697,175.52540195999998,0.7415584847003126,103
179000,-93913.97290565346,28702.068359375,-65211.904546278456,293.1814816917359,175.52540195999998,0.7415584847003126,103
180000,-94214.79446937416,29461.34765625,-64753.44681312416,300.93725129302186,175.52540195999998,0.7415584847003126,103
181000,-94585.15641548012,29359.140625,-65226.015790480116,299.8932426004775,175.52540195999998,0.7415584847003126,103
182000,-94425.96554328773,29651.861328125,-64774.10421516273,302.88328110186666,175.52540195999998,0.7415584847003126,103
183000,-94684.27701331947,29543.19921875,-65141.07779456947,301.7733360682396,175.52540195999998,0.7415584847003126,103
184000,-94007.50328590248,29111.8046875,-64895.69859840248,297.3667934357719,175.52540195999998,0.7415584847003126,103
185000,-94342.1043982682,29042.82421875,-65299.2801795182,296.66218233309127,175.52540195999998,0.7415584847003126,103
186000,-94321.37584831093,29267.33984375,-65054.03600456093,298.9555300729223,175.52540195999998,0.7415584847003126,103
187000,-94654.34959174965,29046.177734375,-65608.17185737465,296.69643730968403,175.52540195999998,0.7415584847003126,103
188000,-94554.83691169594,29403.328125,-65151.50878669594,300.34460229205257,175.52540195999998,0.7415584847003126,103
189000,-94751.43770362709,29228.30859375,-65523.12910987709,298.5568396522877,175.52540195999998,0.7415584847003126,103
190000,-94268.02482368324,28410.619140625,-65857.40568305824,290.20443095374907,175.52540195999998,0.7415584847003126,103
191000,-94160.68733741615,28914.03125,-65246.65608741615,295.34660768750064,175.52540195999998,0.7415584847003126,103
192000,-94607.10113288734,28960.36328125,-65646.73785163734,295.81987300767145,175.52540195999998,0.7415584847003126,103
193000,-94353.02722694252,29027.798828125,-65325.22839881752,296.50870327955136,175.52540195999998,0.7415584847003126,103
194000,-94211.61424018715,29041.3046875,-65170.30955268715,296.64666085854896,175.52540195999998,0.7415584847003126,103
195000,-94067.90366889809,29576.5390625,-64491.364606398085,302.1138907860254,175.52540195999998,0.7415584847003126,103
196000,-94188.5911536393,29043.89453125,-65144.696622389296,296.6731151969077,175.52540195999998,0.7415584847003126,103
197000,-94703.11593391273,29049.431640625,-65653.68429328773,296.7296748117245,175.52540195999998,0.7415584847003126,103
198000,-94332.66269447182,29323.29296875,-65009.369725721815,299.5270714645524,175.52540195999998,0.7415584847003126,103
199000,-94097.69894172523,28883.6953125,-65214.00362922523,295.03673681013396,175.52540195999998,0.7415584847003126,103
200000,-94201.99383308266,29172.4296875,-65029.564145582655,297.98605637895133,175.52540195999998,0.7415584847003126,103
201000,-94390.66225959633,29377.09375,-65013.56850959633,300.0766274256613,175.52540195999998,0.7415584847003126,103
202000,-94310.69060279701,29242.90234375,-65067.78825904701,298.70590964943443,175.52540195999998,0.7415584847003126,103
203000,-94064.08671333168,28982.775390625,-65081.31132270668,296.0488047819299,175.52540195999998,0.7415584847003126,103
204000,-94748.75843574379,29481.04296875,-65267.71546699379,301.13843194762944,175.52540195999998,0.7415584847003126,103
205000,-94275.33251716469,28889.58984375,-65385.74267341469,295.0969473630501,175.52540195999998,0.7415584847003126,103
206000,-94384.42542793129,29450.6875,-64933.73792793129,300.82836156544863,175.52540195999998,0.7415584847003126,103
207000,-94269.13161994789,29151.765625,-65117.36599494789,297.77498028556096,175.52540195999998,0.7415584847003126,103
208000,-94459.35344459389,28971.060546875,-65488.292897718886,295.92914179439157,175.52540195999998,0.7415584847003126,103
209000,-94506.59563209389,29514.265625,-64992.330007093886,301.4777896365302,175.52540195999998,0.7415584847003126,103
210000,-94052.54168464516,28826.3671875,-65226.174497145155,294.4511502795863,175.52540195999998,0.7415584847003126,103
211000,-94342.14519264076,29210.28125,-65131.86394264076,298.37269670881005,175.52540195999998,0.7415584847003126,103
212000,-94259.70085288856,29037.7265625,-65221.97429038856,296.6101115765933,175.52540195999998,0.7415584847003126,103
213000,-94241.47128822182,29416.7734375,-64824.697850721815,300.4819414061262,175.52540195999998,0.7415584847003126,103
214000,-94324.62939979408,28938.9765625,-65385.65283729408,295.6014152361568,175.52540195999998,0.7415584847003126,103
215000,-94147.69524909828,29054.83203125,-65092.86321784828,296.7848378928422,175.52540195999998,0.7415584847003126,103
216000,-93978.29556037758,29562.7890625,-64415.50649787758,301.9734393968507,175.52540195999998,0.7415584847003126,103
217000,-94619.7645621476,29207.0625,-65412.7020621476,298.3398183154351,175.52540195999998,0.7415584847003126,103
218000,-94107.93081428383,29121.11328125,-64986.81753303383,297.4618774302047,175.52540195999998,0.7415584847003126,103
219000,-94356.47073127601,29391.4375,-64965.033231276015,300.2231437611867,175.52540195999998,0.7415584847003126,103
220000,-94376.08761360023,29445.423828125,-64930.66378547523,300.77459501803014,175.52540195999998,0.7415584847003126,103
221000,-94140.20858527992,29053.3984375,-65086.81014777992,296.7701942394821,175.52540195999998,0.7415584847003126,103
222000,-94331.02673866127,29359.6015625,-64971.42517616127,299.8979509140919,175.52540195999998,0.7415584847003126,103
223000,-94781.47349693153,28812.421875,-65969.05162193153,294.30870384226995,175.52540195999998,0.7415584847003126,103
224000,-94265.31846381996,29349.60546875,-64915.71299506996,299.7958443502004,175.52540195999998,0.7415584847003126,103
225000,-94559.08418800209,29194.90625,-65364.17793800209,298.21564651909654,175.52540195999998,0.7415584847003126,103
226000,-94239.95654060219,28678.068359375,-65561.88818122719,292.9363301760855,175.52540195999998,0.7415584847003126,103
227000,-94418.806958693,28816.59375,-65602.213208693,294.35131807057627,175.52540195999998,0.7415584847003126,103
228000,-94598.22971870277,28770.060546875,-65828.16917182777,293.87599785081966,175.52540195999998,0.7415584847003126,103
229000,-93979.13721992348,28912.251953125,-65066.885266798476,295.3284327989299,175.52540195999998,0.7415584847003126,103
230000,-94668.46694709633,29092.927734375,-65575.53921272133,297.173972032878,175.52540195999998,0.7415584847003126,103
231000,-94492.06878425453,28813.1015625,-65678.96722175453,294.31564660980297,175.52540195999998,0.7415584847003126,103
232000,-93955.63389350746,28932.310546875,-65023.32334663246,295.53332424308104,175.52540195999998,0.7415584847003126,103
233000,-94190.85469581459,29127.068359375,-65063.78633643959,297.52270644804474,175.52540195999998,0.7415584847003126,103
234000,-94364.10880805824,28934.923828125,-65429.18497993324,295.56001798721684,175.52540195999998,0.7415584847003126,103
235000,-94086.19362785194,28846.759765625,-65239.43386222694,294.65945325605975,175.52540195999998,0.7415584847003126,102
236000,-93957.3419852433,29516.890625,-64440.4513602433,301.50460308355446,175.52540195999998,0.7415584847003126,102
237000,-94484.60812141273,29599.6015625,-64885.00655891273,302.3494660705957,175.52540195999998,0.7415584847003126,102
238000,-93614.11370994423,29990.01171875,-63624.10199119423,306.33736780101196,175.52540195999998,0.7415584847003126,102
239000,-94425.06921150062,29868.9609375,-64556.108274000624,305.1008768637578,175.52540195999998,0.7415584847003126,102
240000,-94439.44726325844,29541.66796875,-64897.77929450844,301.7576948908088,175.52540195999998,0.7415584847003126,102
241000,-94101.90983344887,29153.826171875,-64948.083661573866,297.79602804345575,175.52540195999998,0.7415584847003126,102
242000,-94108.89245750282,29459.48828125,-64649.40417625282,300.918258434713,175.52540195999998,0.7415584847003126,102
243000,-93902.11559821937,29438.1640625,-64463.951535719374,300.70043907860367,175.52540195999998,0.7415584847003126,102
244000,-93905.95751334999,29384.609375,-64521.34813834999,300.15339687815333,175.52540195999998,0.7415584847003126,102
245000,-94064.5264105973,29369.5703125,-64694.956098097304,299.9997781712435,175.52540195999998,0.7415584847003126,102
246000,-94186.12627937172,28884.984375,-65301.14190437172,295.0499041278691,175.52540195999998,0.7415584847003126,102
247000,-94169.1773581681,29271.287109375,-64897.890248793105,298.9958499958657,175.52540195999998,0.7415584847003126,102
248000,-94057.71961738441,29224.380859375,-64833.33875800941,298.5167192341584,175.52540195999998,0.7415584847003126,102
249000,-93983.57616950844,29092.9609375,-64890.61523200844,297.1743111910621,175.52540195999998,0.7415584847003126,102
250000,-93990.87756111,29190.341796875,-64800.535764235,298.16902224402537,175.52540195999998,0.7415584847003126,102
251000,-94738.90360786293,29253.841796875,-65485.06181098793,298.8176522958503,175.52540195999998,0.7415584847003126,102
252000,-94148.117505568,29141.130859375,-65006.98664619301,297.6663499142461,175.52540195999998,0.7415584847003126,102
253000,-94657.64893867348,29223.609375,-65434.039563673476,298.5088387939987,175.52540195999998,0.7415584847003126,102
254000,-93952.04893256996,29179.8046875,-64772.24424506996,298.0613893967814,175.52540195999998,0.7415584847003126,102
255000,-94302.47157050941,29345.521484375,-64956.95008613441,299.7541278935578,175.52540195999998,0.7415584847003126,102
256000,-94390.20646430824,29263.1953125,-65127.01115180824,298.9131951513557,175.52540195999998,0.7415584847003126,102
257000,-94546.25420142982,29487.23046875,-65059.02373267982,301.20163507275805,175.52540195999998,0.7415584847003126,102
258000,-94122.25211860512,29472.255859375,-64649.996259230116,301.048674731735,175.52540195999998,0.7415584847003126,102
259000,-94380.215451735,29576.2421875,-64803.973264235,302.11085831285004,175.52540195999998,0.7415584847003126,102
260000,-94352.65519477699,29497.681640625,-64854.97355415199,301.30839009881964,175.52540195999998,0.7415584847003126,102
261000,-94004.145139235,29619.0859375,-64385.059201735,302.54849207321035,175.52540195999998,0.7415584847003126,102
262000,-94159.25622321937,29459.94921875,-64699.307004469374,300.9229667483274,175.52540195999998,0.7415584847003126,102
263000,-94033.2688727555,29133.69921875,-64899.56965400551,297.59043833245494,175.52540195999998,0.7415584847003126,102
264000,-94067.41650153969,28919.025390625,-65148.39111091469,295.39762106848355,175.52540195999998,0.7415584847003126,102
265000,-94669.57421638344,29031.111328125,-65638.46288825844,296.54253929603436,175.52540195999998,0.7415584847003126,102
266000,-94448.49787666176,29070.853515625,-65377.64436103676,296.9484916919046,175.52540195999998,0.7415584847003126,102
267000,-94616.97012855385,28845.859375,-65771.11075355385,294.6502560841265,175.52540195999998,0.7415584847003126,102
268000,-93439.11489631508,28819.8828125,-64619.23208381508,294.3849146812823,175.52540195999998,0.7415584847003126,102
269000,-94196.60055305336,29233.7578125,-64962.84274055336,298.6125014954407,175.52540195999998,0.7415584847003126,102
270000,-93907.09357978676,29179.013671875,-64728.07990791176,298.05330945180754,175.52540195999998,0.7415584847003126,102
271000,-94532.34209968422,29364.990234375,-65167.35186530922,299.952994292321,175.52540195999998,0.7415584847003126,102
272000,-94460.33639289711,29091.6171875,-65368.71920539711,297.16058525984727,175.52540195999998,0.7415584847003126,102
273000,-94379.41679145668,29444.734375,-64934.68241645668,300.76755249809,175.52540195999998,0.7415584847003126,102
274000,-94189.09336616371,29496.9140625,-64692.17930366371,301.3005495596228,175.52540195999998,0.7415584847003126,102
275000,-94003.43134834144,29634.798828125,-64368.632520216444,302.70899369620895,175.52540195999998,0.7415584847003126,102
276000,-94287.87410499428,28688.61328125,-65599.26082374428,293.0440428252551,175.52540195999998,0.7415584847003126,102
277000,-94633.32936622475,29369.70703125,-65263.622334974745,300.0011747049427,175.52540195999998,0.7415584847003126,102
278000,-94112.80991889809,29170.953125,-64941.856793898085,297.97097381500015,175.52540195999998,0.7415584847003126,102
279000,-94284.27966834877,29805.357421875,-64478.92224647377,304.4511894364177,175.52540195999998,0.7415584847003126,102
280000,-94097.10622932289,29417.279296875,-64679.82693244789,300.4871085808132,175.52540195999998,0.7415584847003126,102
281000,-94671.3757453141,28792.80859375,-65878.5671515641,294.1083611078818,175.52540195999998,0.7415584847003126,102
282000,-93943.91937019203,29485.08203125,-64458.83733894203,301.1796895431995,175.52540195999998,0.7415584847003126,102
283000,-94063.30206062172,29130.130859375,-64933.17120124672,297.55398880290636,175.52540195999998,0.7415584847003126,102
284000,-93894.26910163734,29180.177734375,-64714.09136726234,298.065199938732,175.52540195999998,0.7415584847003126,102
285000,-94562.33586646889,29048.5703125,-65513.765553968886,296.7208766494197,175.52540195999998,0.7415584847003126,102
286000,-93897.93410255287,29003.3125,-64894.62160255287,296.25858409402815,175.52540195999998,0.7415584847003126,102
287000,-94558.85418464516,28989.11328125,-65569.74090339516,296.1135440941276,175.52540195999998,0.7415584847003126,102
288000,-94081.21325446937,29204.634765625,-64876.578488844374,298.3150198670339,175.52540195999998,0.7415584847003126,102
289000,-94349.5241904435,29099.41796875,-65250.106221693495,297.2402674826262,175.52540195999998,0.7415584847003126,102
290000,-94211.14770271156,29374.068359375,-64837.07934333656,300.04572412994656,175.52540195999998,0.7415584847003126,102
291000,-94623.71102668617,29217.53125,-65406.17977668617,298.44675289582943,175.52540195999998,0.7415584847003126,102
292000,-94075.53518440101,29659.552734375,-64415.982450026015,302.96184609768625,175.52540195999998,0.7415584847003126,102
293000,-94461.8721213517,29517.41015625,-64944.4619651017,301.5099099116114,175.52540195999998,0.7415584847003126,102
294000,-93802.30807258461,29115.25390625,-64687.05416633461,297.4020259859541,175.52540195999998,0.7415584847003126,102
295000,-94384.99302436684,29478.806640625,-64906.186383741835,301.11558864640716,175.52540195999998,0.7415584847003126,102
296000,-94459.2842345414,29237.90234375,-65221.381890791396,298.6548364170073,175.52540195999998,0.7415584847003126,102
297000,-94253.29436256264,29256.01953125,-64997.274831312636,298.8398970826301,175.52540195999998,0.7415584847003126,102
298000,-94243.2789282975,29167.59375,-65075.6851782975,297.93665898696315,175.52540195999998,0.7415584847003126,102
299000,-94365.34527351234,29339.63671875,-65025.70855476234,299.6940170930487,175.52540195999998,0.7415584847003126,102
300000,-94721.1614661393,29045.6484375,-65675.5130286393,296.69103072922,175.52540195999998,0.7415584847003126,102
301000,-94221.62721015785,28948.18359375,-65273.44361640785,295.6954618055559,175.52540195999998,0.7415584847003126,102
302000,-94168.55825950477,29699.2421875,-64469.316072004774,303.3672598305583,175.52540195999998,0.7415584847003126,102
303000,-94057.47791053627,29175.107421875,-64882.37048866127,298.0134084889738,175.52540195999998,0.7415584847003126,102
304000,-94504.35573341225,28990.919921875,-65513.435811537245,296.13199828943823,175.52540195999998,0.7415584847003126,102
305000,-94040.11771919105,29384.24609375,-64655.871625441054,300.1496860886098,175.52540195999998,0.7415584847003126,102
306000,-94627.81432868812,29273.53515625,-65354.279172438124,299.0188129999765,175.52540195999998,0.7415584847003126,102
307000,-94873.58984519813,28871.447265625,-66002.14257957313,294.9116273411688,175.52540195999998,0.7415584847003126,102
308000,-94356.61830665443,29260.11328125,-65096.50502540443,298.88171329167983,175.52540195999998,0.7415584847003126,102
309000,-94348.86211158607,29060.64453125,-65288.21758033607,296.8442105255387,175.52540195999998,0.7415584847003126,102
310000,-94569.58646537636,29562.99609375,-65006.59037162636,301.9755541478809,175.52540195999998,0.7415584847003126,102
311000,-94076.48328925941,29206.177734375,-64870.30555488441,298.33078074735323,175.52540195999998,0.7415584847003126,102
312000,-94183.11056281898,28943.51953125,-65239.59103156898,295.6478200559324,175.52540195999998,0.7415584847003126,102
313000,-93915.75192787025,28953.39453125,-64962.35739662025,295.74868968997606,175.52540195999998,0.7415584847003126,102
314000,-94415.46905280922,29008.107421875,-65407.36163093422,296.3075625259066,175.52540195999998,0.7415584847003126,102
315000,-94338.13238288734,29484.70703125,-64853.42535163734,301.1758590507675,175.52540195999998,0.7415584847003126,102
316000,-94017.10533668373,29450.92578125,-64566.17955543373,300.83079552418144,175.52540195999998,0.7415584847003126,102
317000,-94512.83513404701,28969.75,-65543.08513404701,295.91575502136084,175.52540195999998,0.7415584847003126,102
318000,-94058.1606269059,29012.80859375,-65045.3520331559,296.35558333467696,175.52540195999998,0.7415584847003126,102
319000,-94388.43412544105,29028.845703125,-65359.588422316054,296.5193967375908,175.52540195999998,0.7415584847003126,102
320000,-94631.90241767738,28883.947265625,-65747.95515205238,295.0393104222367,175.52540195999998,0.7415584847003126,102
321000,-94494.21759559486,28854.849609375,-65639.36798621986,294.74208815008836,175.52540195999998,0.7415584847003126,102
322000,-94468.9071326432,29510.650390625,-64958.2567420182,301.4408612954276,175.52540195999998,0.7415584847003126,102
323000,-94185.33699180458,29506.078125,-64679.25886680458,301.3941572184308,175.52540195999998,0.7415584847003126,102
324000,-94713.3283209977,29166.9375,-65546.3908209977,297.92995562520707,175.52540195999998,0.7415584847003126,102
325000,-93579.35517646644,28994.1015625,-64585.253613966444,296.16449762366625,175.52540195999998,0.7415584847003126,102
326000,-94232.59110023353,29824.234375,-64408.356725233534,304.6440108393117,175.52540195999998,0.7415584847003126,102
327000,-94475.25202705238,29111.3046875,-65363.94733955238,297.36168611252924,175.52540195999998,0.7415584847003126,102
328000,-94627.28099586342,28886.591796875,-65740.68919898842,295.0663233740752,175.52540195999998,0.7415584847003126,102
329000,-94117.57677986,28861.384765625,-65256.192014235,294.80884246090915,175.52540195999998,0.7415584847003126,102
330000,-94636.51289893959,29583.53125,-65052.98164893959,302.1853135094978,175.52540195999998,0.7415584847003126,102
331000,-93822.74924995277,29240.68359375,-64582.06565620277,298.6832459025449,175.52540195999998,0.7415584847003126,102
332000,-94791.87331916664,29593.068359375,-65198.80495979164,302.2827317102563,175.52540195999998,0.7415584847003126,102
333000,-94400.60862495277,29323.431640625,-65077.17698432777,299.5284879487331,175.52540195999998,0.7415584847003126,102
334000,-94486.19719459389,28957.76953125,-65528.427663343886,295.79337876834984,175.52540195999998,0.7415584847003126,102
335000,-94230.24132682655,29312.4609375,-64917.78038932655,299.41642609461456,175.52540195999998,0.7415584847003126,102
336000,-94176.13125373695,29112.41015625,-65063.72109748695,297.3729780850112,175.52540195999998,0.7415584847003126,102
337000,-94351.32939674232,28936.046875,-65415.28252174232,295.5714895140315,175.52540195999998,0.7415584847003126,102
338000,-94468.41008521889,29331.82421875,-65136.585866468886,299.6142151673813,175.52540195999998,0.7415584847003126,102
339000,-94415.5158057389,29187.453125,-65228.062680738905,298.1395154820098,175.52540195999998,0.7415584847003126,103
340000,-94162.03616096351,29874.7109375,-64287.325223463515,305.159611081049,175.52540195999998,0.7415584847003126,103
341000,-94245.09864570473,29473.74609375,-64771.352551954726,301.0638969490561,175.52540195999998,0.7415584847003126,103
342000,-94952.7313513932,28928.14453125,-66024.5868201432,295.4907698662189,175.52540195999998,0.7415584847003126,103
343000,-94567.77845527504,29281.234375,-65286.54408027504,299.0974577977218,175.52540195999998,0.7415584847003126,103
344000,-94156.48914863441,28956.826171875,-65199.66297675941,295.7837426858255,175.52540195999998,0.7415584847003126,103
345000,-94014.93249275062,28935.359375,-65079.573117750624,295.56446694457276,175.52540195999998,0.7415584847003126,103
346000,-94551.44654609535,28979.32421875,-65572.12232734535,296.0135522812663,175.52540195999998,0.7415584847003126,103
347000,-94763.74950935219,29216.63671875,-65547.11279060219,298.43761557534054,175.52540195999998,0.7415584847003126,103
348000,-94333.2094550309,29479.083984375,-64854.1254706559,301.1184216147683,175.52540195999998,0.7415584847003126,103
349000,-94316.64326240394,29882.65234375,-64433.990918653944,305.24072973848996,175.52540195999998,0.7415584847003126,103
350000,-94359.13946296547,28929.744140625,-65429.39532234047,295.5071093104993,175.52540195999998,0.7415584847003126,103
351000,-94500.26607658241,29416.8125,-65083.45357658241,300.48234041575455,175.52540195999998,0.7415584847003126,103
352000,-94299.83068611,29113.49609375,-65186.33459236,297.38407055267896,175.52540195999998,0.7415584847003126,103
353000,-94002.34667732094,29493.5,-64508.84667732094,301.26567611810617,175.52540195999998,0.7415584847003126,103
354000,-94213.07345344398,29333.72265625,-64879.35079719398,299.6336070353185,175.52540195999998,0.7415584847003126,103
355000,-94418.29801704262,29007.484375,-65410.813642042616,296.3011983223346,175.52540195999998,0.7415584847003126,103
356000,-94507.89520027016,29076.66796875,-65431.227231520155,297.00788427508263,175.52540195999998,0.7415584847003126,103
357000,-94097.91081001137,29356.892578125,-64741.018231886366,299.8702795963667,175.52540195999998,0.7415584847003126,103
358000,-94036.0262732682,29478.595703125,-64557.4305701432,301.1134339944141,175.52540195999998,0.7415584847003126,103
359000,-93912.84415962074,29917.4375,-63995.40665962074,305.59604781252426,175.52540195999998,0.7415584847003126,103
360000,-94502.50449897621,29243.369140625,-65259.13535835121,298.7106778144931,175.52540195999998,0.7415584847003126,103
361000,-94463.79348518226,29339.685546875,-65124.107938307265,299.69451585508415,175.52540195999998,0.7415584847003126,103
362000,-94796.54137183998,28930.525390625,-65866.01598121498,295.51508950306606,175.52540195999998,0.7415584847003126,103
363000,-94709.61356880043,29368.09375,-65341.51981880043,299.9846956072924,175.52540195999998,0.7415584847003126,103
364000,-94424.84733344887,29053.23046875,-65371.616864698866,296.7684784980803,175.52540195999998,0.7415584847003126,103
365000,-93983.47912361,29521.44921875,-64462.02990486,301.55116750718145,175.52540195999998,0.7415584847003126,103
366000,-94568.23306800697,29384.9140625,-65183.31900550697,300.15650915325443,175.52540195999998,0.7415584847003126,103
367000,-94026.79885627601,29046.23046875,-64980.568387526015,296.6969759726823,175.52540195999998,0.7415584847003126,103
368000,-94690.68847419594,29412.611328125,-65278.07714607094,300.4394269302269,175.52540195999998,0.7415584847003126,103
369000,-94909.08659889076,28940.318359375,-65968.76823951576,295.6151212168902,175.52540195999998,0.7415584847003126,103
370000,-94626.81500007484,29290.755859375,-65336.05914069984,299.194716394629,175.52540195999998,0.7415584847003126,103
371000,-94629.12344123695,28969.1875,-65659.93594123695,295.91000928271285,175.52540195999998,0.7415584847003126,103
372000,-94953.1296477494,29189.88671875,-65763.2429289994,298.1643737818552,175.52540195999998,0.7415584847003126,103
373000,-94841.95856239174,28848.82421875,-65993.13434364174,294.68054091491734,175.52540195999998,0.7415584847003126,103
374000,-94486.68021919105,29197.771484375,-65288.908734816054,298.2449138753351,175.52540195999998,0.7415584847003126,103
375000,-94331.76981880043,29055.818359375,-65275.95145942543,296.7949128859577,175.52540195999998,0.7415584847003126,103
376000,-94269.02560188148,29168.4765625,-65100.54903938148,297.9456766045636,175.52540195999998,0.7415584847003126,103
377000,-94448.30357887123,28744.6484375,-65703.65514137123,293.61642213710485,175.52540195999998,0.7415584847003126,103
378000,-94329.6603369889,28737.345703125,-65592.3146338639,293.54182728708724,175.52540195999998,0.7415584847003126,103
379000,-94010.09695197914,28877.62890625,-65132.46804572914,294.97477061485324,175.52540195999998,0.7415584847003126,103
380000,-93946.49646522377,29168.48828125,-64778.00818397377,297.9457963074521,175.52540195999998,0.7415584847003126,103
381000,-94373.2725119767,29212.5703125,-65160.7021994767,298.3960786730306,175.52540195999998,0.7415584847003126,103
382000,-94557.01736213539,29075.578125,-65481.43923713539,296.996751906452,175.52540195999998,0.7415584847003126,103
383000,-94303.38654853676,29107.31640625,-65196.07014228676,297.320947229476,175.52540195999998,0.7415584847003126,103
384000,-94364.49918891762,29400.546875,-64963.952313917616,300.31619280651495,175.52540195999998,0.7415584847003126,103
385000,-93994.58814002846,29456.59375,-64537.994390028456,300.8886918212532,175.52540195999998,0.7415584847003126,103
386000,-94341.0787406144,29246.64453125,-65094.43420936439,298.7441347718291,175.52540195999998,0.7415584847003126,103
387000,-94220.16975166176,28943.9375,-65276.23225166176,295.65208945895563,175.52540195999998,0.7415584847003126,103
388000,-94099.68900825355,29548.58203125,-64551.106977003554,301.8283195950245,175.52540195999998,0.7415584847003126,103
389000,-94118.57823707435,29135.58984375,-64982.988393324355,297.6097503984665,175.52540195999998,0.7415584847003126,103
390000,-94733.39886237953,29501.6640625,-65231.73479987953,301.34906913042863,175.52540195999998,0.7415584847003126,103
391000,-94954.52927162025,29399.4921875,-65555.03708412025,300.30541954654984,175.52540195999998,0.7415584847003126,103
392000,-93986.27135993812,29188.578125,-64797.693234938124,298.1510069593059,175.52540195999998,0.7415584847003126,103
393000,-94398.84943916176,29275.6796875,-65123.16975166176,299.0407186285722,175.52540195999998,0.7415584847003126,103
394000,-94841.22990943764,28979.58203125,-65861.64787818764,296.0161857448133,175.52540195999998,0.7415584847003126,103
395000,-94219.43105842445,29404.4375,-64814.99355842445,300.35593416549733,175.52540195999998,0.7415584847003126,103
396000,-94798.85442878578,28500.0703125,-66298.78411628578,291.1181430521599,175.52540195999998,0.7415584847003126,103
397000,-94648.16839362953,29298.21484375,-65349.95354987953,299.27090728315994,175.52540195999998,0.7415584847003126,103
398000,-94390.35932685707,29511.94921875,-64878.41010810707,301.45412836556983,175.52540195999998,0.7415584847003126,103
399000,-94853.79227973793,28989.205078125,-65864.58720161293,296.1144817667542,175.52540195999998,0.7415584847003126,103
400000,-94204.84750892494,29065.23828125,-65139.60922767494,296.8911340578312,175.52540195999998,0.7415584847003126,103
401000,-94490.84134437416,29683.9296875,-64806.91165687416,303.2108480562501,175.52540195999998,0.7415584847003126,103
402000,-94723.64941169594,29284.18359375,-65439.46581794594,299.12758302466125,175.52540195999998,0.7415584847003126,103
403000,-94685.30160285805,29541.5703125,-65143.731290358046,301.7566973667379,175.52540195999998,0.7415584847003126,103
404000,-94530.36655952309,29394.96484375,-65135.401715773085,300.25917433062557,175.52540195999998,0.7415584847003126,103
405000,-94207.27917243812,29025.77734375,-65181.501828688124,296.4880545312849,175.52540195999998,0.7415584847003126,103
406000,-94298.53513862465,29129.87109375,-65168.66404487465,297.5513353888779,175.52540195999998,0.7415584847003126,103
407000,-94304.17307807777,29519.5,-64784.67307807777,301.53125692672745,175.52540195999998,0.7415584847003126,103
408000,-94081.85305549476,29340.8203125,-64741.032742994765,299.70610708478733,175.52540195999998,0.7415584847003126,103
409000,-94709.57451392982,28868.2265625,-65841.34795142982,294.8787289973124,175.52540195999998,0.7415584847003126,103
410000,-94706.92322303627,29172.12109375,-65534.80212928627,297.9829042028874,175.52540195999998,0.7415584847003126,103
411000,-94992.53124763344,28526.87890625,-66465.65234138344,291.3919833600877,175.52540195999998,0.7415584847003126,103
412000,-94528.941724318,28948.04296875,-65580.898755568,295.6940253708938,175.52540195999998,0.7415584847003126,103
413000,-94348.33795692299,29173.0859375,-65175.25201942299,297.99275974070736,175.52540195999998,0.7415584847003126,103
414000,-94697.60932685707,29091.08984375,-65606.51948310707,297.15519862986474,175.52540195999998,0.7415584847003126,103
415000,-94195.2849211869,29451.7421875,-64743.5427336869,300.8391348254137,175.52540195999998,0.7415584847003126,103
416000,-94386.2881446061,29504.556640625,-64881.73150398109,301.37861579340705,175.52540195999998,0.7415584847003126,103
417000,-94448.40038062904,29374.94140625,-65073.45897437904,300.05464199513995,175.52540195999998,0.7415584847003126,103
418000,-94289.66618110512,29304.02734375,-64985.638837355116,299.3302799158565,175.52540195999998,0.7415584847003126,103
419000,-93851.62307502601,28898.36328125,-64953.259793776015,295.1865649255746,175.52540195999998,0.7415584847003126,103
420000,-94381.92927314613,28921.3828125,-65460.54646064613,295.4217012995537,175.52540195999998,0.7415584847003126,103
421000,-94375.90865852211,28894.21484375,-65481.69381477211,295.1441901030452,175.52540195999998,0.7415584847003126,103
422000,-94784.64993049476,29620.55078125,-65164.099149244765,302.56345493427295,175.52540195999998,0.7415584847003126,103
423000,-94644.18995429848,29293.763671875,-65350.426282423476,299.22544013601095,175.52540195999998,0.7415584847003126,103
424000,-94334.93327094887,29275.8359375,-65059.097333448866,299.0423146670856,175.52540195999998,0.7415584847003126,103
425000,-94325.50318672035,29018.72265625,-65306.78053047035,296.4159933924072,175.52540195999998,0.7415584847003126,103
426000,-94114.97527839516,29027.17578125,-65087.799497145155,296.5023390759794,175.52540195999998,0.7415584847003126,103
427000,-94476.12153388832,29408.255859375,-65067.86567451332,300.3949373566673,175.52540195999998,0.7415584847003126,103
428000,-94472.6284003434,28900.08984375,-65572.5385565934,295.2042011511471,175.52540195999998,0.7415584847003126,103
429000,-94249.07951118324,29035.083984375,-65213.99552680824,296.58311857523626,175.52540195999998,0.7415584847003126,103
430000,-94252.37216712807,29509.609375,-64742.762792128065,301.4302276888324,175.52540195999998,0.7415584847003126,103
431000,-94121.68745185707,29463.611328125,-64658.07612373207,300.96037390098394,175.52540195999998,0.7415584847003126,103
432000,-94442.42544319008,29462.4765625,-64979.94888069008,300.94878267128075,175.52540195999998,0.7415584847003126,103
433000,-94065.65763618324,29460.47265625,-64605.18497993324,300.92831347734705,175.52540195999998,0.7415584847003126,103
434000,-93947.85528327797,29762.22265625,-64185.63262702797,304.01058305432633,175.52540195999998,0.7415584847003126,103
435000,-94300.85630561684,28764.96875,-65535.887555616835,293.82398694576585,175.52540195999998,0.7415584847003126,103
436000,-93991.68548347328,29557.48046875,-64434.20501472328,301.9192139883597,175.52540195999998,0.7415584847003126,103
437000,-94286.63219978187,29107.9375,-65178.694699781874,297.3272914825666,175.52540195999998,0.7415584847003126,103
438000,-94842.60191108559,29094.63671875,-65747.96519233559,297.19142870411775,175.52540195999998,0.7415584847003126,103
439000,-94112.65823127601,29357.2109375,-64755.447293776015,299.87353152483763,175.52540195999998,0.7415584847003126,103
440000,-94025.65284492348,29120.33203125,-64905.320813673476,297.453897237638,175.52540195999998,0.7415584847003126,103
441000,-94936.81977607582,29561.4296875,-65375.39008857582,301.95955386178457,175.52540195999998,0.7415584847003126,103
442000,-94946.73689033363,29459.74609375,-65486.99079658363,300.92089189826,175.52540195999998,0.7415584847003126,103
443000,-94034.56722785805,29686.955078125,-64347.612149733046,303.2417513519648,175.52540195999998,0.7415584847003126,103
444000,-93908.36073829506,29672.662109375,-64235.69862892006,303.0957537289562,175.52540195999998,0.7415584847003126,103
445000,-94390.20935584877,28929.5234375,-65460.68591834877,295.5048549060992,175.52540195999998,0.7415584847003126,103
446000,-93969.3821540055,29332.634765625,-64636.74738838051,299.62249461716925,175.52540195999998,0.7415584847003126,103
447000,-94458.49751045082,29027.05078125,-65431.44672920082,296.5010622451687,175.52540195999998,0.7415584847003126,103
448000,-94551.71700813148,29352.00390625,-65199.71310188148,299.82034354138034,175.52540195999998,0.7415584847003126,103
449000,-94659.93040229652,29590.666015625,-65069.26438667152,302.2581926181136,175.52540195999998,0.7415584847003126,103
450000,-94330.78600837562,28919.9375,-65410.848508375624,295.40693794330525,175.52540195999998,0.7415584847003126,103
451000,-94806.75431587074,29143.18359375,-65663.57072212074,297.6873178702152,175.52540195999998,0.7415584847003126,103
452000,-94624.65293647621,29423.6640625,-65200.98887397621,300.5523267045649,175.52540195999998,0.7415584847003126,103
453000,-94388.45695258949,29264.123046875,-65124.33390571449,298.9226716300287,175.52540195999998,0.7415584847003126,103
454000,-94823.86281349037,29194.5625,-65629.30031349037,298.21213523436717,175.52540195999998,0.7415584847003126,103
455000,-94697.79577400062,29208.359375,-65489.436399000624,298.35306543509586,175.52540195999998,0.7415584847003126,103
456000,-94290.85042335365,29396.5390625,-64894.31136085365,300.27525441864753,175.52540195999998,0.7415584847003126,103
457000,-94519.71128608559,29301.287109375,-65218.424176710585,299.3022893904287,175.52540195999998,0.7415584847003126,103
458000,-94470.11867286537,28982.79296875,-65487.32570411537,296.04898433626266,175.52540195999998,0.7415584847003126,103
459000,-94828.80383064125,29509.3046875,-65319.49914314125,301.4271154137314,175.52540195999998,0.7415584847003126,103
460000,-94468.61042548988,30022.57421875,-64446.03620673988,306.6699822271939,175.52540195999998,0.7415584847003126,103
461000,-94648.61381294105,29222.3515625,-65426.262250441054,298.4959906839663,175.52540195999998,0.7415584847003126,103
462000,-94398.6452765641,29300.76953125,-65097.8757453141,299.2970025128532,175.52540195999998,0.7415584847003126,103
463000,-94615.18187476967,29102.65625,-65512.52562476967,297.2733453808154,175.52540195999998,0.7415584847003126,103
464000,-94463.08497382973,28977.357421875,-65485.727551954726,295.99346214647954,175.52540195999998,0.7415584847003126,103
465000,-94923.04330970619,28576.138671875,-66346.90463783119,291.8951544519024,175.52540195999998,0.7415584847003126,103
466000,-94523.05021430824,29214.009765625,-65309.04044868324,298.41078217783485,175.52540195999998,0.7415584847003126,103
467000,-94709.213208693,29752.28125,-64956.93195869301,303.90903510391456,175.52540195999998,0.7415584847003126,103
468000,-94561.0470557389,29319.203125,-65241.843930738905,299.48529515646555,175.52540195999998,0.7415584847003126,103
469000,-94403.27870323036,29447.048828125,-64956.22987510536,300.791193818569,175.52540195999998,0.7415584847003126,103
470000,-94258.38098670814,28888.072265625,-65370.30872108314,295.08144583898917,175.52540195999998,0.7415584847003126,103
471000,-94860.78188087318,29259.267578125,-65601.51430274818,298.8730747332263,175.52540195999998,0.7415584847003126,103
472000,-94623.95673133705,29668.8984375,-64955.05829383705,303.05730915126594,175.52540195999998,0.7415584847003126,103
473000,-94410.19413520668,29129.642578125,-65280.55155708168,297.5490011825521,175.52540195999998,0.7415584847003126,103
474000,-94951.03620673988,29205.38671875,-65745.64948798988,298.3227008023794,175.52540195999998,0.7415584847003126,103
475000,-94813.37775947426,29254.359375,-65559.01838447426,298.82293917342577,175.52540195999998,0.7415584847003126,103
476000,-94809.23953010414,29281.6953125,-65527.54421760414,299.10216611133615,175.52540195999998,0.7415584847003126,103
477000,-94349.13642646644,29451.794921875,-64897.341504591444,300.83967348841196,175.52540195999998,0.7415584847003126,103
478000,-94482.8553748307,29463.234375,-65019.6209998307,300.9565234580705,175.52540195999998,0.7415584847003126,103
479000,-94583.4254050431,29173.1640625,-65410.261342543105,297.99355775996406,175.52540195999998,0.7415584847003126,103
480000,-94342.076074141,28851.1015625,-65490.974511641005,294.7038031762494,175.52540195999998,0.7415584847003126,103
481000,-94667.40984107826,29069.6796875,-65597.73015357826,296.9365014525731,175.52540195999998,0.7415584847003126,103
482000,-94370.98513557289,28609.34765625,-65761.63747932289,292.23437248743323,175.52540195999998,0.7415584847003126,103
483000,-94545.2420935807,29063.8671875,-65481.3749060807,296.87712881987653,175.52540195999998,0.7415584847003126,103
484000,-94631.71108009193,28910.2734375,-65721.43764259193,295.3082229612546,175.52540195999998,0.7415584847003126,103
485000,-94725.4303031144,29154.48046875,-65570.9498343644,297.80271145473034,175.52540195999998,0.7415584847003126,103
486000,-94309.79991676185,29049.0859375,-65260.713979261855,296.7261435765137,175.52540195999998,0.7415584847003126,103
487000,-94655.87069465492,28957.751953125,-65698.11874152992,295.7931992140171,175.52540195999998,0.7415584847003126,103
488000,-94784.50221778725,29421.208984375,-65363.293233412245,300.5272489494239,175.52540195999998,0.7415584847003126,103
489000,-94460.95004035805,29252.05078125,-65208.899259108046,298.799357704391,175.52540195999998,0.7415584847003126,103
490000,-94219.56155158851,29465.009765625,-64754.551785963515,300.9746584456785,175.52540195999998,0.7415584847003126,103
491000,-94636.92674018715,29149.62109375,-65487.30564643715,297.7530746569652,175.52540195999998,0.7415584847003126,103
492000,-94303.38205482338,29248.91015625,-65054.47189857338,298.76727733027275,175.52540195999998,0.7415584847003126,103
493000,-94299.2621817765,28812.125,-65487.1371817765,294.3056713690945,175.52540195999998,0.7415584847003126,103
494000,-95106.63067390297,29220.29296875,-65886.33770515297,298.4749628765529,175.52540195999998,0.7415584847003126,103
495000,-94425.90725471351,29330.294921875,-65095.612332838515,299.59859394043184,175.52540195999998,0.7415584847003126,103
496000,-94594.95118476723,28600.69140625,-65994.25977851723,292.1459519537937,175.52540195999998,0.7415584847003126,103
497000,-94788.56957771156,29301.220703125,-65487.34887458656,299.3016110740605,175.52540195999998,0.7415584847003126,103
498000,-94433.09090949867,29128.90234375,-65304.18856574867,297.54143995009514,175.52540195999998,0.7415584847003126,103
499000,-94250.28005744789,29332.8046875,-64917.47536994789,299.62423030905256,175.52540195999998,0.7415584847003126,103
500000,-94325.04591132973,28961.78515625,-65363.260755079726,295.8343969581429,175.52540195999998,0.7415584847003126,103
501000,-94406.02685310219,29368.359375,-65037.66747810219,299.9874088727651,175.52540195999998,0.7415584847003126,103
502000,-94512.46241523598,29506.220703125,-65006.241712110976,301.3956136035742,175.52540195999998,0.7415584847003126,103
503000,-94702.86411811684,29486.763671875,-65216.100446241835,301.1968669076994,175.52540195999998,0.7415584847003126,103
504000,-94635.0333209214,28990.640625,-65644.3926959214,296.1291453705956,175.52540195999998,0.7415584847003126,103
505000,-94563.4254126725,29410.3828125,-65153.0426001725,300.41666343093027,175.52540195999998,0.7415584847003126,103
506000,-94925.02171089027,29507.435546875,-65417.58616401527,301.4080228030155,175.52540195999998,0.7415584847003126,103
507000,-94557.68827583168,28623.90625,-65933.78202583168,292.3830833759145,175.52540195999998,0.7415584847003126,103
508000,-94692.4024024186,28916.3125,-65776.0899024186,295.36990984979553,175.52540195999998,0.7415584847003126,103
509000,-94509.27886726234,29501.701171875,-65007.57769538734,301.3494481895756,175.52540195999998,0.7415584847003126,103
510000,-94921.52560188148,29711.431640625,-65210.09396125648,303.49177078508086,175.52540195999998,0.7415584847003126,103
511000,-94894.2347083268,29381.05078125,-65513.183927076796,300.11704710101185,175.52540195999998,0.7415584847003126,103
512000,-94633.54794837807,29305.00390625,-65328.544042128065,299.340255156565,175.52540195999998,0.7415584847003126,103
513000,-94480.32581474159,29388.3125,-65092.01331474159,300.1912229909197,175.52540195999998,0.7415584847003126,103
514000,-94433.4657263932,28898.640625,-65534.8251013932,295.1893978939358,175.52540195999998,0.7415584847003126,103
515000,-94072.60123969887,29375.962890625,-64696.638349073866,300.0650760969209,175.52540195999998,0.7415584847003126,103
516000,-94132.82681800697,29252.5234375,-64880.30338050697,298.8041857208939,175.52540195999998,0.7415584847003126,103
517000,-94138.15363075111,29253.7421875,-64884.41144325111,298.81663482129807,175.52540195999998,0.7415584847003126,103
518000,-94436.41264106605,28777.919921875,-65658.49271919105,293.9562785880411,175.52540195999998,0.7415584847003126,103
519000,-94005.37334968422,28959.8515625,-65045.52178718422,295.81464598154025,175.52540195999998,0.7415584847003126,103
520000,-94761.2870154557,29229.453125,-65531.8338904557,298.568530634398,175.52540195999998,0.7415584847003126,103
521000,-94627.70181037758,29427.021484375,-65200.68032600258,300.58662158212053,175.52540195999998,0.7415584847003126,103
522000,-94589.40041114662,29260.916015625,-65328.48439552162,298.88991293954217,175.52540195999998,0.7415584847003126,103
523000,-94397.46423866127,29080.4140625,-65317.05017616127,297.0461492984402,175.52540195999998,0.7415584847003126,103
524000,-94428.276830214,28991.80859375,-65436.468236464,296.1410757584829,175.52540195999998,0.7415584847003126,103
525000,-94325.35920478676,29273.21484375,-65052.14436103676,299.0155411210241,175.52540195999998,0.7415584847003126,103
526000,-94054.0745520768,29391.45703125,-64662.617520826796,300.2233432660009,175.52540195999998,0.7415584847003126,103
527000,-94568.70022346351,28685.15625,-65883.54397346351,293.0087304731473,175.52540195999998,0.7415584847003126,103
528000,-94954.57794715736,29071.232421875,-65883.34552528236,296.9523620852995,175.52540195999998,0.7415584847003126,103
529000,-94822.61488105629,28694.0859375,-66128.52894355629,293.09994407418515,175.52540195999998,0.7415584847003126,103
530000,-94409.45194007728,29329.216796875,-65080.235143202284,299.58758127468974,175.52540195999998,0.7415584847003126,103
531000,-94324.54936744545,28878.3984375,-65446.15092994545,294.98263110453144,175.52540195999998,0.7415584847003126,103
532000,-94484.03790809486,29375.5625,-65108.47540809486,300.06098624823045,175.52540195999998,0.7415584847003126,103
533000,-94857.5313086686,28889.18359375,-65968.3477149186,295.09279766291536,175.52540195999998,0.7415584847003126,103
534000,-93956.89365150307,28811.83984375,-65145.053807753065,294.30275859880766,175.52540195999998,0.7415584847003126,103
535000,-94369.69303657387,29146.611328125,-65223.081708448866,297.72233096510183,175.52540195999998,0.7415584847003126,103
536000,-94217.67983772133,29053.7265625,-65163.95327522133,296.7735459203602,175.52540195999998,0.7415584847003126,103
537000,-94451.72818519447,29448.4609375,-65003.26724769447,300.80561801663333,175.52540195999998,0.7415584847003126,103
538000,-94832.82278205726,28587.87890625,-66244.94387580726,292.0150767956991,175.52540195999998,0.7415584847003126,103
539000,-94709.87109138344,29555.501953125,-65154.36913825844,301.89900415068445,175.52540195999998,0.7415584847003126,103
540000,-94367.901830214,29199.515625,-65168.386205214,298.2627296552403,175.52540195999998,0.7415584847003126,103
541000,-94651.9845557389,29107.537109375,-65544.4474463639,297.3232016338761,175.52540195999998,0.7415584847003126,103
542000,-94396.78063728187,29165.607421875,-65231.173215406874,297.9163693473622,175.52540195999998,0.7415584847003126,103
543000,-94499.35329963539,28748.6953125,-65750.65798713539,293.6577595346006,175.52540195999998,0.7415584847003126,103
544000,-94931.51196052406,29109.435546875,-65822.07641364906,297.3425935018133,175.52540195999998,0.7415584847003126,103
545000,-94463.8503546891,28877.8671875,-65585.9831671891,294.97720457358605,175.52540195999998,0.7415584847003126,103
546000,-94327.13429023598,28904.40234375,-65422.731946485976,295.2482518141155,175.52540195999998,0.7415584847003126,103
547000,-94805.57040931557,29361.6953125,-65443.875096815565,299.9193378301708,175.52540195999998,0.7415584847003126,103
548000,-94432.4830374894,29399.904296875,-65032.57874061439,300.3096290981288,175.52540195999998,0.7415584847003126,103
549000,-94237.79746772621,29414.359375,-64823.43809272621,300.457282611095,175.52540195999998,0.7415584847003126,103
550000,-94535.18833686684,28917.779296875,-65617.40903999184,295.3848926613396,175.52540195999998,0.7415584847003126,103
551000,-94064.88700630043,29411.236328125,-64653.65067817543,300.42538179130946,175.52540195999998,0.7415584847003126,103
552000,-95020.0653357682,29687.69921875,-65332.3661170182,303.2493524853846,175.52540195999998,0.7415584847003126,103
553000,-94788.35338355873,29118.91796875,-65669.43541480873,297.4394530890921,175.52540195999998,0.7415584847003126,103
554000,-94824.28819801185,29320.7734375,-65503.514760511855,299.5013353435247,175.52540195999998,0.7415584847003126,103
555000,-94504.88812019203,28744.60546875,-65760.28265144203,293.61598322651366,175.52540195999998,0.7415584847003126,103
556000,-94095.30672981117,29046.57421875,-65048.73251106117,296.7004872574117,175.52540195999998,0.7415584847003126,103
557000,-94692.67615272377,29453.94140625,-65238.73474647377,300.8615990674891,175.52540195999998,0.7415584847003126,103
558000,-94397.31121589516,28748.64453125,-65648.66668464516,293.65724082208374,175.52540195999998,0.7415584847003126,103
559000,-94607.60703803871,29251.953125,-65355.65391303871,298.7983601803202,175.52540195999998,0.7415584847003126,103
560000,-94702.89454414223,28927.80859375,-65775.08595039223,295.4873383834152,175.52540195999998,0.7415584847003126,103
561000,-93331.28772880409,29105.576171875,-64225.71155692909,297.3031713505336,175.52540195999998,0.7415584847003126,103
562000,-94686.33131172035,29756.23046875,-64930.10084297035,303.9493749773394,175.52540195999998,0.7415584847003126,103
563000,-94114.83921577309,29070.171875,-65044.667340773085,296.9415289738902,175.52540195999998,0.7415584847003126,103
564000,-94490.33716346596,29363.859375,-65126.477788465956,299.94144296358064,175.52540195999998,0.7415584847003126,103
565000,-94716.00181342934,29837.671875,-64878.329938429335,304.7812701514597,175.52540195999998,0.7415584847003126,103
566000,-94516.9778647599,29436.84375,-65080.1341147599,300.6869525531659,175.52540195999998,0.7415584847003126,103
567000,-94777.55787422035,29645.46484375,-65132.09303047035,302.8179432752264,175.52540195999998,0.7415584847003126,103
568000,-93919.01554633949,28913.72265625,-65005.29289008949,295.3434555114368,175.52540195999998,0.7415584847003126,103
569000,-94801.66122199867,28833.072265625,-65968.58895637367,294.51964028229037,175.52540195999998,0.7415584847003126,103
570000,-94575.78738166664,28813.76953125,-65762.01785041664,294.3224696744475,175.52540195999998,0.7415584847003126,103
571000,-95031.3814597306,29348.732421875,-65682.6490378556,299.78692648500703,175.52540195999998,0.7415584847003126,103
572000,-94840.11196662758,29184.884765625,-65655.22720100258,298.11328059894663,175.52540195999998,0.7415584847003126,103
573000,-94850.96700050209,29589.77734375,-65261.18965675209,302.24911514906887,175.52540195999998,0.7415584847003126,103
574000,-94236.06111671303,29544.765625,-64691.29549171303,301.7893363543359,175.52540195999998,0.7415584847003126,103
575000,-94641.09396125648,29422.9765625,-65218.11739875648,300.54530413510616,175.52540195999998,0.7415584847003126,103
576000,-94422.0682730851,29520.79296875,-64901.2753043351,301.5444641454254,175.52540195999998,0.7415584847003126,103
577000,-94922.29048683021,29325.5703125,-65596.72017433021,299.5503337258845,175.52540195999998,0.7415584847003126,103
578000,-94907.13101722572,29571.095703125,-65336.03531410072,302.05828879431664,175.52540195999998,0.7415584847003126,103
579000,-94649.07883979652,29326.6015625,-65322.47727729652,299.5608675800726,175.52540195999998,0.7415584847003126,103
580000,-94787.46944190834,29190.24609375,-65597.22334815834,298.1680446704359,175.52540195999998,0.7415584847003126,103
581000,-94265.38896705482,29202.8203125,-65062.56865455482,298.29648586979766,175.52540195999998,0.7415584847003126,103
582000,-94558.89604713295,29307.212890625,-65251.68315650795,299.36281915104746,175.52540195999998,0.7415584847003126,103
583000,-94224.74631263588,29498.642578125,-64726.10373451088,301.31820573567677,175.52540195999998,0.7415584847003126,103
584000,-94258.0255866227,29506.662109375,-64751.363477247694,301.4001224123744,175.52540195999998,0.7415584847003126,103
585000,-94831.0406470475,28724.41015625,-66106.6304907975,293.40969524866335,175.52540195999998,0.7415584847003126,103
586000,-94897.33762885902,29685.1484375,-65212.18919135902,303.2232971566542,175.52540195999998,0.7415584847003126,103
587000,-94872.67207862709,29481.466796875,-65391.20528175209,301.1427612020969,175.52540195999998,0.7415584847003126,103
588000,-94643.91046287392,29321.765625,-65322.144837873915,299.51147018808444,175.52540195999998,0.7415584847003126,103
589000,-94401.6331496415,28872.16015625,-65529.47299339149,294.91890926688603,175.52540195999998,0.7415584847003126,103
590000,-94879.77695991371,29202.951171875,-65676.82578803871,298.29782255205254,175.52540195999998,0.7415584847003126,103
591000,-94170.98000099037,29278.03515625,-64892.94484474037,299.06477890916096,175.52540195999998,0.7415584847003126,103
592000,-94563.28307868812,29592.9140625,-64970.369016188124,302.28115562222433,175.52540195999998,0.7415584847003126,103
593000,-94202.14211799476,29219.88671875,-64982.255399244765,298.4708131764182,175.52540195999998,0.7415584847003126,103
594000,-94427.19195319984,29388.58984375,-65038.60210944984,300.19405595928094,175.52540195999998,0.7415584847003126,103
595000,-94679.72748329017,29076.80078125,-65602.92670204017,297.009240907819,175.52540195999998,0.7415584847003126,103
596000,-94247.78179694984,29033.203125,-65214.57867194984,296.5639062616318,175.52540195999998,0.7415584847003126,103
597000,-94435.37611915443,29108.822265625,-65326.55385352943,297.3363290506484,175.52540195999998,0.7415584847003126,103
598000,-94486.22350837562,28885.00390625,-65601.21960212562,295.0501036326833,175.52540195999998,0.7415584847003126,103
599000,-94569.53356696937,29384.34765625,-65185.185910719374,300.1507235136435,175.52540195999998,0.7415584847003126,103
600000,-94710.93226386879,29094.05078125,-65616.88148261879,297.18544355969266,175.52540195999998,0.7415584847003126,103
