#"Step","Potential Energy (kJ/mole)","Kinetic Energy (kJ/mole)","Total Energy (kJ/mole)","Temperature (K)","Box Volume (nm^3)","Density (g/mL)","Speed (ns/day)"
101000,-94345.37691584144,29812.80078125,-64532.576134591436,304.52722072109736,175.99471568999994,0.7395810186320653,0
102000,-93761.9803322843,29093.64453125,-64668.33580103431,297.18129385955797,175.99471568999994,0.7395810186320653,106
103000,-94167.07719507728,29182.837890625,-64984.239304452276,298.0923724944218,175.99471568999994,0.7395810186320653,106
104000,-93590.60340204749,29795.671875,-63794.93152704749,304.3522549990715,175.99471568999994,0.7395810186320653,106
105000,-94155.61648645911,29081.71484375,-65073.90164270911,297.05943631906376,175.99471568999994,0.7395810186320653,106
106000,-94037.11352243934,29600.11328125,-64437.00024118934,302.3546930967269,175.99471568999994,0.7395810186320653,106
107000,-94001.38314905677,29052.05859375,-64949.32455530677,296.7565082092302,175.99471568999994,0.7395810186320653,106
108000,-93870.89505091224,28601.328125,-65269.56692591224,292.1524558107356,175.99471568999994,0.7395810186320653,106
109000,-93870.97631922278,29324.38671875,-64546.589600472784,299.5382437341459,175.99471568999994,0.7395810186320653,106
110000,-93427.97470179114,29183.390625,-64244.58407679114,298.09801848066274,175.99471568999994,0.7395810186320653,106
111000,-93427.54696741614,29338.203125,-64089.34384241614,299.67937343968873,175.99471568999994,0.7395810186320653,106
112000,-93741.19900599036,29229.00390625,-64512.19509974036,298.5639420236721,175.99471568999994,0.7395810186320653,106
113000,-93448.75259485755,29482.892578125,-63965.86001673255,301.1573250535312,175.99471568999994,0.7395810186320653,106
114000,-93479.46002283607,29819.44140625,-63660.018616586065,304.59505235791465,175.99471568999994,0.7395810186320653,105
115000,-93642.55080500159,29126.359375,-64516.19143000159,297.5154644232904,175.99471568999994,0.7395810186320653,105
116000,-93579.47592249427,29208.234375,-64371.24154749427,298.35178860428516,175.99471568999994,0.7395810186320653,105
117000,-93168.50417414222,29284.701171875,-63883.80300226722,299.1328699022367,175.99471568999994,0.7395810186320653,105
118000,-93479.5019692472,28559.900390625,-64919.6015786222,291.7292861494026,175.99471568999994,0.7395810186320653,105
119000,-93734.79652872596,29459.2578125,-64275.53871622596,300.9159042779058,175.99471568999994,0.7395810186320653,105
120000,-94190.68087091956,28901.53125,-65289.14962091956,295.2189246064327,175.99471568999994,0.7395810186320653,105
121000,-94259.65832605872,29199.490234375,-65060.16809168372,298.2624702989819,175.99471568999994,0.7395810186320653,105
122000,-93437.5021065763,29611.11328125,-63826.3888253263,302.4670542080667,175.99471568999994,0.7395810186320653,105
123000,-94090.42932215247,29217.38671875,-64873.04260340247,298.4452765602046,175.99471568999994,0.7395810186320653,105
124000,-94248.52636042151,29305.373046875,-64943.153313546514,299.3440257975528,175.99471568999994,0.7395810186320653,105
125000,-94377.57504358802,29078.56640625,-65299.00863733802,297.02727614301983,175.99471568999994,0.7395810186320653,105
126000,-93655.62521448646,29115.4375,-64540.187714486456,297.4039013312073,175.99471568999994,0.7395810186320653,105
127000,-94284.05548182044,29054.5859375,-65229.46954432044,296.7823241321836,175.99471568999994,0.7395810186320653,105
128000,-93565.32720270667,28803.53125,-64761.79595270667,294.21788925086037,175.99471568999994,0.7395810186320653,105
129000,-94036.66935816321,28683.8203125,-65352.84904566321,292.99508434385814,175.99471568999994,0.7395810186320653,105
130000,-94011.45868006263,28808.822265625,-65202.63641443763,294.27193510501866,175.99471568999994,0.7395810186320653,105
131000,-94051.54202356849,28816.90234375,-65234.63967981849,294.3544702466402,175.99471568999994,0.7395810186320653,105
132000,-93476.08573999915,28805.6484375,-64670.43730249915,294.2395155727162,175.99471568999994,0.7395810186320653,105
133000,-94153.03006067786,29216.37109375,-64936.65896692786,298.4349023098679,175.99471568999994,0.7395810186320653,105
134000,-94339.92611017737,29227.0859375,-65112.84017267737,298.5443506509207,175.99471568999994,0.7395810186320653,105
135000,-94242.54084101233,29257.580078125,-64984.960762887335,298.85583751728217,175.99471568999994,0.7395810186320653,105
136000,-94064.59713831458,29087.7421875,-64976.85495081458,297.1210035047162,175.99471568999994,0.7395810186320653,106
137000,-93784.75640955482,28987.732421875,-64797.023987679815,296.0994391037659,175.99471568999994,0.7395810186320653,106
138000,-93204.06826868567,29174.953125,-64029.115143685674,298.01183240094184,175.99471568999994,0.7395810186320653,106
139000,-93896.01666346107,29696.234375,-64199.782288461065,303.3365360891763,175.99471568999994,0.7395810186320653,106
140000,-93694.05192652259,29161.556640625,-64532.49528589759,297.87499204890366,175.99471568999994,0.7395810186320653,106
141000,-93939.4617775968,29203.8203125,-64735.64146509681,298.3067005162831,175.99471568999994,0.7395810186320653,106
142000,-93901.84526148353,29473.591796875,-64428.253464608526,301.06232086102415,175.99471568999994,0.7395810186320653,106
143000,-93885.40071955237,29381.3125,-64504.08821955237,300.1197204655217,175.99471568999994,0.7395810186320653,106
144000,-93911.63302698646,29356.23828125,-64555.394745736456,299.86359618509204,175.99471568999994,0.7395810186320653,106
145000,-93900.23448267493,29160.185546875,-64740.04893579993,297.86098681094904,175.99471568999994,0.7395810186320653,106
146000,-93999.51635828528,29329.1328125,-64670.383545785284,299.58672340398886,175.99471568999994,0.7395810186320653,106
147000,-93612.07505121741,29253.8125,-64358.26255121741,298.81735303862905,175.99471568999994,0.7395810186320653,106
148000,-93583.33401575599,29669.41796875,-63913.91604700599,303.0626159793228,175.99471568999994,0.7395810186320653,106
149000,-93722.5809334806,29180.380859375,-64542.200074105596,298.06727478879935,175.99471568999994,0.7395810186320653,106
150000,-94054.81031885657,29146.80078125,-64908.00953760657,297.7242661617993,175.99471568999994,0.7395810186320653,106
151000,-93761.69961252723,28894.921875,-64866.77773752723,295.1514121773181,175.99471568999994,0.7395810186320653,106
152000,-94307.32666864905,29130.9609375,-65176.36573114905,297.5624677575085,175.99471568999994,0.7395810186320653,106
153000,-93795.13818445716,29135.705078125,-64659.43310633216,297.6109274768701,175.99471568999994,0.7395810186320653,106
154000,-93576.81092157874,28603.421875,-64973.38904657874,292.17384272681454,175.99471568999994,0.7395810186320653,106
155000,-94183.40915003333,29248.240234375,-64935.16891565833,298.76043431514677,175.99471568999994,0.7395810186320653,106
156000,-93746.26454248939,28235.314453125,-65510.950089364385,288.41375554369733,175.99471568999994,0.7395810186320653,106
157000,-93391.74939051185,28497.44921875,-64894.300171761846,291.0913695060985,175.99471568999994,0.7395810186320653,106
158000,-93933.2452782682,29071.87109375,-64861.374184518194,296.95888589272283,175.99471568999994,0.7395810186320653,106
159000,-93973.52031031165,28796.685546875,-65176.83476343665,294.14796281349425,175.99471568999994,0.7395810186320653,106
160000,-94320.04055872474,28997.443359375,-65322.59719934974,296.19863289737054,175.99471568999994,0.7395810186320653,106
161000,-94397.86967554603,29240.58203125,-65157.287644296026,298.68220847751127,175.99471568999994,0.7395810186320653,106
162000,-94027.37806025062,29424.63671875,-64602.741341500616,300.5622620443105,175.99471568999994,0.7395810186320653,106
163000,-94042.82086267982,29625.22265625,-64417.598206429815,302.6111764858221,175.99471568999994,0.7395810186320653,106
164000,-94103.27161493812,29101.0703125,-65002.201302438116,297.2571455899049,175.99471568999994,0.7395810186320653,106
165000,-93262.22052851233,28879.615234375,-64382.605294137335,294.99506025445413,175.99471568999994,0.7395810186320653,106
166000,-94069.9655465177,29351.654296875,-64718.311249642706,299.8167724052067,175.99471568999994,0.7395810186320653,106
167000,-93636.92121210608,29134.701171875,-64502.220040231085,297.6006729294218,175.99471568999994,0.7395810186320653,106
168000,-93611.7000702909,29217.109375,-64394.5906952909,298.4424435918434,175.99471568999994,0.7395810186320653,106
169000,-94318.1695260099,29181.296875,-65136.87265100989,298.07663156458386,175.99471568999994,0.7395810186320653,106
170000,-94090.56536570106,29188.48046875,-64902.084896951055,298.15000943523506,175.99471568999994,0.7395810186320653,106
171000,-93690.37025538001,29386.029296875,-64304.34095850501,300.1679008781434,175.99471568999994,0.7395810186320653,106
172000,-94580.18142023597,28472.4375,-66107.74392023597,290.83588364107413,175.99471568999994,0.7395810186320653,106
173000,-93902.79296961341,29125.3203125,-64777.47265711341,297.50485076717666,175.99471568999994,0.7395810186320653,106
174000,-93933.44313898597,29591.52734375,-64341.91579523597,302.2669907804184,175.99471568999994,0.7395810186320653,106
175000,-94090.29114618812,28970.62109375,-65119.670052438116,295.9246529360728,175.99471568999994,0.7395810186320653,106
176000,-94097.27432337317,28781.30859375,-65315.965729623174,293.9908926732993,175.99471568999994,0.7395810186320653,106
177000,-93851.45454493079,29170.08984375,-64681.36470118079,297.9621557022139,175.99471568999994,0.7395810186320653,106
178000,-93525.4479683927,29033.841796875,-64491.606171517706,296.57043006905513,175.99471568999994,0.7395810186320653,106
179000,-93612.11793604407,29568.234375,-64043.88356104407,302.02906133904094,175.99471568999994,0.7395810186320653,106
180000,-93435.19207087073,29169.8984375,-64265.29363337073,297.9602005550351,175.99471568999994,0.7395810186320653,106
181000,-94467.88479700599,29351.34765625,-65116.53714075599,299.81364017962426,175.99471568999994,0.7395810186320653,106
182000,-93657.31788340125,29380.767578125,-64276.55030527625,300.1141542812064,175.99471568999994,0.7395810186320653,106
183000,-93227.39453211341,29051.82421875,-64175.57031336341,296.7541141514602,175.99471568999994,0.7395810186320653,106
184000,-93689.01329126868,29442.34765625,-64246.66563501868,300.74317300979857,175.99471568999994,0.7395810186320653,106
185000,-94175.02389612708,29345.52734375,-64829.49655237708,299.754187745002,175.99471568999994,0.7395810186320653,106
186000,-94222.13429346595,29308.93359375,-64913.20069971595,299.3803955251757,175.99471568999994,0.7395810186320653,105
187000,-94111.46841517005,28880.966796875,-65230.50161829505,295.0088659875946,175.99471568999994,0.7395810186320653,105
188000,-94695.24517145667,29078.0859375,-65617.15923395667,297.0223683245913,175.99471568999994,0.7395810186320653,105
189000,-93975.86982050452,29503.669921875,-64472.19989862952,301.36955827484377,175.99471568999994,0.7395810186320653,105
190000,-93996.90358057532,29428.935546875,-64567.96803370032,300.606173053909,175.99471568999994,0.7395810186320653,105
191000,-94170.24450006995,29399.75390625,-64770.49059381995,300.3080929110597,175.99471568999994,0.7395810186320653,105
192000,-94095.13623133216,29209.298828125,-64885.83740320716,298.36266161665736,175.99471568999994,0.7395810186320653,105
193000,-93936.63894739661,28929.984375,-65006.65457239661,295.5095632197135,175.99471568999994,0.7395810186320653,105
194000,-94169.30574121985,29777.59375,-64391.711991219854,304.16759334307704,175.99471568999994,0.7395810186320653,105
195000,-94205.68930140052,28861.72265625,-65343.96664515052,294.8122938941943,175.99471568999994,0.7395810186320653,105
196000,-94030.89865198646,29098.451171875,-64932.447480111456,297.23039199432486,175.99471568999994,0.7395810186320653,105
197000,-93952.34476557288,29270.7109375,-64681.63382807288,298.98996460384774,175.99471568999994,0.7395810186320653,105
198000,-94219.43122187171,29104.9140625,-65114.51715937171,297.2964081373333,175.99471568999994,0.7395810186320653,105
199000,-93885.00994959388,28870.44921875,-65014.56073084388,294.90143264516485,175.99471568999994,0.7395810186320653,105
200000,-93918.57463160071,29045.12109375,-64873.45353785071,296.6856440992375,175.99471568999994,0.7395810186320653,105
201000,-94288.54714670691,29629.4453125,-64659.101834206915,302.65430942664534,175.99471568999994,0.7395810186320653,105
202000,-94280.95672693763,29183.7421875,-65097.21453943763,298.1016095673177,175.99471568999994,0.7395810186320653,105
203000,-94380.70443811927,28940.12109375,-65440.58334436927,295.6131062182671,175.99471568999994,0.7395810186320653,105
204000,-94511.82426538978,28998.98046875,-65512.843796639776,296.21433392624556,175.99471568999994,0.7395810186320653,105
205000,-94297.3370751432,28756.109375,-65541.2277001432,293.733491562059,175.99471568999994,0.7395810186320653,105
206000,-93936.9065407804,28891.37890625,-65045.5276345304,295.1152220040279,175.99471568999994,0.7395810186320653,105
207000,-94109.26881495032,29411.7578125,-64697.51100245032,300.4307085698477,175.99471568999994,0.7395810186320653,105
208000,-93892.71061029944,29219.390625,-64673.319985299444,298.4657457541383,175.99471568999994,0.7395810186320653,105
209000,-93854.74816980872,29228.021484375,-64626.72668543372,298.5539069315194,175.99471568999994,0.7395810186320653,105
210000,-94153.28529444251,28919.9609375,-65233.32435694251,295.40717734908225,175.99471568999994,0.7395810186320653,105
211000,-94379.92839136634,29450.33984375,-64929.58854761634,300.8248103797564,175.99471568999994,0.7395810186320653,105
212000,-94366.24008265052,29546.640625,-64819.59945765052,301.80848881649615,175.99471568999994,0.7395810186320653,105
213000,-93811.10281458411,29517.599609375,-64293.50320520911,301.5118451083088,175.99471568999994,0.7395810186320653,105
214000,-93826.85814371619,29603.345703125,-64223.51244059119,302.38771114347185,175.99471568999994,0.7395810186320653,105
215000,-93964.8782280973,29211.1015625,-64753.776665597296,298.38107591100515,175.99471568999994,0.7395810186320653,105
216000,-94367.17693415198,29598.43359375,-64768.74334040198,302.33753568270845,175.99471568999994,0.7395810186320653,105
217000,-94156.50244226966,29320.890625,-64835.61181726966,299.5025323724097,175.99471568999994,0.7395810186320653,105
218000,-93896.74584284339,29023.62109375,-64873.12474909339,296.4660291998007,175.99471568999994,0.7395810186320653,105
219000,-93836.8047036222,28979.359375,-64857.4453286222,296.0139113899318,175.99471568999994,0.7395810186320653,105
220000,-94302.26249018226,29179.3515625,-65122.91092768226,298.0567608850926,175.99471568999994,0.7395810186320653,105
221000,-93364.7226723722,29628.140625,-63736.5820473722,302.6409825050589,175.99471568999994,0.7395810186320653,105
222000,-93719.79391565833,29617.48828125,-64102.30563440833,302.53217257941134,175.99471568999994,0.7395810186320653,105
223000,-94084.56609430823,29076.158203125,-65008.40789118323,297.00267719943287,175.99471568999994,0.7395810186320653,105
224000,-94185.19706049476,29317.609375,-64867.58768549476,299.4690155636294,175.99471568999994,0.7395810186320653,105
225000,-93834.68035212073,29279.08203125,-64555.59832087073,299.0754723672004,175.99471568999994,0.7395810186320653,105
226000,-94020.5150841764,29089.22265625,-64931.2924279264,297.13612596963026,175.99471568999994,0.7395810186320653,105
227000,-94551.91307917151,29177.58984375,-65374.323235421514,298.0387655508547,175.99471568999994,0.7395810186320653,105
228000,-93916.8860329679,28651.09765625,-65265.7883767179,292.66083397820006,175.99471568999994,0.7395810186320653,105
229000,-94564.02388086829,29458.099609375,-65105.92427149329,300.90407364242554,175.99471568999994,0.7395810186320653,105
230000,-94347.19495478187,29250.81640625,-65096.378548531866,298.78674900013556,175.99471568999994,0.7395810186320653,105
231000,-94209.63565149817,29161.83984375,-65047.795807748174,297.8778848687091,175.99471568999994,0.7395810186320653,105
232000,-93272.5354470304,28783.37890625,-64489.1565407804,294.0120401836012,175.99471568999994,0.7395810186320653,105
233000,-93831.4616478971,29294.912109375,-64536.5495385221,299.23717101908403,175.99471568999994,0.7395810186320653,105
234000,-93260.1873787931,28900.986328125,-64359.201050668096,295.21335842211744,175.99471568999994,0.7395810186320653,105
235000,-93911.89256372962,29044.37890625,-64867.51365747962,296.6780629162991,175.99471568999994,0.7395810186320653,105
236000,-94362.66555872474,29245.734375,-65116.93118372474,298.73483784748896,175.99471568999994,0.7395810186320653,105
237000,-93620.2225274137,29041.1796875,-64579.0428399137,296.64538402773826,175.99471568999994,0.7395810186320653,105
238000,-94139.77845087562,28761.94921875,-65377.829232125616,293.79314350149536,175.99471568999994,0.7395810186320653,105
239000,-94251.51237574134,29066.8828125,-65184.62956324134,296.9079323631842,175.99471568999994,0.7395810186320653,105
240000,-93875.03201380286,28836.375,-65038.65701380286,294.5533765463663,175.99471568999994,0.7395810186320653,105
241000,-93860.91191187415,29371.869140625,-64489.04277124915,300.02325988787123,175.99471568999994,0.7395810186320653,105
242000,-93743.78709497962,29356.0703125,-64387.71678247962,299.8618804436902,175.99471568999994,0.7395810186320653,105
243000,-94169.13900843177,29009.04296875,-65160.09603968177,296.3171188065052,175.99471568999994,0.7395810186320653,105
244000,-94062.57093897376,29488.216796875,-64574.35414209876,301.21171006587355,175.99471568999994,0.7395810186320653,105
245000,-93761.83531275306,29340.8359375,-64420.99937525306,299.7062666886387,175.99471568999994,0.7395810186320653,105
246000,-94689.97461023841,29513.93359375,-65176.04101648841,301.4743980546894,175.99471568999994,0.7395810186320653,105
247000,-94141.4090432218,29369.671875,-64771.73716822181,300.0008155962772,175.99471568999994,0.7395810186320653,105
248000,-93814.60035791907,29214.5,-64600.10035791907,298.4157897486705,175.99471568999994,0.7395810186320653,106
249000,-94089.81552210364,29045.833984375,-65043.98153772864,296.69292602495466,175.99471568999994,0.7395810186320653,106
250000,-94057.30346766028,29166.11328125,-64891.190186410284,297.92153652204917,175.99471568999994,0.7395810186320653,105
251000,-94285.7816857389,29574.81640625,-64710.9652794889,302.0962944614157,175.99471568999994,0.7395810186320653,105
252000,-93721.36528864417,29446.35546875,-64275.00981989417,300.784111397666,175.99471568999994,0.7395810186320653,106
253000,-93776.08795252357,29179.85546875,-64596.232483773565,298.0619081092982,175.99471568999994,0.7395810186320653,106
254000,-93803.17206659827,29592.693359375,-64210.47870722327,302.2789012178242,175.99471568999994,0.7395810186320653,106
255000,-94050.14304438148,29346.603515625,-64703.539528756475,299.7651804602627,175.99471568999994,0.7395810186320653,106
256000,-94217.3200463346,28758.1484375,-65459.1716088346,293.75431986465816,175.99471568999994,0.7395810186320653,105
257000,-94290.1882180265,28707.9140625,-65582.2741555265,293.2411934826165,175.99471568999994,0.7395810186320653,106
258000,-93924.71775904212,29048.671875,-64876.04588404212,296.72191407445337,175.99471568999994,0.7395810186320653,106
259000,-94174.48111811194,29126.2109375,-65048.270180611944,297.51394818670275,175.99471568999994,0.7395810186320653,106
260000,-94003.17445459876,29110.498046875,-64892.67640772376,297.35344656370404,175.99471568999994,0.7395810186320653,106
261000,-94279.65900507483,28996.41015625,-65283.248848824835,296.188079092701,175.99471568999994,0.7395810186320653,106
262000,-93961.25077143226,28873.3046875,-65087.94608393226,294.93060024899626,175.99471568999994,0.7395810186320653,106
263000,-94072.49027338538,28946.10546875,-65126.38480463538,295.67423449332836,175.99471568999994,0.7395810186320653,106
264000,-93916.49495401893,29362.43359375,-64554.06136026893,299.9268791121463,175.99471568999994,0.7395810186320653,106
265000,-93847.95391932044,28916.580078125,-64931.37384119544,295.3726430657497,175.99471568999994,0.7395810186320653,106
266000,-93846.76636591468,28935.1328125,-64911.63355341468,295.5621526887284,175.99471568999994,0.7395810186320653,106
267000,-94742.3963479093,29085.416015625,-65656.9803322843,297.09724248134876,175.99471568999994,0.7395810186320653,106
268000,-93847.98555841956,29422.8828125,-64425.10274591956,300.5443465119982,175.99471568999994,0.7395810186320653,106
269000,-94179.85061731849,29195.474609375,-64984.37600794349,298.2214521091888,175.99471568999994,0.7395810186320653,106
270000,-94179.34993830237,29389.6953125,-64789.65462580237,300.20534793176284,175.99471568999994,0.7395810186320653,106
271000,-94433.98834314857,28784.54296875,-65649.44537439857,294.0239306705256,175.99471568999994,0.7395810186320653,106
272000,-94256.24068537269,28439.134765625,-65817.10591974769,290.4957079824353,175.99471568999994,0.7395810186320653,106
273000,-93681.21449366126,29387.6640625,-64293.55043116126,300.18459943108934,175.99471568999994,0.7395810186320653,106
274000,-94245.06510248694,29075.5390625,-65169.526039986944,296.9963528968237,175.99471568999994,0.7395810186320653,106
275000,-94527.50490656409,29024.984375,-65502.52053156409,296.47995463582964,175.99471568999994,0.7395810186320653,106
276000,-93705.874451547,28986.68359375,-64719.190857797,296.08872569524505,175.99471568999994,0.7395810186320653,106
277000,-94512.55738916907,29206.037109375,-65306.52027979407,298.3293443126912,175.99471568999994,0.7395810186320653,106
278000,-94155.89584436927,28955.681640625,-65200.21420374427,295.77205170371525,175.99471568999994,0.7395810186320653,106
279000,-93921.29757013831,29523.423828125,-64397.87374201331,301.5713374438939,175.99471568999994,0.7395810186320653,106
280000,-94140.93161860023,29086.880859375,-65054.050759225225,297.1122053424114,175.99471568999994,0.7395810186320653,106
281000,-94049.5030907682,29026.171875,-65023.331215768194,296.4920845285311,175.99471568999994,0.7395810186320653,106
282000,-94140.34406366858,29430.203125,-64710.140938668585,300.61912091634855,175.99471568999994,0.7395810186320653,106
283000,-94293.49196711097,29081.69921875,-65211.79274836097,297.0592767152125,175.99471568999994,0.7395810186320653,106
284000,-94060.24969568763,29189.873046875,-64870.37664881263,298.1642341284853,175.99471568999994,0.7395810186320653,106
285000,-94068.67749109778,29286.96875,-64781.708741097784,299.1560324111617,175.99471568999994,0.7395810186320653,106
286000,-94647.23754969153,29154.990234375,-65492.247315316534,297.8079185303801,175.99471568999994,0.7395810186320653,106
287000,-94187.75386133704,29092.671875,-65095.08198633704,297.17135851981243,175.99471568999994,0.7395810186320653,106
288000,-93864.62825098548,29308.74609375,-64555.88215723548,299.37848027895967,175.99471568999994,0.7395810186320653,106
289000,-94339.5366982511,28950.96484375,-65388.571854501104,295.72387129109353,175.99471568999994,0.7395810186320653,106
290000,-94106.99809351478,29032.291015625,-65074.707077889776,296.5545893868101,175.99471568999994,0.7395810186320653,106
291000,-94177.69298639808,29173.56640625,-65004.12658014808,297.99766755913595,175.99471568999994,0.7395810186320653,106
292000,-94805.79025354896,28968.8125,-65836.97775354896,295.90617879028076,175.99471568999994,0.7395810186320653,106
293000,-94154.03859797034,29301.146484375,-64852.89211359534,299.3008529557667,175.99471568999994,0.7395810186320653,106
294000,-94196.33076563392,29612.072265625,-64584.25850000892,302.47684989444235,175.99471568999994,0.7395810186320653,106
295000,-94209.82693567786,29149.27734375,-65060.54959192786,297.74956337223585,175.99471568999994,0.7395810186320653,106
296000,-94372.73728266273,29360.03515625,-65012.702126412725,299.90237992096644,175.99471568999994,0.7395810186320653,106
297000,-94168.3226937345,28774.96875,-65393.3539437345,293.9261334106202,175.99471568999994,0.7395810186320653,106
298000,-94175.50164118323,28908.541015625,-65266.96062555823,295.29052688423786,175.99471568999994,0.7395810186320653,106
299000,-94233.18987360511,29496.78515625,-64736.40471735511,301.2992328278493,175.99471568999994,0.7395810186320653,106
300000,-94148.36030664954,28976.197265625,-65172.16304102454,295.9816115605179,175.99471568999994,0.7395810186320653,106
301000,-94246.16750422034,29177.23046875,-65068.93703547034,298.03509466227393,175.99471568999994,0.7395810186320653,106
302000,-94319.7405251554,28895.056640625,-65424.6838845304,295.1527887605358,175.99471568999994,0.7395810186320653,106
303000,-94158.57725611243,29301.53515625,-64857.04209986243,299.3048231015686,175.99471568999994,0.7395810186320653,106
304000,-94298.91248026404,29359.986328125,-64938.92615213904,299.901881158931,175.99471568999994,0.7395810186320653,106
305000,-94350.4648598722,29392.1640625,-64958.3007973722,300.23056534027376,175.99471568999994,0.7395810186320653,106
306000,-94335.3369301847,28984.265625,-65351.0713051847,296.0640269992509,175.99471568999994,0.7395810186320653,106
307000,-94021.35209742103,29087.53125,-64933.820847421026,297.1188488527232,175.99471568999994,0.7395810186320653,106
308000,-94327.74245539222,29159.4609375,-65168.28151789222,297.85358518234335,175.99471568999994,0.7395810186320653,106
309000,-94255.19423380408,28989.552734375,-65265.64149942908,296.1180329524464,175.99471568999994,0.7395810186320653,106
310000,-94309.32406702552,29408.544921875,-64900.77914515052,300.397890027917,175.99471568999994,0.7395810186320653,106
311000,-94049.1046456388,29231.4375,-64817.6671456388,298.5888003235175,175.99471568999994,0.7395810186320653,106
312000,-94153.0996178678,29595.453125,-64557.6464928678,302.30709124806634,175.99471568999994,0.7395810186320653,106
313000,-94178.52743616614,29257.91796875,-64920.60946741614,298.8592889505673,175.99471568999994,0.7395810186320653,106
314000,-93720.05096521888,28895.828125,-64824.22284021888,295.1606692006955,175.99471568999994,0.7395810186320653,106
315000,-94086.54394617591,29066.07421875,-65020.46972742591,296.8996728638776,175.99471568999994,0.7395810186320653,106
316000,-93919.7625588468,28799.4609375,-65120.30162134681,294.17631244758763,175.99471568999994,0.7395810186320653,106
317000,-94706.39204493079,29311.1875,-65395.20454493079,299.4034183807308,175.99471568999994,0.7395810186320653,106
318000,-94054.38209620032,29186.4921875,-64867.88990870032,298.1296998451527,175.99471568999994,0.7395810186320653,106
319000,-93959.38554468665,29216.33203125,-64743.05351343665,298.4345033002395,175.99471568999994,0.7395810186320653,106
320000,-94066.3776711515,29810.6015625,-64255.776108651495,304.504756479022,175.99471568999994,0.7395810186320653,106
321000,-94325.52655497107,29580.443359375,-64745.083195596075,302.1537717983777,175.99471568999994,0.7395810186320653,106
322000,-94093.59985819373,29614.66796875,-64478.93188944373,302.5033640842454,175.99471568999994,0.7395810186320653,106
323000,-93911.44298258338,29254.52734375,-64656.91563883338,298.82465491482765,175.99471568999994,0.7395810186320653,106
324000,-94377.38508692298,29290.13671875,-65087.24836817298,299.1883920920198,175.99471568999994,0.7395810186320653,106
325000,-94298.10305872474,28962.119140625,-65335.98391809974,295.8378084904652,175.99471568999994,0.7395810186320653,106
326000,-94179.20094385657,29043.171875,-65136.02906885657,296.6657335187835,175.99471568999994,0.7395810186320653,106
327000,-94151.70359888587,29039.478515625,-65112.22508326087,296.62800715842417,175.99471568999994,0.7395810186320653,106
328000,-93958.827866464,29188.265625,-64770.562241463995,298.1478148822792,175.99471568999994,0.7395810186320653,106
329000,-94191.61359873328,29125.40625,-65066.20734873328,297.505728588359,175.99471568999994,0.7395810186320653,106
330000,-94316.2911767057,29497.029296875,-64819.261879830694,301.3017266380265,175.99471568999994,0.7395810186320653,106
331000,-94188.68538752112,29127.90625,-65060.77913752112,297.53126520457255,175.99471568999994,0.7395810186320653,106
332000,-93617.5185631803,29565.537109375,-64051.9814538053,302.00150972420425,175.99471568999994,0.7395810186320653,106
333000,-94461.49857416663,29279.25,-65182.24857416663,299.07718810860223,175.99471568999994,0.7395810186320653,106
334000,-94548.20348444495,29107.041015625,-65441.16246881995,297.31813421159626,175.99471568999994,0.7395810186320653,106
335000,-94413.41777124915,28937.853515625,-65475.56425562415,295.5899437093421,175.99471568999994,0.7395810186320653,106
336000,-94148.08168879065,28968.25390625,-65179.827782540655,295.9004729525955,175.99471568999994,0.7395810186320653,106
337000,-94236.8641289762,29329.173828125,-64907.6903008512,299.5871423640986,175.99471568999994,0.7395810186320653,106
338000,-94647.32268610511,29107.66015625,-65539.66252985511,297.32445851420533,175.99471568999994,0.7395810186320653,106
339000,-94612.0148018888,29580.228515625,-65031.7862862638,302.15157724542183,175.99471568999994,0.7395810186320653,106
340000,-94160.84928217444,29233.80078125,-64927.048500924444,298.6129404060319,175.99471568999994,0.7395810186320653,106
341000,-94119.1056222013,29466.662109375,-64652.4435128263,300.9915365529571,175.99471568999994,0.7395810186320653,106
342000,-94481.11380091224,29281.18359375,-65199.93020716224,299.09693908520495,175.99471568999994,0.7395810186320653,106
343000,-94474.58744898353,29257.71875,-65216.868698983526,298.85725400146276,175.99471568999994,0.7395810186320653,106
344000,-94236.63502588782,28806.169921875,-65430.46510401282,294.24484235125453,175.99471568999994,0.7395810186320653,106
345000,-94364.40722742591,28771.111328125,-65593.29589930091,293.8867312098219,175.99471568999994,0.7395810186320653,106
346000,-94673.3068017057,28750.8203125,-65922.4864892057,293.6794656583821,175.99471568999994,0.7395810186320653,106
347000,-94537.72834864173,29396.443359375,-65141.28498926673,300.2742768450581,175.99471568999994,0.7395810186320653,106
348000,-94211.9305352262,29132.619140625,-65079.3113946012,297.5794057162314,175.99471568999994,0.7395810186320653,106
349000,-94091.16957178626,28973.14453125,-65118.02504053626,295.95042895806336,175.99471568999994,0.7395810186320653,106
350000,-94362.04098978553,29456.86328125,-64905.17770853553,300.8914449876887,175.99471568999994,0.7395810186320653,106
351000,-93897.16900721107,29410.76171875,-64486.407288461065,300.42053382432516,175.99471568999994,0.7395810186320653,106
352000,-94126.98031702552,29275.82421875,-64851.15609827552,299.0421949641971,175.99471568999994,0.7395810186320653,106
353000,-94072.64044657264,29236.06640625,-64836.57404032264,298.63608296447546,175.99471568999994,0.7395810186320653,106
354000,-94551.96093836341,29022.8984375,-65529.06250086341,296.4586475216764,175.99471568999994,0.7395810186320653,106
355000,-94001.88777246985,29198.3671875,-64803.520584969854,298.25099877216724,175.99471568999994,0.7395810186320653,106
356000,-94324.10846033607,29114.92578125,-65209.182679086065,297.3986743050761,175.99471568999994,0.7395810186320653,106
357000,-94573.2384423307,29077.7265625,-65495.511879830694,297.01869743601054,175.99471568999994,0.7395810186320653,106
358000,-94244.23602381263,29297.751953125,-64946.48407068763,299.26617901906417,175.99471568999994,0.7395810186320653,106
359000,-94449.37479486976,29146.83984375,-65302.53495111976,297.7246651714276,175.99471568999994,0.7395810186320653,106
360000,-93947.96939936194,28999.62890625,-64948.340493111944,296.220957486076,175.99471568999994,0.7395810186320653,106
361000,-94290.43379679236,29148.6484375,-65141.785359292364,297.74313931721963,175.99471568999994,0.7395810186320653,106
362000,-93978.9813088468,29061.3203125,-64917.66099634681,296.85111339210897,175.99471568999994,0.7395810186320653,106
363000,-94027.64525690589,29214.990234375,-64812.65502253089,298.4207973195061,175.99471568999994,0.7395810186320653,106
364000,-93870.10469904456,29162.1875,-64707.91719904456,297.8814360544013,175.99471568999994,0.7395810186320653,106
365000,-94509.72180262122,29875.50390625,-64634.21789637122,305.1677109765042,175.99471568999994,0.7395810186320653,106
366000,-94137.79254999671,28835.359375,-65302.43317499671,294.54300229602956,175.99471568999994,0.7395810186320653,106
367000,-94426.74279871497,29068.44140625,-65358.30139246497,296.92385284735485,175.99471568999994,0.7395810186320653,106
368000,-93929.82037439857,29416.001953125,-64513.818421273565,300.47406096596654,175.99471568999994,0.7395810186320653,106
369000,-94110.07133570228,29208.5390625,-64901.532273202276,298.3549008793862,175.99471568999994,0.7395810186320653,106
370000,-94278.19565668616,28933.373046875,-65344.82260981116,295.54417730497187,175.99471568999994,0.7395810186320653,106
371000,-93939.34311762366,28805.216796875,-65134.12632074866,294.2351065163231,175.99471568999994,0.7395810186320653,106
372000,-93221.29014673743,29173.5078125,-64047.78233423743,297.99706904469343,175.99471568999994,0.7395810186320653,106
373000,-93746.31687250648,29222.63671875,-64523.680153756475,298.49890345425314,175.99471568999994,0.7395810186320653,106
374000,-94185.27504053626,29196.869140625,-64988.40589991126,298.2356967529205,175.99471568999994,0.7395810186320653,106
375000,-93993.30976954017,29419.1875,-64574.12226954017,300.5066002011575,175.99471568999994,0.7395810186320653,106
376000,-93988.40470972571,29164.474609375,-64823.93010035071,297.9047980681404,175.99471568999994,0.7395810186320653,106
377000,-94005.82931604896,28910.6796875,-65095.149628548956,295.3123726613893,175.99471568999994,0.7395810186320653,106
378000,-94247.32061853919,28705.458984375,-65541.86163416419,293.21611572747554,175.99471568999994,0.7395810186320653,106
379000,-94049.3898018888,29269.697265625,-64779.6925362638,298.9796103039924,175.99471568999994,0.7395810186320653,106
380000,-94332.15432825599,29152.05859375,-65180.09573450599,297.7779728577735,175.99471568999994,0.7395810186320653,106
381000,-94153.07777491126,29253.10546875,-64899.97230616126,298.8101309643562,175.99471568999994,0.7395810186320653,106
382000,-94906.4069527677,28920.12890625,-65986.2780465177,295.40889309048407,175.99471568999994,0.7395810186320653,106
383000,-94671.08799829993,29348.74609375,-65322.34190454993,299.787066138377,175.99471568999994,0.7395810186320653,106
384000,-94240.65470972571,29163.83203125,-65076.82267847571,297.89823435975427,175.99471568999994,0.7395810186320653,106
385000,-94517.63260736976,29046.82421875,-65470.80838861976,296.703040919033,175.99471568999994,0.7395810186320653,106
386000,-94163.92393579993,28945.43359375,-65218.49034204993,295.66737152772095,175.99471568999994,0.7395810186320653,106
387000,-94528.88945093665,29542.27734375,-64986.61210718665,301.76391944101084,175.99471568999994,0.7395810186320653,106
388000,-94116.87322321448,29013.89453125,-65102.97869196448,296.36667580234473,175.99471568999994,0.7395810186320653,106
389000,-93825.17145243201,29315.23828125,-64509.93317118201,299.4447956791893,175.99471568999994,0.7395810186320653,106
390000,-94269.24171534095,29344.87109375,-64924.37062159095,299.74748438324593,175.99471568999994,0.7395810186320653,106
391000,-93869.35410395179,29489.59375,-64379.76035395179,301.22577515527246,175.99471568999994,0.7395810186320653,106
392000,-93867.72306910071,29672.546875,-64195.17619410071,303.0945766505526,175.99471568999994,0.7395810186320653,106
393000,-93922.08660593543,29337.93359375,-64584.15301218543,299.67662027325326,175.99471568999994,0.7395810186320653,106
394000,-94592.0897225431,29496.318359375,-65095.771363168096,301.2944646627907,175.99471568999994,0.7395810186320653,106
395000,-94069.53711023841,29154.5390625,-64914.99804773841,297.80330996917286,175.99471568999994,0.7395810186320653,106
396000,-94305.45229044471,29240.244140625,-65065.20814981971,298.67875704422613,175.99471568999994,0.7395810186320653,106
397000,-93545.95532312903,29498.845703125,-64047.109620004034,301.3202805857441,175.99471568999994,0.7395810186320653,106
398000,-93576.12992945228,29288.37109375,-64287.758835702276,299.17035685681896,175.99471568999994,0.7395810186320653,106
399000,-94064.36975183997,29202.76953125,-64861.60022058997,298.2959671572808,175.99471568999994,0.7395810186320653,106
400000,-94257.72161188636,29331.12109375,-64926.60051813636,299.60703299407123,175.99471568999994,0.7395810186320653,106
401000,-93789.82626047645,29403.970703125,-64385.855557351446,300.3511660004387,175.99471568999994,0.7395810186320653,106
402000,-94253.88971033607,29470.7109375,-64783.178772836065,301.03289390093425,175.99471568999994,0.7395810186320653,106
403000,-93973.38807001624,29684.685546875,-64288.70252314124,303.2185688925584,175.99471568999994,0.7395810186320653,106
404000,-94307.75367823157,29138.40234375,-65169.35133448157,297.63847909170676,175.99471568999994,0.7395810186320653,106
405000,-93802.73487940345,29939.21875,-63863.51612940345,305.81853558128506,175.99471568999994,0.7395810186320653,106
406000,-93555.80862513099,28891.552734375,-64664.25589075599,295.116997596874,175.99471568999994,0.7395810186320653,106
407000,-93624.43830957923,29193.109375,-64431.32893457923,298.197292076193,175.99471568999994,0.7395810186320653,106
408000,-94169.78254023108,29319.07421875,-64850.708321481085,299.48397842469205,175.99471568999994,0.7395810186320653,106
409000,-93460.36895838294,28801.21484375,-64659.15411463294,294.19422797989995,175.99471568999994,0.7395810186320653,106
410000,-94046.36909571204,29290.9453125,-64755.42378321204,299.19665159132643,175.99471568999994,0.7395810186320653,106
411000,-94034.70139399085,29312.08984375,-64722.61155024085,299.41263550314534,175.99471568999994,0.7395810186320653,106
412000,-93786.97363367591,29133.08984375,-64653.88378992591,297.5842137822529,175.99471568999994,0.7395810186320653,106
413000,-94068.53389063392,28967.4453125,-65101.08857813392,295.892213453289,175.99471568999994,0.7395810186320653,106
414000,-94200.03534021888,29310.130859375,-64889.90448084388,299.3926251702842,175.99471568999994,0.7395810186320653,106
415000,-93675.67469110999,28969.896484375,-64705.77820673499,295.9172513074671,175.99471568999994,0.7395810186320653,106
416000,-94057.39125910315,29152.04296875,-64905.348290353155,297.7778132539221,175.99471568999994,0.7395810186320653,106
417000,-94214.21730890784,28889.169921875,-65325.04738703284,295.0926580095454,175.99471568999994,0.7395810186320653,106
418000,-94339.89338770423,29153.716796875,-65186.17659082923,297.7949108164963,175.99471568999994,0.7395810186320653,106
419000,-93744.33067408118,29112.7265625,-64631.60411158118,297.3762100630007,175.99471568999994,0.7395810186320653,106
420000,-93909.4239815763,29124.296875,-64785.1271065763,297.49439671491416,175.99471568999994,0.7395810186320653,106
421000,-94106.27744761023,29202.84375,-64903.433697610235,298.29672527557466,175.99471568999994,0.7395810186320653,106
422000,-94012.33382502112,29537.599609375,-64474.73421564612,301.71613803801745,175.99471568999994,0.7395810186320653,106
423000,-94171.95329371009,28790.40234375,-65381.55094996009,294.0837821147762,175.99471568999994,0.7395810186320653,106
424000,-94114.18911066565,29396.45703125,-64717.732079415655,300.2744164984281,175.99471568999994,0.7395810186320653,106
425000,-93824.94975367103,29309.833984375,-64515.115769296026,299.38959269710887,175.99471568999994,0.7395810186320653,106
426000,-93954.28283777747,29548.158203125,-64406.12463465247,301.82399034055703,175.99471568999994,0.7395810186320653,106
427000,-94168.98891535315,29327.572265625,-64841.416649728155,299.5707829693368,175.99471568999994,0.7395810186320653,106
428000,-93621.22325220618,29371.77734375,-64249.44590845618,300.0223222152446,175.99471568999994,0.7395810186320653,106
429000,-93924.692685037,29345.970703125,-64578.72198191199,299.7587165042836,175.99471568999994,0.7395810186320653,106
430000,-94229.03340998206,29493.896484375,-64735.13692560706,301.2697260658338,175.99471568999994,0.7395810186320653,106
431000,-93901.16525354896,28968.955078125,-64932.210175423956,295.90763517542416,175.99471568999994,0.7395810186320653,106
432000,-93864.25044336829,29332.689453125,-64531.56099024329,299.62305323064896,175.99471568999994,0.7395810186320653,106
433000,-93932.51539698157,29028.48046875,-64904.03492823157,296.51566599756586,175.99471568999994,0.7395810186320653,106
434000,-94449.80307093177,29577.775390625,-64872.02768030677,302.1265194407623,175.99471568999994,0.7395810186320653,106
435000,-94265.77867212806,29044.517578125,-65221.26109400306,296.6794794004797,175.99471568999994,0.7395810186320653,106
436000,-94050.63459864173,28981.1640625,-65069.47053614173,296.032345634761,175.99471568999994,0.7395810186320653,106
437000,-94037.17587366614,29360.8828125,-64676.29306116614,299.91103842990134,175.99471568999994,0.7395810186320653,106
438000,-93737.1319893888,29339.96484375,-64397.1671456388,299.69736877392677,175.99471568999994,0.7395810186320653,106
439000,-93673.96619501624,29469.92578125,-64204.04041376624,301.0248738074047,175.99471568999994,0.7395810186320653,106
440000,-94087.06456079993,29180.80078125,-64906.26377954993,298.07156414230394,175.99471568999994,0.7395810186320653,106
441000,-94104.67871180091,28953.390625,-65151.28808680091,295.7486497890132,175.99471568999994,0.7395810186320653,106
442000,-93895.95065393958,29087.322265625,-64808.62838831458,297.1167141512116,175.99471568999994,0.7395810186320653,106
443000,-93879.13133326087,28880.33984375,-64998.79148951087,295.0024618830598,175.99471568999994,0.7395810186320653,106
444000,-93916.95229044471,28752.607421875,-65164.34486856971,293.69772034887853,175.99471568999994,0.7395810186320653,106
445000,-94505.03724756751,29167.29296875,-65337.74427881751,297.93358661282497,175.99471568999994,0.7395810186320653,106
446000,-94104.16293421302,28767.23828125,-65336.92465296302,293.8471694051722,175.99471568999994,0.7395810186320653,106
447000,-93690.95583429847,29170.08984375,-64520.86599054847,297.9621557022139,175.99471568999994,0.7395810186320653,106
448000,-94105.87282648597,29016.427734375,-65089.44509211097,296.3925515767424,175.99471568999994,0.7395810186320653,106
449000,-94111.28785028968,29201.78125,-64909.50660028968,298.2858722136839,175.99471568999994,0.7395810186320653,106
450000,-94212.70291986976,28904.69921875,-65308.00370111976,295.2512842872909,175.99471568999994,0.7395810186320653,106
451000,-94003.17979517493,29169.17578125,-64834.00401392493,297.95281887691084,175.99471568999994,0.7395810186320653,106
452000,-94016.91290369544,29815.54296875,-64201.36993494544,304.5552311970066,175.99471568999994,0.7395810186320653,106
453000,-93695.36422815833,28729.35546875,-64966.00875940833,293.46020986761084,175.99471568999994,0.7395810186320653,106
454000,-94031.76694574866,29235.75,-64796.01694574866,298.6328509864859,175.99471568999994,0.7395810186320653,106
455000,-93775.53791895423,29583.890625,-64191.64729395423,302.1889843980785,175.99471568999994,0.7395810186320653,106
456000,-94283.90147486243,29182.17578125,-65101.72569361243,298.0856092812215,175.99471568999994,0.7395810186320653,106
457000,-94099.77740564857,29574.740234375,-64525.037171273565,302.0955163926405,175.99471568999994,0.7395810186320653,106
458000,-94130.02188959632,29254.41015625,-64875.61173334632,298.8234578859426,175.99471568999994,0.7395810186320653,106
459000,-93766.8298043302,28691.943359375,-65074.886444955206,293.0780583960709,175.99471568999994,0.7395810186320653,106
460000,-94035.30900660071,29101.2734375,-64934.03556910071,297.2592204399723,175.99471568999994,0.7395810186320653,106
461000,-93855.06039133582,28915.337890625,-64939.72250071082,295.35995455956856,175.99471568999994,0.7395810186320653,106
462000,-94498.34234705482,29047.859375,-65450.482972054815,296.71361467418393,175.99471568999994,0.7395810186320653,106
463000,-93639.56366053138,28778.73828125,-64860.82537928138,293.96463783975474,175.99471568999994,0.7395810186320653,106
464000,-93971.74456110511,28618.615234375,-65353.12932673011,292.3290375217563,175.99471568999994,0.7395810186320653,106
465000,-94356.11760035071,29216.830078125,-65139.28752222571,298.4395906730008,175.99471568999994,0.7395810186320653,106
466000,-94081.48841181312,29324.908203125,-64756.580208688116,299.5435705126842,175.99471568999994,0.7395810186320653,106
467000,-93985.37497034583,28974.529296875,-65010.84567347083,295.9645738493879,175.99471568999994,0.7395810186320653,106
468000,-93819.20125284705,28893.912109375,-64925.28914347205,295.14109777842555,175.99471568999994,0.7395810186320653,106
469000,-94147.398178964,29526.388671875,-64621.009507088995,301.6016222746847,175.99471568999994,0.7395810186320653,106
470000,-93917.75553980384,29504.43359375,-64413.32194605384,301.3773589130778,175.99471568999994,0.7395810186320653,106
471000,-93910.25495996985,29317.259765625,-64592.995194344854,299.46544442745574,175.99471568999994,0.7395810186320653,106
472000,-94213.45234766517,29408.130859375,-64805.32148829017,300.39366052585666,175.99471568999994,0.7395810186320653,106
473000,-94019.94432917151,29456.341796875,-64563.602532296514,300.8861182091504,175.99471568999994,0.7395810186320653,106
474000,-94144.84762659583,29269.1953125,-64875.65231409583,298.97448303026823,175.99471568999994,0.7395810186320653,106
475000,-94034.9577340177,29000.453125,-65034.504609017706,296.22937658923394,175.99471568999994,0.7395810186320653,106
476000,-93911.61526957068,29305.267578125,-64606.347691445684,299.3429484715562,175.99471568999994,0.7395810186320653,106
477000,-94163.73474207435,29273.3203125,-64890.414429574346,299.0166184470207,175.99471568999994,0.7395810186320653,106
478000,-94059.07790461097,29488.37890625,-64570.69899836097,301.21336595583114,175.99471568999994,0.7395810186320653,106
479000,-94161.42001429114,29096.240234375,-65065.17977991614,297.207808049361,175.99471568999994,0.7395810186320653,106
480000,-94584.54851236854,29419.9921875,-65164.556324868536,300.51481979950125,175.99471568999994,0.7395810186320653,106
481000,-94441.06078424964,29016.41796875,-65424.64281549964,296.3924518243353,175.99471568999994,0.7395810186320653,106
482000,-94821.9995888761,28645.93359375,-66176.0659951261,292.60808490533384,175.99471568999994,0.7395810186320653,106
483000,-94416.76065912757,29345.0625,-65071.69815912757,299.74943953042475,175.99471568999994,0.7395810186320653,106
484000,-94149.78454676185,29046.15625,-65103.628296761846,296.6962178543884,175.99471568999994,0.7395810186320653,106
485000,-93938.36280909095,29467.203125,-64471.15968409095,300.99706283630957,175.99471568999994,0.7395810186320653,106
486000,-94076.6663064054,28868.10546875,-65208.5608376554,294.87749206746463,175.99471568999994,0.7395810186320653,106
487000,-94738.95277109656,29129.75,-65609.20277109656,297.5500984590301,175.99471568999994,0.7395810186320653,106
488000,-94061.49837198768,29355.8046875,-64705.69368448768,299.85916717821755,175.99471568999994,0.7395810186320653,106
489000,-93856.21975794349,29466.171875,-64390.04788294349,300.98652898212146,175.99471568999994,0.7395810186320653,106
490000,-94509.48637476478,29210.15234375,-65299.334031014776,298.37137997703655,175.99471568999994,0.7395810186320653,106
491000,-94299.82139673743,28979.361328125,-65320.46006861243,296.0139313404132,175.99471568999994,0.7395810186320653,106
492000,-94447.29442682776,29072.09375,-65375.200676827764,296.9611602476043,175.99471568999994,0.7395810186320653,106
493000,-94237.13704767737,29576.1875,-64660.94954767737,302.1102996993704,175.99471568999994,0.7395810186320653,106
494000,-93992.83075037513,29518.265625,-64474.56512537513,301.518648222472,175.99471568999994,0.7395810186320653,106
495000,-94145.98054590735,29277.09765625,-64868.882889657354,299.0552026780809,175.99471568999994,0.7395810186320653,106
496000,-94363.54397669349,28914.77734375,-65448.76663294349,295.3542287714019,175.99471568999994,0.7395810186320653,106
497000,-94355.79789057288,29025.126953125,-65330.67093744788,296.4814110209731,175.99471568999994,0.7395810186320653,106
498000,-94077.37111750159,28964.11328125,-65113.25783625159,295.8581779319918,175.99471568999994,0.7395810186320653,106
499000,-94266.5774392179,29711.3203125,-64555.2571267179,303.4906336076401,175.99471568999994,0.7395810186320653,106
500000,-94218.04589548621,29464.935546875,-64753.11034861121,300.97390032738457,175.99471568999994,0.7395810186320653,106
501000,-94042.17524805579,29296.546875,-64745.62837305579,299.25386957203,175.99471568999994,0.7395810186320653,106
502000,-94049.92444696937,29363.63671875,-64686.287728219366,299.9391686086991,175.99471568999994,0.7395810186320653,106
503000,-93844.67952051673,29241.1328125,-64603.54670801673,298.6878345132708,175.99471568999994,0.7395810186320653,106
504000,-94248.18217936072,28590.533203125,-65657.64897623572,292.04218949994464,175.99471568999994,0.7395810186320653,106
505000,-94359.82190027747,29499.45703125,-64860.36486902747,301.3265250864276,175.99471568999994,0.7395810186320653,106
506000,-94150.17683496985,28558.22265625,-65591.95417871985,291.7121486858655,175.99471568999994,0.7395810186320653,106
507000,-94140.88577356849,29102.41796875,-65038.46780481849,297.2709114220825,175.99471568999994,0.7395810186320653,106
508000,-93907.53695765052,29548.095703125,-64359.44125452552,301.8233519251517,175.99471568999994,0.7395810186320653,106
509000,-94511.82013025794,28843.08203125,-65668.73809900794,294.6218864995518,175.99471568999994,0.7395810186320653,106
510000,-94355.611611276,29259.34765625,-65096.26395502601,298.87389270296444,175.99471568999994,0.7395810186320653,106
511000,-94173.93608179603,29300.5078125,-64873.428269296026,299.29432914834337,175.99471568999994,0.7395810186320653,106
512000,-93649.97944727454,29033.12890625,-64616.85054102454,296.563148143338,175.99471568999994,0.7395810186320653,106
513000,-94550.351014047,29284.4296875,-65265.921326547,299.1300967853198,175.99471568999994,0.7395810186320653,106
514000,-94654.9500664762,28818.2890625,-65836.6610039762,294.3686350884461,175.99471568999994,0.7395810186320653,106
515000,-94492.59120264564,29252.2421875,-65240.349015145635,298.8013128515699,175.99471568999994,0.7395810186320653,106
516000,-94623.09282007728,29562.55859375,-65060.534226327276,301.9710852400435,175.99471568999994,0.7395810186320653,106
517000,-94324.79241266761,29540.45703125,-64784.33538141761,301.74532559233035,175.99471568999994,0.7395810186320653,106
518000,-93871.66661921058,29467.5234375,-64404.14318171058,301.00033471526194,175.99471568999994,0.7395810186320653,106
519000,-94272.14734735999,29529.9609375,-64742.18640985999,301.63811170519614,175.99471568999994,0.7395810186320653,106
520000,-93812.02719202552,29360.05859375,-64451.96859827552,299.90261932674343,175.99471568999994,0.7395810186320653,106
521000,-94101.87759485755,29329.015625,-64772.86196985755,299.5855263751038,175.99471568999994,0.7395810186320653,106
522000,-94086.17622461829,29283.322265625,-64802.85395899329,299.1187848623564,175.99471568999994,0.7395810186320653,106
523000,-94043.35816278968,29457.99609375,-64585.36206903968,300.90301626691047,175.99471568999994,0.7395810186320653,106
524000,-93536.69152918372,29079.0703125,-64457.62121668372,297.03242336722536,175.99471568999994,0.7395810186320653,106
525000,-94446.1667183927,28976.58203125,-65469.584687142706,295.985541805357,175.99471568999994,0.7395810186320653,106
526000,-94430.95855036292,29241.76171875,-65189.19683161292,298.694258568287,175.99471568999994,0.7395810186320653,106
527000,-94444.68113031898,29067.44140625,-65377.239724068975,296.9136382008694,175.99471568999994,0.7395810186320653,106
528000,-94484.09031000648,29197.34765625,-65286.742653756475,298.2405846208676,175.99471568999994,0.7395810186320653,106
529000,-94289.3532418302,29012.34765625,-65277.005585580206,296.3508750210626,175.99471568999994,0.7395810186320653,106
530000,-94235.71411219153,28860.998046875,-65374.716065316534,294.80489226558865,175.99471568999994,0.7395810186320653,106
531000,-93793.9216088346,29411.578125,-64382.3434838346,300.4288731255574,175.99471568999994,0.7395810186320653,106
532000,-94275.21687403235,29775.009765625,-64500.207108407354,304.14119885616253,175.99471568999994,0.7395810186320653,106
533000,-94195.8695801786,28889.2890625,-65306.580517678594,295.09387498891186,175.99471568999994,0.7395810186320653,106
534000,-93763.02600946937,29487.353515625,-64275.672493844366,301.2028919530873,175.99471568999994,0.7395810186320653,106
535000,-93720.38508692298,29581.41015625,-64138.97493067298,302.16364728667907,175.99471568999994,0.7395810186320653,106
536000,-94336.76848688636,29113.81640625,-65222.95208063636,297.38734243163134,175.99471568999994,0.7395810186320653,106
537000,-94350.72321405921,29327.26171875,-65023.46149530921,299.5676108427915,175.99471568999994,0.7395810186320653,106
538000,-93925.25138941321,28822.740234375,-65102.51115503821,294.4141022355952,175.99471568999994,0.7395810186320653,106
539000,-94301.44849482093,28931.1015625,-65370.34693232093,295.520974895084,175.99471568999994,0.7395810186320653,106
540000,-93835.02975550208,29057.771484375,-64777.25827112708,296.8148633673745,175.99471568999994,0.7395810186320653,106
541000,-94635.38107386146,29498.6953125,-65136.685761361456,301.318744398675,175.99471568999994,0.7395810186320653,106
542000,-94319.12793055091,28949.19921875,-65369.92871180091,295.70583605589263,175.99471568999994,0.7395810186320653,106
543000,-94181.54879847083,29112.65234375,-65068.89645472083,297.37545194470687,175.99471568999994,0.7395810186320653,106
544000,-94522.12369623694,28977.630859375,-65544.49283686194,295.9962552138779,175.99471568999994,0.7395810186320653,106
545000,-94287.29149714026,29401.466796875,-64885.824700265264,300.32558948326226,175.99471568999994,0.7395810186320653,106
546000,-93764.22891321692,29373.791015625,-64390.437897591924,300.0428911615854,175.99471568999994,0.7395810186320653,106
547000,-94336.36676111732,28497.224609375,-65839.14215174232,291.0890752007355,175.99471568999994,0.7395810186320653,106
548000,-94277.6217965177,29226.0390625,-65051.582734017706,298.53365719288126,175.99471568999994,0.7395810186320653,106
549000,-94169.54628077064,29430.171875,-64739.374405770635,300.6188017086459,175.99471568999994,0.7395810186320653,106
550000,-94459.19664087806,29780.638671875,-64678.55796900306,304.19869614360596,175.99471568999994,0.7395810186320653,106
551000,-94039.18664637122,29393.91015625,-64645.27649012122,300.24840107066046,175.99471568999994,0.7395810186320653,106
552000,-94179.35540857825,29351.58984375,-64827.76556482825,299.8161140393199,175.99471568999994,0.7395810186320653,106
553000,-94453.83993616614,29836.361328125,-64617.47860804114,304.76788337842896,175.99471568999994,0.7395810186320653,106
554000,-93778.64965906653,29618.029296875,-64160.620362191534,302.53769886276376,175.99471568999994,0.7395810186320653,106
555000,-94026.91473475013,29233.052734375,-64793.86200037513,298.60529937164927,175.99471568999994,0.7395810186320653,106
556000,-93540.57405176673,29309.287109375,-64231.28694239173,299.3840065623121,175.99471568999994,0.7395810186320653,106
557000,-94297.03047266517,29062.8125,-65234.21797266517,296.8663555599114,175.99471568999994,0.7395810186320653,106
558000,-93995.0926446012,29290.99609375,-64704.0965508512,299.1971703038432,175.99471568999994,0.7395810186320653,106
559000,-93630.09087458167,28898.994140625,-64731.09673395667,295.19300893107226,175.99471568999994,0.7395810186320653,106
560000,-94227.0887459806,29067.74609375,-65159.342652230596,296.91675047597045,175.99471568999994,0.7395810186320653,106
561000,-94153.29527369056,29323.716796875,-64829.57847681556,299.5314007190199,175.99471568999994,0.7395810186320653,106
562000,-93621.55992975745,29268.96875,-64352.59117975745,298.9721687744239,175.99471568999994,0.7395810186320653,106
563000,-94051.61527338538,28605.693359375,-65445.92191401038,292.1970451367023,175.99471568999994,0.7395810186320653,106
564000,-93990.49265375648,29537.62109375,-64452.871560006475,301.71635749331307,175.99471568999994,0.7395810186320653,106
565000,-93369.9030465177,29473.18359375,-63896.719452767706,301.058151210408,175.99471568999994,0.7395810186320653,106
566000,-93600.90922632728,29162.677734375,-64438.231491952276,297.8864436252369,175.99471568999994,0.7395810186320653,106
567000,-93916.64643183265,29210.984375,-64705.66205683265,298.3798788821201,175.99471568999994,0.7395810186320653,106
568000,-93878.6402176908,28632.970703125,-65245.6695145658,292.4756735601702,175.99471568999994,0.7395810186320653,106
569000,-94224.12828150306,29622.552734375,-64601.57554712806,302.58390417772523,175.99471568999994,0.7395810186320653,106
570000,-94413.40666285071,29414.9296875,-64998.47697535071,300.46310815166873,175.99471568999994,0.7395810186320653,106
571000,-93864.36489954505,29244.73828125,-64619.62661829505,298.7246631019663,175.99471568999994,0.7395810186320653,106
572000,-94830.00550928626,29332.33203125,-65497.67347803626,299.6194022925497,175.99471568999994,0.7395810186320653,106
573000,-94550.49654474769,29084.63671875,-65465.859825997686,297.08928223926347,175.99471568999994,0.7395810186320653,106
574000,-93865.88124361548,29463.15234375,-64402.728899865484,300.955685537851,175.99471568999994,0.7395810186320653,106
575000,-94102.96803370032,29435.18359375,-64667.78443995032,300.66999464396156,175.99471568999994,0.7395810186320653,106
576000,-93815.13439264808,29431.65625,-64383.47814264808,300.6339640745227,175.99471568999994,0.7395810186320653,106
577000,-94220.6965798429,28943.12890625,-65277.5676735929,295.64382995964905,175.99471568999994,0.7395810186320653,106
578000,-94297.78839197669,29058.671875,-65239.11651697669,296.82406053930765,175.99471568999994,0.7395810186320653,106
579000,-93729.61515894446,29229.59765625,-64500.01750269446,298.57000697002286,175.99471568999994,0.7395810186320653,106
580000,-93826.13096704993,28968.73828125,-64857.39268579993,295.9054206719869,175.99471568999994,0.7395810186320653,106
581000,-94243.71699610267,29287.005859375,-64956.71113672767,299.15641147030857,175.99471568999994,0.7395810186320653,106
582000,-94465.20977106605,29339.2734375,-65125.936333566046,299.69030630350517,175.99471568999994,0.7395810186320653,106
583000,-93949.69696131263,29139.0703125,-64810.62664881263,297.6453021563513,175.99471568999994,0.7395810186320653,106
584000,-94065.10932245765,28926.78125,-65138.32807245765,295.4768444301899,175.99471568999994,0.7395810186320653,106
585000,-94264.38655176673,29063.662109375,-65200.72444239173,296.87503401932776,175.99471568999994,0.7395810186320653,106
586000,-94395.17985621009,29390.9921875,-65004.18766871009,300.2185950514237,175.99471568999994,0.7395810186320653,106
587000,-94573.27110376868,29076.9375,-65496.33360376868,297.01063744151816,175.99471568999994,0.7395810186320653,106
588000,-94087.48378458533,29349.978515625,-64737.50526896033,299.799654892151,175.99471568999994,0.7395810186320653,106
589000,-94428.4803322843,29251.67578125,-65176.80455103431,298.795527211959,175.99471568999994,0.7395810186320653,106
590000,-94486.93267145667,28924.416015625,-65562.51665583167,295.4526843971941,175.99471568999994,0.7395810186320653,106
591000,-94288.43603601966,29192.8984375,-65095.53759851966,298.1951374242,175.99471568999994,0.7395810186320653,106
592000,-94188.87632074866,29427.97265625,-64760.90366449866,300.5963374665705,175.99471568999994,0.7395810186320653,106
593000,-94407.69917383704,28796.89453125,-65610.80464258704,294.1500975150059,175.99471568999994,0.7395810186320653,106
594000,-94464.5686501554,29356.54296875,-65108.0256814054,299.8667084601931,175.99471568999994,0.7395810186320653,106
595000,-94178.86042871985,29182.9765625,-64995.883866219854,298.09378897860233,175.99471568999994,0.7395810186320653,106
596000,-94504.49852839026,28727.08203125,-65777.41649714026,293.4369875072416,175.99471568999994,0.7395810186320653,106
597000,-94611.24120417151,29899.48046875,-64711.760735421514,305.4126230863776,175.99471568999994,0.7395810186320653,106
598000,-94222.38466349158,29461.3671875,-64761.01747599158,300.93745079783594,175.99471568999994,0.7395810186320653,106
599000,-94547.73796167884,29408.19921875,-65139.53874292884,300.3943587927062,175.99471568999994,0.7395810186320653,106
600000,-94012.48988428626,29709.294921875,-64303.19496241126,303.46994495841085,175.99471568999994,0.7395810186320653,106
