# column   1     --> step : The current simulation time step.
# column   2     --> time{picosecond} : The elapsed simulation time.
# column   3     --> temperature{kelvin} : The current temperature, as obtained from the MD kinetic energy.
# column   4     --> conserved{electronvolt} : The value of the conserved energy quantity per bead.
# column   5     --> potential{electronvolt} : The physical system potential energy.
# column   6     --> volume{angstrom3} : The volume of the cell box.
# column   7     --> density{g/cm3} : The mass density of the physical system.
    0.00000000e+00     0.00000000e+00     3.07797442e+02     1.58536425e+03     1.49547692e+03     2.65702579e+04     1.19718202e+00   
    1.00000000e+02     1.00000000e-01     3.22279758e+02     1.58541825e+03     1.46068550e+03     2.43030327e+04     1.30886690e+00   
    2.00000000e+02     2.00000000e-01     2.93151392e+02     1.58551841e+03     1.45671446e+03     2.51428691e+04     1.26514738e+00   
    3.00000000e+02     3.00000000e-01     2.93820923e+02     1.58541218e+03     1.45292026e+03     2.50972521e+04     1.26744692e+00   
    4.00000000e+02     4.00000000e-01     3.01353547e+02     1.58539308e+03     1.45149928e+03     2.54869645e+04     1.24806683e+00   
    5.00000000e+02     5.00000000e-01     3.09695802e+02     1.58516539e+03     1.44528582e+03     2.50283152e+04     1.27093793e+00   
    6.00000000e+02     6.00000000e-01     3.01131767e+02     1.58486457e+03     1.44182818e+03     2.51796570e+04     1.26329898e+00   
    7.00000000e+02     7.00000000e-01     3.44780869e+02     1.59122010e+03     1.42752342e+03     2.54311097e+04     1.25080798e+00   
    8.00000000e+02     8.00000000e-01     3.74970438e+02     1.60771938e+03     1.39326476e+03     2.57695678e+04     1.23437984e+00   
    9.00000000e+02     9.00000000e-01     4.90130245e+02     1.68601110e+03     1.38304482e+03     2.58904513e+04     1.22861647e+00   
    1.00000000e+03     1.00000000e+00     4.68038509e+03     3.56395493e+03     1.36862255e+03     2.99144658e+04     1.06334625e+00   
    1.10000000e+03     1.10000000e+00     5.81960129e+02     3.55921619e+03     1.40344437e+03     1.04236039e+05     3.05167343e-01   
    1.20000000e+03     1.20000000e+00     3.72051299e+02     3.58803320e+03     1.35190266e+03     2.00742910e+05     1.58458572e-01   
    1.30000000e+03     1.30000000e+00     1.32061592e+03     4.47333622e+03     1.30271150e+03     3.71157501e+05     8.57033333e-02   
    1.40000000e+03     1.40000000e+00     3.54645512e+02     4.46111040e+03     1.28341568e+03     8.35397787e+05     3.80769921e-02   
    1.50000000e+03     1.50000000e+00     3.11154291e+02     4.47381267e+03     1.27666819e+03     1.41085110e+06     2.25462737e-02   
    1.60000000e+03     1.60000000e+00     2.20104179e+03     1.14108467e+04     1.34373895e+03     5.83192529e+07     5.45436256e-04   
    1.70000000e+03     1.70000000e+00     5.53906278e+02     1.13917881e+04     1.02830154e+03     4.74060564e+08     6.70999390e-05   
    1.80000000e+03     1.80000000e+00     7.26626659e+02     1.16422850e+04     1.01719716e+03     3.76212465e+08     8.45517837e-05   
    1.90000000e+03     1.90000000e+00     4.51347524e+02     1.16655128e+04     1.01689659e+03     1.88848264e+08     1.68439118e-04   
    2.00000000e+03     2.00000000e+00     3.63979207e+02     1.17062609e+04     1.04200297e+03     1.14536696e+08     2.77722652e-04   
    2.10000000e+03     2.10000000e+00     3.70921260e+02     1.17344510e+04     1.03620881e+03     9.18441731e+07     3.46341351e-04   
    2.20000000e+03     2.20000000e+00     3.62945512e+02     1.17360376e+04     1.01018119e+03     8.61167941e+07     3.69375513e-04   
    2.30000000e+03     2.30000000e+00     3.45540836e+02     1.17530731e+04     1.01750967e+03     8.29716478e+07     3.83377163e-04   
    2.40000000e+03     2.40000000e+00     3.16913686e+02     1.17537382e+04     1.00513645e+03     8.09906223e+07     3.92754544e-04   
    2.50000000e+03     2.50000000e+00     3.22271022e+02     1.17745725e+04     1.00753573e+03     8.05212381e+07     3.95044037e-04   
    2.60000000e+03     2.60000000e+00     3.68997960e+02     1.18144457e+04     1.00170706e+03     8.22398997e+07     3.86788348e-04   
    2.70000000e+03     2.70000000e+00     3.47689180e+02     1.18299918e+04     9.85414036e+02     8.42179780e+07     3.77703618e-04   
    2.80000000e+03     2.80000000e+00     3.48347722e+02     1.18902021e+04     1.00915458e+03     8.28296127e+07     3.84034573e-04   
    2.90000000e+03     2.90000000e+00     3.15790689e+02     1.19340378e+04     1.03212950e+03     8.40699023e+07     3.78368882e-04   
    3.00000000e+03     3.00000000e+00     3.16185624e+02     1.19584112e+04     1.04512093e+03     8.33961620e+07     3.81425646e-04   
    3.10000000e+03     3.10000000e+00     3.22446113e+02     1.19510972e+04     1.02428158e+03     8.37185466e+07     3.79956847e-04   
    3.20000000e+03     3.20000000e+00     3.16994922e+02     1.19468934e+04     1.01170839e+03     8.27745305e+07     3.84290129e-04   
    3.30000000e+03     3.30000000e+00     3.11201903e+02     1.19807816e+04     1.03832192e+03     8.12928106e+07     3.91294565e-04   
    3.40000000e+03     3.40000000e+00     3.65104665e+02     1.20404314e+04     1.03786979e+03     8.18443389e+07     3.88657730e-04   
    3.50000000e+03     3.50000000e+00     3.46886335e+02     1.20430154e+04     1.01063064e+03     8.57903772e+07     3.70780920e-04   
    3.60000000e+03     3.60000000e+00     3.15717483e+02     1.20528141e+04     1.02212956e+03     8.62269024e+07     3.68903835e-04   
    3.70000000e+03     3.70000000e+00     2.91909560e+02     1.20583086e+04     1.03449950e+03     8.38752660e+07     3.79246904e-04   
    3.80000000e+03     3.80000000e+00     3.24020244e+02     1.20530157e+04     1.01089590e+03     8.14581596e+07     3.90500290e-04   
    3.90000000e+03     3.90000000e+00     3.04709534e+02     1.20528919e+04     1.00922146e+03     8.03732709e+07     3.95771313e-04   
    4.00000000e+03     4.00000000e+00     2.95634083e+02     1.20736738e+04     1.02885240e+03     8.01684522e+07     3.96782451e-04   
    4.10000000e+03     4.10000000e+00     2.99080549e+02     1.20801272e+04     1.02860264e+03     7.98304713e+07     3.98462322e-04   
    4.20000000e+03     4.20000000e+00     2.97199023e+02     1.20763356e+04     1.02178032e+03     7.82640064e+07     4.06437600e-04   
    4.30000000e+03     4.30000000e+00     2.99144642e+02     1.20638633e+04     1.00403656e+03     7.83266151e+07     4.06112723e-04   
    4.40000000e+03     4.40000000e+00     2.89889019e+02     1.20743489e+04     1.01439321e+03     7.76354258e+07     4.09728350e-04   
    4.50000000e+03     4.50000000e+00     2.98897488e+02     1.20783436e+04     1.01700743e+03     7.64583327e+07     4.16036210e-04   
    4.60000000e+03     4.60000000e+00     3.06588983e+02     1.20767214e+04     1.01624913e+03     7.63661995e+07     4.16538144e-04   
    4.70000000e+03     4.70000000e+00     2.93334815e+02     1.20757537e+04     1.01224934e+03     7.61245605e+07     4.17860343e-04   
    4.80000000e+03     4.80000000e+00     3.05646470e+02     1.21029845e+04     1.03214414e+03     7.59289391e+07     4.18936908e-04   
    4.90000000e+03     4.90000000e+00     3.15487289e+02     1.20750701e+04     9.99307331e+02     7.74960469e+07     4.10465259e-04   
    5.00000000e+03     5.00000000e+00     3.08564258e+02     1.20924280e+04     1.01218601e+03     7.93132725e+07     4.01060679e-04   
    5.10000000e+03     5.10000000e+00     3.08793032e+02     1.20994521e+04     1.00746972e+03     7.95677192e+07     3.99778142e-04   
    5.20000000e+03     5.20000000e+00     3.26686763e+02     1.21141698e+04     1.01207970e+03     7.89709053e+07     4.02799421e-04   
    5.30000000e+03     5.30000000e+00     2.95441290e+02     1.21251293e+04     1.03077878e+03     7.75729964e+07     4.10058093e-04   
    5.40000000e+03     5.40000000e+00     3.14974581e+02     1.21270469e+04     1.02742143e+03     7.62676750e+07     4.17076238e-04   
    5.50000000e+03     5.50000000e+00     3.03685644e+02     1.21245929e+04     1.02524075e+03     7.55613351e+07     4.20975025e-04   
