#"Step","Potential Energy (kJ/mole)","Kinetic Energy (kJ/mole)","Total Energy (kJ/mole)","Temperature (K)","Box Volume (nm^3)","Density (g/mL)","Speed (ns/day)"
1000,-95368.06120826576,27157.07421875,-68210.98698951576,277.39991272318673,175.52540195999998,0.7415584847003126,0
2000,-93782.01427986,28707.001953125,-65075.012326735,293.23187660779485,175.52540195999998,0.7415584847003126,100
3000,-93923.64079810951,29254.2734375,-64669.36736060951,298.82206135224345,175.52540195999998,0.7415584847003126,102
4000,-93096.81612922523,29013.00390625,-64083.81222297523,296.3575783828187,175.52540195999998,0.7415584847003126,102
5000,-93085.06364204262,29160.39453125,-63924.669110792616,297.8631215124606,175.52540195999998,0.7415584847003126,102
6000,-93834.86906959389,29049.625,-64785.244069593886,296.73164990938477,175.52540195999998,0.7415584847003126,102
7000,-93418.33488227699,29127.037109375,-64291.29777290199,297.5223872403421,175.52540195999998,0.7415584847003126,102
8000,-93492.28652717445,29556.91796875,-63935.36855842445,301.9134682497117,175.52540195999998,0.7415584847003126,102
9000,-93290.51615669105,29396.4375,-63894.078656691054,300.2742169936139,175.52540195999998,0.7415584847003126,102
10000,-93131.53629829262,29672.498046875,-63459.038251417616,303.0940778885172,175.52540195999998,0.7415584847003126,102
11000,-93427.75330879066,29467.6953125,-63960.05799629066,301.00209035762657,175.52540195999998,0.7415584847003126,102
12000,-93292.01661445473,29652.236328125,-63639.780286329726,302.8871115942987,175.52540195999998,0.7415584847003126,102
13000,-93311.50112296913,29571.677734375,-63739.82338859413,302.0642340377789,175.52540195999998,0.7415584847003126,102
14000,-93720.23449470375,28712.1015625,-65008.13293220375,293.2839673147743,175.52540195999998,0.7415584847003126,102
15000,-93637.78654243324,29585.83984375,-64051.94669868324,302.2088949785325,175.52540195999998,0.7415584847003126,102
16000,-93942.58355476234,29591.94921875,-64350.63433601234,302.27130008440446,175.52540195999998,0.7415584847003126,102
17000,-93301.06513740394,28821.43359375,-64479.631543653944,294.40075536352725,175.52540195999998,0.7415584847003126,102
18000,-93632.46702339027,29202.646484375,-64429.82053901527,298.29471027695155,175.52540195999998,0.7415584847003126,102
19000,-93324.03825141762,29081.4140625,-64242.624188917616,297.05636394492564,175.52540195999998,0.7415584847003126,102
20000,-93755.82332374428,29773.3359375,-63982.48738624428,304.1241012935883,175.52540195999998,0.7415584847003126,102
21000,-93892.40369941566,28741.48828125,-65150.91541816566,293.5841422581724,175.52540195999998,0.7415584847003126,102
22000,-93724.76963569496,29151.470703125,-64573.29893256996,297.77196776286695,175.52540195999998,0.7415584847003126,102
23000,-93966.42965461586,29373.498046875,-64592.93160774086,300.03989858937285,175.52540195999998,0.7415584847003126,102
24000,-94641.88477088783,29127.8515625,-65514.03320838783,297.5307065910929,175.52540195999998,0.7415584847003126,102
25000,-93244.11330940101,28433.4921875,-64810.621121901015,290.4380710416219,175.52540195999998,0.7415584847003126,102
26000,-93167.90436317299,29246.6875,-63921.21686317299,298.74457368242037,175.52540195999998,0.7415584847003126,102
27000,-93512.59502937172,29142.0390625,-64370.55596687172,297.67562688810494,175.52540195999998,0.7415584847003126,102
28000,-94025.93662788246,29426.376953125,-64599.55967475746,300.5800379232529,175.52540195999998,0.7415584847003126,102
29000,-94165.60389472816,29017.458984375,-65148.14491035316,296.4030854309305,175.52540195999998,0.7415584847003126,102
30000,-94052.30701209877,28890.392578125,-65161.91443397377,295.1051470109124,175.52540195999998,0.7415584847003126,102
31000,-93763.8474250016,29604.10546875,-64159.7419562516,302.395471880743,175.52540195999998,0.7415584847003126,102
32000,-93993.91207649086,29143.734375,-64850.17770149086,297.6929439059748,175.52540195999998,0.7415584847003126,102
33000,-94253.30074455116,29274.5625,-64978.73824455116,299.0293069532018,175.52540195999998,0.7415584847003126,102
34000,-93434.21801521156,29209.578125,-64224.63989021156,298.3655145355,175.52540195999998,0.7415584847003126,102
35000,-94056.69175483559,28747.310546875,-65309.381207960585,293.64361464327607,175.52540195999998,0.7415584847003126,102
36000,-93854.46470405434,29385.1875,-64469.277204054335,300.15930222065276,175.52540195999998,0.7415584847003126,102
37000,-94042.45264961098,29344.0234375,-64698.429212110976,299.738825874311,175.52540195999998,0.7415584847003126,102
38000,-93792.35387946937,29581.26953125,-64211.084348219374,302.16221085201704,175.52540195999998,0.7415584847003126,102
39000,-94063.07862617348,29303.61328125,-64759.465344923476,299.32605041379617,175.52540195999998,0.7415584847003126,103
40000,-93950.27467109535,29313.154296875,-64637.12037422035,299.42350851551754,175.52540195999998,0.7415584847003126,103
41000,-93895.9834418473,28983.349609375,-64912.633832472304,296.0546702234664,175.52540195999998,0.7415584847003126,103
42000,-93613.59503700111,29288.888671875,-64324.70636512611,299.17564373439444,175.52540195999998,0.7415584847003126,103
43000,-94064.9937720475,29388.59375,-64676.4000220475,300.19409586024375,175.52540195999998,0.7415584847003126,103
44000,-93679.87284614418,29253.8125,-64426.06034614418,298.81735303862905,175.52540195999998,0.7415584847003126,103
45000,-94165.50475837562,28768.787109375,-65396.717649000624,293.8629901369358,175.52540195999998,0.7415584847003126,103
46000,-93901.63511421059,29313.001953125,-64588.633161085585,299.421952377967,175.52540195999998,0.7415584847003126,103
47000,-93839.84231330726,28761.951171875,-65077.891141432265,293.7931634519768,175.52540195999998,0.7415584847003126,103
48000,-93764.97282173012,29193.765625,-64571.207196730116,298.20399543794906,175.52540195999998,0.7415584847003126,103
49000,-94177.97643043373,29455.0390625,-64722.93736793373,300.87281123804536,175.52540195999998,0.7415584847003126,103
50000,-94412.42393256996,28729.49609375,-65682.92783881996,293.4616463022728,175.52540195999998,0.7415584847003126,103
51000,-94340.11950446937,29334.845703125,-65005.273801344374,299.64507856213316,175.52540195999998,0.7415584847003126,103
52000,-94264.97700263832,29063.5546875,-65201.42231513832,296.8739367428498,175.52540195999998,0.7415584847003126,103
53000,-94180.37551643226,29587.599609375,-64592.775907057265,302.2268703622891,175.52540195999998,0.7415584847003126,103
54000,-93701.50891639564,29219.01171875,-64482.49719764564,298.4618753607434,175.52540195999998,0.7415584847003126,103
55000,-94435.36744453285,29041.42578125,-65393.94166328285,296.6478977883968,175.52540195999998,0.7415584847003126,103
56000,-94217.04857017372,29472.42578125,-64744.62278892372,301.05041042361825,175.52540195999998,0.7415584847003126,103
57000,-94143.11484290932,29756.86328125,-64386.251561659315,303.9558389333185,175.52540195999998,0.7415584847003126,103
58000,-94103.78413154457,29086.7421875,-65017.04194404457,297.11078885823076,175.52540195999998,0.7415584847003126,103
59000,-93624.68473579262,28902.90625,-64721.778485792616,295.23296974535026,175.52540195999998,0.7415584847003126,103
60000,-93994.06974555824,29150.5625,-64843.50724555824,297.76269078900816,175.52540195999998,0.7415584847003126,103
61000,-93345.20060111854,28963.62109375,-64381.579507368544,295.85315041067474,175.52540195999998,0.7415584847003126,103
62000,-93544.92030097816,29423.921875,-64120.99842597816,300.55496016811196,175.52540195999998,0.7415584847003126,103
63000,-93827.86712409828,29365.40234375,-64462.46478034828,299.95720384389995,175.52540195999998,0.7415584847003126,103
64000,-93911.09222938392,29307.83203125,-64603.260198133925,299.36914345365653,175.52540195999998,0.7415584847003126,103
65000,-93891.7706999955,29134.82421875,-64756.9464812455,297.6019298097511,175.52540195999998,0.7415584847003126,103
66000,-93747.25762702797,29698.65625,-64048.60137702797,303.36127468613324,175.52540195999998,0.7415584847003126,103
67000,-93569.88615562294,29632.99609375,-63936.89006187294,302.69057940186116,175.52540195999998,0.7415584847003126,103
68000,-93648.05718757484,29074.982421875,-64573.07476569984,296.9906670096199,175.52540195999998,0.7415584847003126,103
69000,-93799.03515388344,29632.544921875,-64166.49023200844,302.6859708406539,175.52540195999998,0.7415584847003126,103
70000,-93765.56745673988,29078.19921875,-64687.36823798988,297.0235254525134,175.52540195999998,0.7415584847003126,103
71000,-94116.09075691078,28900.853515625,-65215.23724128578,295.21200178938113,175.52540195999998,0.7415584847003126,103
72000,-93428.51965095375,29512.728515625,-63915.79113532875,301.4620886076552,175.52540195999998,0.7415584847003126,103
73000,-93376.64045478676,29146.837890625,-64229.80256416176,297.7246452209462,175.52540195999998,0.7415584847003126,103
74000,-94426.3664069352,29491.626953125,-64934.739453810194,301.2465436064274,175.52540195999998,0.7415584847003126,103
75000,-94035.43854286049,29479.001953125,-64556.43658973549,301.11758369454884,175.52540195999998,0.7415584847003126,103
76000,-93919.00124122475,29644.259765625,-64274.741475599745,302.8056338281922,175.52540195999998,0.7415584847003126,103
77000,-94097.18247749184,29242.44921875,-64854.733258741835,298.70128113774575,175.52540195999998,0.7415584847003126,103
78000,-94180.12414314125,29320.017578125,-64860.10656501625,299.4936145072164,175.52540195999998,0.7415584847003126,103
79000,-93953.44819404457,29075.7578125,-64877.69038154457,296.99858735074235,175.52540195999998,0.7415584847003126,103
80000,-94043.1009116349,29213.20703125,-64829.8938803849,298.40258252997256,175.52540195999998,0.7415584847003126,103
81000,-93832.67978431557,29103.6796875,-64729.000096815565,297.28379943307783,175.52540195999998,0.7415584847003126,103
82000,-93661.2199073014,29276.6171875,-64384.602719801405,299.0502948596523,175.52540195999998,0.7415584847003126,103
83000,-93878.36475898598,29437.703125,-64440.661633985976,300.69573076498926,175.52540195999998,0.7415584847003126,103
84000,-93981.76395179603,29326.2421875,-64655.521764296034,299.55719669149187,175.52540195999998,0.7415584847003126,103
85000,-94271.49330665443,28930.1171875,-65341.37611915443,295.51091985244994,175.52540195999998,0.7415584847003126,103
86000,-93869.59327461098,29219.4140625,-64650.179212110976,298.4659851599153,175.52540195999998,0.7415584847003126,103
87000,-94323.52782966469,29139.822265625,-65183.70556403969,297.6529830916968,175.52540195999998,0.7415584847003126,103
88000,-94013.35851432655,29095.12890625,-64918.22960807655,297.19645622543476,175.52540195999998,0.7415584847003126,103
89000,-93917.69917060707,29368.703125,-64548.99604560707,299.99092015749443,175.52540195999998,0.7415584847003126,103
90000,-93635.31846381996,29273.98828125,-64361.33018256996,299.0234415116652,175.52540195999998,0.7415584847003126,103
91000,-94145.46761848305,29172.5859375,-64972.881680983046,297.9876524174647,175.52540195999998,0.7415584847003126,103
92000,-94115.16127540443,29039.046875,-65076.11440040443,296.6235981020311,175.52540195999998,0.7415584847003126,103
93000,-94206.91991950844,29321.90234375,-64885.01757575844,299.5128667217836,175.52540195999998,0.7415584847003126,103
94000,-93722.42379524086,29201.798828125,-64520.62496711586,298.28605176801665,175.52540195999998,0.7415584847003126,103
95000,-93691.25645210121,29075.484375,-64615.77207710121,296.99579428334397,175.52540195999998,0.7415584847003126,103
96000,-93739.64414741371,29505.6640625,-64233.98008491371,301.38992771637044,175.52540195999998,0.7415584847003126,103
97000,-93822.4688086686,29642.875,-64179.59380866859,302.79148893686767,175.52540195999998,0.7415584847003126,103
98000,-93992.01745368812,29057.4375,-64934.579953688124,296.81145183505225,175.52540195999998,0.7415584847003126,103
99000,-94105.4719977555,29217.4453125,-64888.02668525551,298.4458750746471,175.52540195999998,0.7415584847003126,103
100000,-94134.54792548988,28737.8203125,-65396.72761298988,293.54667525407154,175.52540195999998,0.7415584847003126,103
