#"Step","Potential Energy (kJ/mole)","Kinetic Energy (kJ/mole)","Total Energy (kJ/mole)","Temperature (K)","Box Volume (nm^3)","Density (g/mL)","Speed (ns/day)"
101000,-95677.44765541711,29024.44921875,-66652.99843666711,296.47448820392145,175.65261156,0.7410214396921141,0
102000,-95007.98933479944,29350.708984375,-65657.28035042444,299.80711637220094,175.65261156,0.7410214396921141,103
103000,-95143.02122566858,28993.01953125,-66150.00169441858,296.15344505696135,175.65261156,0.7410214396921141,103
104000,-95259.037941672,29188.90234375,-66070.135597922,298.1543187392211,175.65261156,0.7410214396921141,103
105000,-95826.76211235681,29037.708984375,-66789.05312798181,296.60993202226047,175.65261156,0.7410214396921141,103
106000,-95337.51091072717,29402.94921875,-65934.56169197717,300.3407318986577,175.65261156,0.7410214396921141,103
107000,-95490.5163123385,29145.296875,-66345.2194373385,297.7089042911083,175.65261156,0.7410214396921141,103
108000,-95646.43475411096,29504.607421875,-66141.82733223596,301.37913450592384,175.65261156,0.7410214396921141,103
109000,-94829.44385597864,29344.869140625,-65484.574715353636,299.7474644327645,175.65261156,0.7410214396921141,103
110000,-95679.90630409875,29520.16796875,-66159.73833534875,301.538079991372,175.65261156,0.7410214396921141,103
111000,-95227.54285500207,29074.9375,-66152.60535500207,296.9902081485473,175.65261156,0.7410214396921141,103
112000,-95256.39132759729,29375.28125,-65881.11007759729,300.0581133789064,175.65261156,0.7410214396921141,103
113000,-95031.91246102014,29236.3671875,-65795.54527352014,298.63915533861365,175.65261156,0.7410214396921141,103
114000,-95073.69667885461,29274.654296875,-65799.04238197961,299.0302446258284,175.65261156,0.7410214396921141,103
115000,-94899.54061958948,29055.109375,-65844.43124458948,296.7876708612033,175.65261156,0.7410214396921141,102
116000,-95063.41845009485,29230.3671875,-65833.05126259485,298.57786745970105,175.65261156,0.7410214396921141,102
117000,-95721.15200874963,29253.724609375,-66467.42739937463,298.8164552669653,175.65261156,0.7410214396921141,102
118000,-95707.89734718957,29066.5703125,-66641.32703468957,296.9047402861575,175.65261156,0.7410214396921141,102
119000,-95560.9794776217,28834.083984375,-66726.8954932467,294.5299746316643,175.65261156,0.7410214396921141,102
120000,-95353.55151436487,29358.703125,-65994.84838936487,299.8887736926401,175.65261156,0.7410214396921141,102
121000,-96052.56997749963,28884.513671875,-67168.05630562463,295.04509606184763,175.65261156,0.7410214396921141,102
122000,-95570.448639609,29265.833984375,-66304.614655234,298.9401482517498,175.65261156,0.7410214396921141,102
123000,-95485.8487632052,29344.40625,-66141.4425132052,299.7427361686687,175.65261156,0.7410214396921141,102
124000,-95058.04655525842,29028.4140625,-66029.63249275842,296.5149876811977,175.65261156,0.7410214396921141,102
125000,-95433.11032936731,29142.44140625,-66290.66892311731,297.67973668727683,175.65261156,0.7410214396921141,102
126000,-95236.82626412073,29672.580078125,-65564.24618599573,303.0949158087367,175.65261156,0.7410214396921141,102
127000,-95346.44290230432,28968.73046875,-66377.71243355432,295.90534087006125,175.65261156,0.7410214396921141,102
128000,-95614.5896994845,28781.87890625,-66832.7107932345,293.996718213873,175.65261156,0.7410214396921141,102
129000,-95328.67834541955,29442.845703125,-65885.83264229455,300.7482603825599,175.65261156,0.7410214396921141,102
130000,-95148.34755776086,29750.421875,-65397.92568276086,303.8900422456057,175.65261156,0.7410214396921141,102
131000,-95327.44479439416,29377.564453125,-65949.88034126916,300.0814354916828,175.65261156,0.7410214396921141,102
132000,-96016.32687447229,29358.142578125,-66658.18429634729,299.88304790447353,175.65261156,0.7410214396921141,102
133000,-95241.85647652307,29471.4375,-65770.41897652307,301.0403154800213,175.65261156,0.7410214396921141,102
134000,-95190.05465767541,28715.90625,-66474.14840767541,293.3228308525743,175.65261156,0.7410214396921141,102
135000,-95481.98539803186,29223.818359375,-66258.16703865686,298.5109734955103,175.65261156,0.7410214396921141,102
136000,-95306.26110909143,28977.37890625,-66328.88220284143,295.99368160177517,175.65261156,0.7410214396921141,102
137000,-95012.86579964319,29460.701171875,-65552.16462776819,300.9306476836728,175.65261156,0.7410214396921141,102
138000,-95576.39988777795,29084.63671875,-66491.76316902795,297.08928223926347,175.65261156,0.7410214396921141,102
139000,-95648.19100258508,29677.3671875,-65970.82381508508,303.14381443868945,175.65261156,0.7410214396921141,102
140000,-95153.75169441858,29620.30078125,-65533.45091316858,302.5609012726516,175.65261156,0.7410214396921141,102
141000,-95601.09754250207,29267.1015625,-66333.99598000207,298.95309611418935,175.65261156,0.7410214396921141,102
142000,-95597.23075173059,29079.359375,-66517.87137673059,297.0353760384751,175.65261156,0.7410214396921141,102
143000,-95650.10728523889,29654.640625,-65995.46666023889,302.9116706369228,175.65261156,0.7410214396921141,102
144000,-95450.38244316736,28977.37890625,-66473.00353691736,295.99368160177517,175.65261156,0.7410214396921141,102
145000,-95859.63763497034,29150.359375,-66709.27825997034,297.76061593894076,175.65261156,0.7410214396921141,102
146000,-95176.66473457971,28912.09375,-66264.57098457971,295.3268168099351,175.65261156,0.7410214396921141,102
147000,-95382.00680611291,29084.0,-66298.00680611291,297.0827783823216,175.65261156,0.7410214396921141,102
148000,-95314.91568825403,28932.181640625,-66382.73404762903,295.53200751130754,175.65261156,0.7410214396921141,102
149000,-95966.6122901217,29090.9296875,-66875.6826026217,297.1535626903886,175.65261156,0.7410214396921141,102
150000,-95468.13723061242,29142.88671875,-66325.25051186242,297.6842853970399,175.65261156,0.7410214396921141,102
151000,-95271.94207832971,29146.716796875,-66125.22528145471,297.72340829109834,175.65261156,0.7410214396921141,102
152000,-94984.24227211633,29093.51171875,-65890.73055336633,297.1799372268216,175.65261156,0.7410214396921141,102
153000,-95239.6519171969,29142.931640625,-66096.7202765719,297.68474425811246,175.65261156,0.7410214396921141,102
154000,-95854.683304526,29005.552734375,-66849.130570151,296.28146729621335,175.65261156,0.7410214396921141,102
155000,-95599.1544348971,28794.7890625,-66804.3653723971,294.1285908960385,175.65261156,0.7410214396921141,102
156000,-95709.4738929049,29440.18359375,-66269.2902991549,300.7210678763887,175.65261156,0.7410214396921141,102
157000,-95264.79405281701,29330.1640625,-65934.62999031701,299.59725725817697,175.65261156,0.7410214396921141,102
158000,-96001.35477516809,29200.498046875,-66800.85672829309,298.272764747393,175.65261156,0.7410214396921141,102
159000,-95253.25999519983,29479.09375,-65774.16624519983,301.11852136717545,175.65261156,0.7410214396921141,102
160000,-95630.91622231164,29362.08984375,-66268.82637856164,299.92336782741694,175.65261156,0.7410214396921141,102
161000,-95328.6424186007,29223.4140625,-66105.2283561007,298.506843745857,175.65261156,0.7410214396921141,102
162000,-95081.79216835657,29684.830078125,-65396.962090231566,303.22004522818327,175.65261156,0.7410214396921141,102
163000,-95586.29005501428,29002.703125,-66583.58693001428,296.2523595438261,175.65261156,0.7410214396921141,102
164000,-95841.3850257174,28922.57421875,-66918.8108069674,295.433871093218,175.65261156,0.7410214396921141,102
165000,-95512.88451454797,28776.810546875,-66736.07396767297,293.9449467145963,175.65261156,0.7410214396921141,102
166000,-95855.80865547815,29302.75,-66553.05865547815,299.31723230100994,175.65261156,0.7410214396921141,102
167000,-95754.22569344201,29126.59375,-66627.63194344201,297.51785848106044,175.65261156,0.7410214396921141,102
168000,-95090.21081612268,29313.0703125,-65777.14050362268,299.4226506448166,175.65261156,0.7410214396921141,102
169000,-95487.84068367639,29162.19921875,-66325.64146492639,297.8815557572898,175.65261156,0.7410214396921141,102
170000,-96024.38176033655,29338.66796875,-66685.71379158655,299.684121654266,175.65261156,0.7410214396921141,102
171000,-95896.03546211877,29142.205078125,-66753.83038399377,297.6773226790254,175.65261156,0.7410214396921141,102
172000,-95425.75004646936,29240.90234375,-66184.84770271936,298.6854803564636,175.65261156,0.7410214396921141,102
173000,-95684.55810616174,29223.73828125,-66460.81982491174,298.51015552577223,175.65261156,0.7410214396921141,102
174000,-95779.16114876428,29560.341796875,-66218.81935188928,301.94844144363543,175.65261156,0.7410214396921141,102
175000,-95500.57737801233,29347.23828125,-66153.33909676233,299.77166436672314,175.65261156,0.7410214396921141,102
176000,-95652.20419380823,29178.671875,-66473.53231880823,298.0498181175596,175.65261156,0.7410214396921141,102
177000,-96061.88459847131,28913.81640625,-67148.06819222131,295.34441313454477,175.65261156,0.7410214396921141,102
178000,-95597.40448830285,29325.232421875,-66272.17206642785,299.5468822925994,175.65261156,0.7410214396921141,102
179000,-95599.28791115442,29218.365234375,-66380.92267677942,298.4552717513945,175.65261156,0.7410214396921141,102
180000,-95447.06398842492,29083.271484375,-66363.79250404992,297.0753368527531,175.65261156,0.7410214396921141,102
181000,-95898.31015083948,28811.3984375,-67086.91171333948,294.29824979000745,175.65261156,0.7410214396921141,102
182000,-95863.73236153284,28934.052734375,-66929.67962715784,295.5511200725049,175.65261156,0.7410214396921141,102
183000,-95727.37349007287,28983.234375,-66744.13911507287,296.0534931450629,175.65261156,0.7410214396921141,102
184000,-95469.36728737512,29465.177734375,-66004.18955300012,300.9763741870803,175.65261156,0.7410214396921141,102
185000,-95266.61711189905,29189.0625,-66077.55461189905,298.15595467869724,175.65261156,0.7410214396921141,101
186000,-95132.92624733606,29315.83984375,-65817.08640358606,299.45094042746575,175.65261156,0.7410214396921141,101
187000,-96011.70884773889,29287.228515625,-66724.48033211389,299.1586858251901,175.65261156,0.7410214396921141,101
188000,-95487.16510842004,29147.251953125,-66339.91315529504,297.7288747230066,175.65261156,0.7410214396921141,101
189000,-95258.35265419641,29218.53125,-66039.82140419641,298.4569675423149,175.65261156,0.7410214396921141,101
190000,-95856.91035530725,29243.796875,-66613.11348030725,298.7150469699234,175.65261156,0.7410214396921141,101
191000,-95929.35269234338,29519.3671875,-66409.98550484338,301.5299002939911,175.65261156,0.7410214396921141,101
192000,-95749.98225472131,29536.42578125,-66213.55647347131,301.70414779868594,175.65261156,0.7410214396921141,101
193000,-95545.0216071383,29161.4609375,-66383.5606696383,297.8740144753142,175.65261156,0.7410214396921141,101
194000,-95751.71021340051,29116.6796875,-66635.03052590051,297.41658983738847,175.65261156,0.7410214396921141,101
195000,-95837.48601982751,29310.1953125,-66527.29070732751,299.393283536171,175.65261156,0.7410214396921141,101
196000,-95550.67126534143,29575.392578125,-65975.27868721643,302.1021798534337,175.65261156,0.7410214396921141,101
197000,-95684.42522499719,29197.53515625,-66486.89006874719,298.2424998670836,175.65261156,0.7410214396921141,101
198000,-95210.3058020846,29235.291015625,-65975.0147864596,298.628162623353,175.65261156,0.7410214396921141,101
199000,-95494.31761238733,29155.443359375,-66338.87425301233,297.8125470420689,175.65261156,0.7410214396921141,101
200000,-95650.68214485803,29305.54296875,-66345.13917610803,299.34576148943603,175.65261156,0.7410214396921141,101
201000,-95633.31494209924,28701.1484375,-66932.16650459924,293.1720850149885,175.65261156,0.7410214396921141,101
202000,-95390.0267798678,28849.6640625,-66540.3627173678,294.68911962192664,175.65261156,0.7410214396921141,101
203000,-95342.32804939905,29201.48828125,-66140.83976814905,298.28287964147137,175.65261156,0.7410214396921141,101
204000,-95392.85645363489,29252.95703125,-66139.89942238489,298.8086147277685,175.65261156,0.7410214396921141,101
205000,-95348.6202552096,29503.232421875,-65845.3878333346,301.3650893670064,175.65261156,0.7410214396921141,101
206000,-95712.12727425256,29206.244140625,-66505.88313362756,298.3314590637214,175.65261156,0.7410214396921141,102
207000,-95839.77861092248,29031.04296875,-66808.73564217248,296.5418410291848,175.65261156,0.7410214396921141,102
208000,-95397.46422646203,29037.552734375,-66359.91149208703,296.60833598374717,175.65261156,0.7410214396921141,102
209000,-95674.8427588717,29638.943359375,-66035.8993994967,302.7513286177755,175.65261156,0.7410214396921141,102
210000,-95691.89737007776,29166.974609375,-66524.92276070276,297.930334684354,175.65261156,0.7410214396921141,102
211000,-95811.86085961023,28632.517578125,-67179.34328148523,292.47104504848147,175.65261156,0.7410214396921141,102
212000,-95799.78881905237,29575.53125,-66224.25756905237,302.1035963376143,175.65261156,0.7410214396921141,102
213000,-95204.11122963586,29312.50390625,-65891.60732338586,299.4168650052057,175.65261156,0.7410214396921141,102
214000,-96037.12774727502,29273.25390625,-66763.87384102502,299.0159401306525,175.65261156,0.7410214396921141,102
215000,-95402.8110968844,28816.525390625,-66586.2857062594,294.3506198037267,175.65261156,0.7410214396921141,102
216000,-96010.67935249963,29189.125,-66821.55435249963,298.1565930941026,175.65261156,0.7410214396921141,102
217000,-95803.88318703332,29156.109375,-66647.77381203332,297.819350156232,175.65261156,0.7410214396921141,102
218000,-95884.16165993371,29271.48828125,-66612.67337868371,298.99790489545165,175.65261156,0.7410214396921141,102
219000,-96022.78840706506,29149.0859375,-66873.70246956506,297.747608225057,175.65261156,0.7410214396921141,102
220000,-95246.88975594201,29390.71875,-65856.17100594201,300.2158019840253,175.65261156,0.7410214396921141,102
221000,-95248.15663979211,29007.12890625,-66241.02773354211,296.29756733471675,175.65261156,0.7410214396921141,102
222000,-96037.67556831994,29346.69921875,-66690.97634956994,299.7661580338521,175.65261156,0.7410214396921141,102
223000,-95652.47791359582,29051.05859375,-66601.41931984582,296.7462935627447,175.65261156,0.7410214396921141,102
224000,-95899.7229239718,29300.873046875,-66598.8498770968,299.29805988836836,175.65261156,0.7410214396921141,102
225000,-95770.92804024377,28968.01953125,-66802.90850899377,295.8980788948255,175.65261156,0.7410214396921141,102
226000,-95041.6576392428,29228.66796875,-65812.9896704928,298.5605105408684,175.65261156,0.7410214396921141,102
227000,-95638.86811897912,29905.728515625,-65733.13960335412,305.4764446764302,175.65261156,0.7410214396921141,102
228000,-95732.63771889367,29315.9609375,-66416.67678139367,299.45217735731353,175.65261156,0.7410214396921141,102
229000,-95724.03871224084,29652.734375,-66071.30433724084,302.89219896706,175.65261156,0.7410214396921141,102
230000,-95924.22248909631,29568.158203125,-66356.06428597131,302.02828327026566,175.65261156,0.7410214396921141,102
231000,-95241.71433327356,28588.546875,-66653.16745827356,292.02189986034364,175.65261156,0.7410214396921141,102
232000,-95323.36713478723,28907.76953125,-66415.59760353723,295.2826464440782,175.65261156,0.7410214396921141,102
233000,-95202.0908057467,29067.69140625,-66134.3993994967,296.91619186249073,175.65261156,0.7410214396921141,102
234000,-95507.06742928186,28962.8125,-66544.25492928186,295.84489091136817,175.65261156,0.7410214396921141,102
235000,-96433.87278816858,29106.78515625,-67327.08763191858,297.31552069853063,175.65261156,0.7410214396921141,102
236000,-95899.0841071383,29003.1015625,-66895.9825446383,296.2564294420352,175.65261156,0.7410214396921141,102
237000,-95897.56414864221,29428.80078125,-66468.76336739221,300.60479647069127,175.65261156,0.7410214396921141,102
238000,-95691.66764900842,29040.046875,-66651.62077400842,296.6338127485165,175.65261156,0.7410214396921141,102
239000,-95231.69123909631,29193.53125,-66038.15998909631,298.2016013801791,175.65261156,0.7410214396921141,102
240000,-95444.67895577112,29621.62109375,-65823.05786202112,302.5743877980894,175.65261156,0.7410214396921141,102
241000,-95915.93727944055,29482.0625,-66433.87477944055,301.1488460989291,175.65261156,0.7410214396921141,102
242000,-95596.67456123987,29601.791015625,-65994.88354561487,302.371830560264,175.65261156,0.7410214396921141,102
243000,-96201.54889748254,29017.482421875,-67184.06647560754,296.4033248367075,175.65261156,0.7410214396921141,102
244000,-96385.79451058069,29046.56640625,-67339.22810433069,296.70040745548596,175.65261156,0.7410214396921141,102
245000,-95370.75700447717,28855.794921875,-66514.96208260217,294.75174418309416,175.65261156,0.7410214396921141,102
246000,-95592.70795128503,29116.98046875,-66475.72748253503,297.41966221152666,175.65261156,0.7410214396921141,102
247000,-95856.47214577356,29693.234375,-66163.23777077356,303.30589214971997,175.65261156,0.7410214396921141,102
248000,-95442.4331671969,29953.27734375,-65489.1558234469,305.96213914652367,175.65261156,0.7410214396921141,102
249000,-95589.39761421838,29345.318359375,-66244.07925484338,299.7520530434904,175.65261156,0.7410214396921141,102
250000,-95528.28272316614,29211.2890625,-66316.99366066614,298.38299115722117,175.65261156,0.7410214396921141,102
251000,-95802.00579903284,28960.755859375,-66841.24993965784,295.8238830544362,175.65261156,0.7410214396921141,102
252000,-95395.570023276,29309.69921875,-66085.870804526,299.3882161138911,175.65261156,0.7410214396921141,102
253000,-95341.81407234826,28634.337890625,-66707.47618172326,292.48963889716197,175.65261156,0.7410214396921141,102
254000,-95739.91234276452,28817.39453125,-66922.51781151452,294.35949776795724,175.65261156,0.7410214396921141,102
255000,-95850.427445151,29652.39453125,-66198.032913901,302.8887275832934,175.65261156,0.7410214396921141,102
256000,-95744.56633064905,28784.705078125,-66959.86125252405,294.02558656048325,175.65261156,0.7410214396921141,102
257000,-95815.239655234,29336.45703125,-66478.782623984,299.6615377093021,175.65261156,0.7410214396921141,102
258000,-95417.52247307458,28866.46875,-66551.05372307458,294.8607735640373,175.65261156,0.7410214396921141,101
259000,-95630.60344002405,29088.31640625,-66542.28703377405,297.1268689462528,175.65261156,0.7410214396921141,101
260000,-95403.56070015588,29112.7734375,-66290.78726265588,297.3766888745547,175.65261156,0.7410214396921141,101
261000,-95569.76201698938,28974.748046875,-66595.01397011438,295.9668083033066,175.65261156,0.7410214396921141,101
262000,-95625.304398276,29159.578125,-66465.726273276,297.8547822112283,175.65261156,0.7410214396921141,101
263000,-95384.25315544763,29274.541015625,-66109.71213982263,299.0290874979062,175.65261156,0.7410214396921141,101
264000,-95552.9342810885,29254.44140625,-66298.4928748385,298.8237770936453,175.65261156,0.7410214396921141,101
265000,-95456.13499519983,29564.037109375,-65892.09788582483,301.98618775447613,175.65261156,0.7410214396921141,101
266000,-95750.16023323694,28993.259765625,-66756.90046761194,296.1558989661756,175.65261156,0.7410214396921141,101
267000,-95867.92503426233,29298.4765625,-66569.44847176233,299.27358064766986,175.65261156,0.7410214396921141,101
268000,-95934.28083870569,29266.5703125,-66667.71052620569,298.94766958324396,175.65261156,0.7410214396921141,101
269000,-95874.68747017541,29630.431640625,-66244.25582955041,302.66438441976084,175.65261156,0.7410214396921141,101
270000,-95716.67387459436,29274.630859375,-66442.04301521936,299.03000522005135,175.65261156,0.7410214396921141,101
271000,-95498.58556435266,29212.673828125,-66285.91173622766,298.39713604854575,175.65261156,0.7410214396921141,101
272000,-95237.66044304529,29271.4375,-65966.22294304529,298.9973861829348,175.65261156,0.7410214396921141,101
273000,-95485.32283852258,29207.14453125,-66278.17830727258,298.3406562356546,175.65261156,0.7410214396921141,101
274000,-96153.95977852502,29437.89453125,-66716.06524727502,300.69768591216814,175.65261156,0.7410214396921141,101
275000,-96507.59768746057,29335.1328125,-67172.46487496057,299.64801128290145,175.65261156,0.7410214396921141,101
276000,-95642.10278389612,28709.68359375,-66932.41919014612,293.2592686187802,175.65261156,0.7410214396921141,101
277000,-95667.88848946252,29172.599609375,-66495.28888008752,297.9877920708346,175.65261156,0.7410214396921141,101
278000,-95621.13360665002,29269.306640625,-66351.82696602502,298.975620207709,175.65261156,0.7410214396921141,101
279000,-95208.9030349032,29184.09765625,-66024.8053786532,298.1052405549356,175.65261156,0.7410214396921141,101
280000,-95776.63649056116,28933.91796875,-66842.71852181116,295.54974348928715,175.65261156,0.7410214396921141,101
281000,-95716.212311484,28902.59765625,-66813.614655234,295.22981756928635,175.65261156,0.7410214396921141,101
282000,-96205.95310280481,29325.3984375,-66880.55466530481,299.5485780835198,175.65261156,0.7410214396921141,101
283000,-95770.40585396448,29167.53515625,-66602.87069771448,297.93606047252064,175.65261156,0.7410214396921141,101
284000,-95486.00248787561,28937.3515625,-66548.65092537561,295.58481643561794,175.65261156,0.7410214396921141,101
285000,-95669.1911093966,29533.619140625,-66135.5719687716,301.6754789568899,175.65261156,0.7410214396921141,101
286000,-96046.41136238733,29411.017578125,-66635.39378426233,300.42314733739073,175.65261156,0.7410214396921141,101
287000,-95335.92527840295,29086.65234375,-66249.27293465295,297.1098711360856,175.65261156,0.7410214396921141,101
288000,-95880.14948723474,29451.603515625,-66428.54597160974,300.8377183412331,175.65261156,0.7410214396921141,101
289000,-95634.5820166842,28766.08984375,-66868.4921729342,293.83543852209914,175.65261156,0.7410214396921141,101
290000,-95758.04904244104,29012.625,-66745.42404244104,296.3537079894238,175.65261156,0.7410214396921141,101
291000,-95821.62101814905,28716.68359375,-67104.93742439905,293.33077114417824,175.65261156,0.7410214396921141,101
292000,-95576.80436012903,29796.85546875,-65779.94889137903,304.3643449908101,175.65261156,0.7410214396921141,101
293000,-95942.0550925509,29211.140625,-66730.9144675509,298.3814749206335,175.65261156,0.7410214396921141,101
294000,-95731.8941046969,29170.759765625,-66561.1343390719,297.9689987173399,175.65261156,0.7410214396921141,101
295000,-96026.01371834436,29112.9765625,-66913.03715584436,297.37876372462205,175.65261156,0.7410214396921141,101
296000,-95967.95106575647,29162.12890625,-66805.82215950647,297.8808375399588,175.65261156,0.7410214396921141,101
297000,-96072.32759926477,29678.44921875,-66393.87838051477,303.15486700539435,175.65261156,0.7410214396921141,101
298000,-95689.02721474328,29073.0859375,-66615.94127724328,296.97129509216415,175.65261156,0.7410214396921141,101
299000,-96124.63847420373,29298.0234375,-66826.61503670373,299.26895213598107,175.65261156,0.7410214396921141,101
300000,-95775.14695809045,29315.431640625,-66459.71531746545,299.4467707768496,175.65261156,0.7410214396921141,101
301000,-95797.28697273889,29436.640625,-66360.64634773889,300.68487770309855,175.65261156,0.7410214396921141,101
302000,-95594.22244331994,29165.375,-66428.84744331994,297.91399524007363,175.65261156,0.7410214396921141,101
303000,-96311.08065102258,29193.76171875,-67117.31893227258,298.20395553698626,175.65261156,0.7410214396921141,101
304000,-95899.3928534762,29240.99609375,-66658.3967597262,298.6864379795716,175.65261156,0.7410214396921141,101
305000,-96289.66205666223,29420.24609375,-66869.41596291223,300.51741336208545,175.65261156,0.7410214396921141,101
306000,-96146.6057441012,29395.828125,-66750.7776191012,300.2679924434118,175.65261156,0.7410214396921141,101
307000,-96168.48735115686,29148.53125,-67019.95610115686,297.7419422883346,175.65261156,0.7410214396921141,101
308000,-95778.02819893518,28933.5703125,-66844.45788643518,295.5461923035949,175.65261156,0.7410214396921141,101
309000,-96300.4247901217,29422.4609375,-66877.9638526217,300.54003720801217,175.65261156,0.7410214396921141,101
310000,-95894.51796028772,29359.310546875,-66535.20741341272,299.8949782923608,175.65261156,0.7410214396921141,101
311000,-95663.48078987756,28673.681640625,-66989.79914925256,292.8915213948232,175.65261156,0.7410214396921141,101
312000,-95788.07948372522,29356.90625,-66431.17323372522,299.87041924973664,175.65261156,0.7410214396921141,101
313000,-95461.48846504846,29036.72265625,-66424.76580879846,296.59985702914497,175.65261156,0.7410214396921141,101
314000,-95795.33291695276,28804.3515625,-66990.98135445276,294.22626845305547,175.65261156,0.7410214396921141,101
315000,-95438.64376900354,29169.80859375,-66268.83517525354,297.95928283288987,175.65261156,0.7410214396921141,101
316000,-95672.12460396448,29110.234375,-66561.89022896448,297.3507532487128,175.65261156,0.7410214396921141,101
317000,-95797.62421486535,29034.34765625,-66763.27655861535,296.5755972437421,175.65261156,0.7410214396921141,101
318000,-96154.88051674524,28865.279296875,-67289.60121987024,294.8486237208544,175.65261156,0.7410214396921141,101
319000,-95591.69221565881,29213.61328125,-66378.07893440881,298.4067322301072,175.65261156,0.7410214396921141,101
320000,-96094.65988991418,29703.8515625,-66390.80832741418,303.41434296670207,175.65261156,0.7410214396921141,101
321000,-95844.65426705041,29047.8515625,-66796.80270455041,296.71353487225826,175.65261156,0.7410214396921141,101
322000,-95562.1979529635,29230.87109375,-66331.3268592135,298.58301468390664,175.65261156,0.7410214396921141,102
323000,-95892.82631752649,29295.548828125,-66597.27748940149,299.2436748760259,175.65261156,0.7410214396921141,102
324000,-96120.82921669641,29474.0546875,-66646.77452919641,301.06704912511987,175.65261156,0.7410214396921141,102
325000,-95733.55617592492,28912.76953125,-66820.78664467492,295.3337196765053,175.65261156,0.7410214396921141,102
326000,-96040.42488930383,29002.0703125,-67038.35457680383,296.2458955878471,175.65261156,0.7410214396921141,102
327000,-95739.87507698694,29296.21875,-66443.65632698694,299.2505178911519,175.65261156,0.7410214396921141,102
328000,-95874.36698982873,29228.05859375,-66646.30839607873,298.5542859906663,175.65261156,0.7410214396921141,102
329000,-95994.84072182336,29702.32421875,-66292.51650307336,303.3987416902341,175.65261156,0.7410214396921141,102
330000,-95401.04200813928,29661.75390625,-65739.28810188928,302.984330290243,175.65261156,0.7410214396921141,102
331000,-95649.88738320032,29423.5546875,-66226.33269570032,300.55120947760554,175.65261156,0.7410214396921141,102
332000,-96064.54734871545,29299.15625,-66765.39109871545,299.2805234152029,175.65261156,0.7410214396921141,102
333000,-95681.99802467981,29224.126953125,-66457.87107155481,298.5141256715742,175.65261156,0.7410214396921141,102
334000,-96056.8597724215,29662.869140625,-66393.9906317965,302.99572201513206,175.65261156,0.7410214396921141,102
335000,-95735.53405068078,28906.7265625,-66828.80748818078,295.2719928870016,175.65261156,0.7410214396921141,102
336000,-95737.024811484,28948.01953125,-66789.005280234,295.6937859651169,175.65261156,0.7410214396921141,102
337000,-95766.36225960412,29273.6640625,-66492.69819710412,299.02012973175,175.65261156,0.7410214396921141,102
338000,-96215.57472679773,29483.4921875,-66732.08253929773,301.1634498513262,175.65261156,0.7410214396921141,102
339000,-95508.08017037073,28733.333984375,-66774.74618599573,293.50084899825697,175.65261156,0.7410214396921141,102
340000,-95580.9065100924,29271.125,-66309.7815100924,298.9941941059081,175.65261156,0.7410214396921141,102
341000,-95526.26097176233,29429.71875,-66096.54222176233,300.61417319695715,175.65261156,0.7410214396921141,102
342000,-95959.12522957483,29392.015625,-66567.10960457483,300.22904910368607,175.65261156,0.7410214396921141,102
343000,-95760.8009192721,29107.80078125,-66653.0001380221,297.3258949488674,175.65261156,0.7410214396921141,102
344000,-96401.84592507043,29250.810546875,-67151.03537819543,298.7866891486913,175.65261156,0.7410214396921141,102
345000,-95749.52977821985,28707.93359375,-67041.59618446985,293.2413929874307,175.65261156,0.7410214396921141,102
346000,-96002.61046669641,29025.421875,-66977.18859169641,296.48442354366705,175.65261156,0.7410214396921141,102
347000,-95500.11122200647,29558.59375,-65941.51747200647,301.93058576276735,175.65261156,0.7410214396921141,102
348000,-95581.14175484338,29018.28515625,-66562.85659859338,296.41152448456984,175.65261156,0.7410214396921141,102
349000,-95430.56939766565,29398.416015625,-66032.15338204065,300.2944268312892,175.65261156,0.7410214396921141,102
350000,-96284.33905098596,29164.35546875,-67119.98358223596,297.903581088774,175.65261156,0.7410214396921141,102
351000,-96047.36624977746,28689.5234375,-67357.84281227746,293.05333974959535,175.65261156,0.7410214396921141,102
352000,-96151.3955008761,29147.109375,-67004.2861258761,297.7274183378631,175.65261156,0.7410214396921141,102
353000,-95465.57341835657,29041.2890625,-66424.28435585657,296.6465012546976,175.65261156,0.7410214396921141,102
354000,-95404.89750740686,28911.916015625,-66492.98149178186,295.3250013161262,175.65261156,0.7410214396921141,102
355000,-95729.84975502649,29175.107421875,-66554.74233315149,298.0134084889738,175.65261156,0.7410214396921141,102
356000,-95814.02529976526,29081.8671875,-66732.15811226526,297.0609924566143,175.65261156,0.7410214396921141,102
357000,-95752.4619071261,29158.826171875,-66593.6357352511,297.8471012758829,175.65261156,0.7410214396921141,102
358000,-95590.03955147424,29282.029296875,-66308.01025459924,299.1055776436584,175.65261156,0.7410214396921141,102
359000,-95638.94700691858,29644.796875,-65994.15013191858,302.81112021058186,175.65261156,0.7410214396921141,102
360000,-95843.50492165246,29343.77734375,-66499.72757790246,299.7363121136525,175.65261156,0.7410214396921141,102
361000,-96392.90123055139,29285.5546875,-67107.34654305139,299.14158826261587,175.65261156,0.7410214396921141,102
362000,-95510.82368538537,28923.50390625,-66587.31977913537,295.44336752237245,175.65261156,0.7410214396921141,102
363000,-95952.04669258752,29004.10546875,-66947.94122383752,296.2666839894834,175.65261156,0.7410214396921141,102
364000,-96028.19331429162,29490.625,-66537.56831429162,301.23630900946057,175.65261156,0.7410214396921141,102
365000,-96568.17627022424,29547.89453125,-67020.28173897424,301.82129702556574,175.65261156,0.7410214396921141,102
366000,-96399.15948555627,28733.1328125,-67666.02667305627,293.498794098671,175.65261156,0.7410214396921141,102
367000,-96398.26342079797,29036.615234375,-67361.64818642297,296.5987597526671,175.65261156,0.7410214396921141,102
368000,-96272.93084786096,28919.296875,-67353.63397286096,295.40039418540056,175.65261156,0.7410214396921141,102
369000,-96517.0073859469,29263.810546875,-67253.1968390719,298.91947955300196,175.65261156,0.7410214396921141,102
370000,-96154.33641884485,29639.974609375,-66514.36180946985,302.76186247196364,175.65261156,0.7410214396921141,102
371000,-96165.89952919641,28948.27734375,-67217.62218544641,295.6964194286639,175.65261156,0.7410214396921141,102
372000,-95921.34408638635,29320.140625,-66601.20346138635,299.4948713875457,175.65261156,0.7410214396921141,102
373000,-95630.1535804049,29037.494140625,-66592.6594397799,296.6077374693047,175.65261156,0.7410214396921141,102
374000,-96241.75999519983,29346.19921875,-66895.56077644983,299.76105071060937,175.65261156,0.7410214396921141,102
375000,-95985.65100929895,29027.595703125,-66958.05530617395,296.506628429484,175.65261156,0.7410214396921141,102
376000,-95880.6094386355,29264.1953125,-66616.4141261355,298.9234097978411,175.65261156,0.7410214396921141,102
377000,-96134.91197273889,29405.53515625,-66729.37681648889,300.3671463360536,175.65261156,0.7410214396921141,102
378000,-95772.14343331018,29129.0390625,-66643.10437081018,297.5428364837943,175.65261156,0.7410214396921141,102
379000,-95877.17628548303,29322.70703125,-66554.46925423303,299.52108632012744,175.65261156,0.7410214396921141,102
380000,-95825.87292549768,29056.3125,-66769.56042549768,296.7999603577561,175.65261156,0.7410214396921141,102
381000,-96044.23276589075,29250.943359375,-66793.28940651575,298.7880457814277,175.65261156,0.7410214396921141,102
382000,-96115.79638741174,28743.220703125,-67372.57568428674,293.6018383351891,175.65261156,0.7410214396921141,102
383000,-96190.3910376803,29461.462890625,-66728.9281470553,300.9384283714254,175.65261156,0.7410214396921141,102
384000,-96150.97017738977,29076.69140625,-67074.27877113977,297.0081236808597,175.65261156,0.7410214396921141,102
385000,-95824.52115700403,28845.54296875,-66978.97818825403,294.647024106137,175.65261156,0.7410214396921141,102
386000,-96377.78722450891,29532.15234375,-66845.63488075891,301.66049614534586,175.65261156,0.7410214396921141,102
387000,-96331.47296974817,29106.201171875,-67225.27179787317,297.30955550458697,175.65261156,0.7410214396921141,102
388000,-96487.69519112268,29126.1171875,-67361.57800362268,297.5129905635947,175.65261156,0.7410214396921141,102
389000,-96073.68617317834,28628.92578125,-67444.76039192834,292.4343561131559,175.65261156,0.7410214396921141,102
390000,-96448.70162270227,29358.625,-67090.07662270227,299.88797567338344,175.65261156,0.7410214396921141,102
391000,-96212.09678719201,29250.984375,-66961.11241219201,298.78846474153744,175.65261156,0.7410214396921141,102
392000,-96437.0082175509,29530.970703125,-66906.0375144259,301.6484261040886,175.65261156,0.7410214396921141,102
393000,-96383.40235970178,29305.16015625,-67078.24220345178,299.34185119507833,175.65261156,0.7410214396921141,102
394000,-95918.1057288424,29736.43359375,-66181.6721350924,303.7471568976981,175.65261156,0.7410214396921141,102
395000,-96369.19750282922,29383.55078125,-66985.64672157922,300.1425837172254,175.65261156,0.7410214396921141,102
396000,-96363.61016915002,29470.1953125,-66893.41485665002,301.0276269738402,175.65261156,0.7410214396921141,102
397000,-96135.38452217737,29661.76171875,-66473.62280342737,302.9844100921687,175.65261156,0.7410214396921141,102
398000,-95881.33180306116,29498.291015625,-66383.04078743616,301.31461464902173,175.65261156,0.7410214396921141,102
399000,-95643.53495094934,29202.623046875,-66440.91190407434,298.29447087117455,175.65261156,0.7410214396921141,102
400000,-96072.76121590295,29322.359375,-66750.40184090295,299.5175351344352,175.65261156,0.7410214396921141,102
401000,-95523.57609627405,29441.357421875,-66082.21867439905,300.73305811572027,175.65261156,0.7410214396921141,102
402000,-96294.39681313196,29753.609375,-66540.78743813196,303.922601431278,175.65261156,0.7410214396921141,102
403000,-95593.48765633264,29120.173828125,-66473.31382820764,297.4522812486432,175.65261156,0.7410214396921141,102
404000,-96021.38178322473,29325.208984375,-66696.17279884973,299.5466428868224,175.65261156,0.7410214396921141,102
405000,-95567.56972572961,29107.234375,-66460.33535072961,297.3201093092565,175.65261156,0.7410214396921141,102
406000,-95883.21557686487,29393.2734375,-66489.94213936487,300.2418972137186,175.65261156,0.7410214396921141,102
407000,-96401.42553780237,29439.45703125,-66961.96850655237,300.71364629730164,175.65261156,0.7410214396921141,102
408000,-96276.77825234094,29157.787109375,-67118.99114296594,297.8364876197691,175.65261156,0.7410214396921141,102
409000,-95824.74587319055,29042.734375,-66782.01149819055,296.6612646109461,175.65261156,0.7410214396921141,102
410000,-96292.99607155481,28838.89453125,-67454.10154030481,294.57911266739404,175.65261156,0.7410214396921141,102
411000,-95810.11412117639,29093.1171875,-66716.99693367639,297.17590722957544,175.65261156,0.7410214396921141,102
412000,-96170.17288277307,29455.04296875,-66715.12991402307,300.87285113900816,175.65261156,0.7410214396921141,102
413000,-95850.71185372034,29524.55078125,-66326.16107247034,301.58284887167144,175.65261156,0.7410214396921141,102
414000,-95999.57342598596,29281.490234375,-66718.08319161096,299.10007131078737,175.65261156,0.7410214396921141,102
415000,-96228.97743294397,28890.234375,-67338.74305794397,295.1035310219176,175.65261156,0.7410214396921141,102
416000,-96323.85058663049,29039.43359375,-67284.41699288049,296.6275482973516,175.65261156,0.7410214396921141,102
417000,-95946.65097115198,29257.47265625,-66689.17831490198,298.8547402408043,175.65261156,0.7410214396921141,102
418000,-95990.90281746545,29242.76171875,-66748.14109871545,298.70447321477246,175.65261156,0.7410214396921141,102
419000,-95656.91005013147,29097.09765625,-66559.81239388147,297.216566310703,175.65261156,0.7410214396921141,102
420000,-95761.71210930505,29113.85546875,-66647.85664055505,297.38774144125966,175.65261156,0.7410214396921141,102
421000,-95851.83622810998,29306.0859375,-66545.75029060998,299.3513077232699,175.65261156,0.7410214396921141,102
422000,-96068.41819832483,29304.70703125,-66763.71116707483,299.3372226833896,175.65261156,0.7410214396921141,102
423000,-95902.36753914514,29471.6953125,-66430.67222664514,301.0429489435684,175.65261156,0.7410214396921141,102
424000,-96135.32272408166,29362.9921875,-66772.33053658166,299.93258494983155,175.65261156,0.7410214396921141,102
425000,-96279.82600472131,29050.00390625,-67229.82209847131,296.73552030277966,175.65261156,0.7410214396921141,102
426000,-96492.77951882043,28870.6328125,-67622.14670632043,294.90330799041806,175.65261156,0.7410214396921141,102
427000,-95919.53880379358,28600.47265625,-67319.06614754358,292.14371749987504,175.65261156,0.7410214396921141,102
428000,-96372.76455757776,28903.62109375,-67469.14346382776,295.2402716215488,175.65261156,0.7410214396921141,102
429000,-96576.26569435754,29666.560546875,-66909.70514748254,303.0334284250099,175.65261156,0.7410214396921141,102
430000,-96518.06677315393,29524.87109375,-66993.19567940393,301.5861207506238,175.65261156,0.7410214396921141,102
431000,-96417.8893515841,29550.95703125,-66866.9323203341,301.85257938042736,175.65261156,0.7410214396921141,102
432000,-96236.40938637414,29655.345703125,-66581.06368324914,302.91887276071435,175.65261156,0.7410214396921141,102
433000,-96244.3915869967,28807.314453125,-67437.0771338717,294.2565333333648,175.65261156,0.7410214396921141,102
434000,-96118.69119331994,29254.6171875,-66864.07400581994,298.82557263697277,175.65261156,0.7410214396921141,102
435000,-95760.09839699426,28725.76953125,-67034.32886574426,293.4235807837295,175.65261156,0.7410214396921141,102
436000,-95995.65338204065,29205.80859375,-66789.84478829065,298.3270101063655,175.65261156,0.7410214396921141,102
437000,-95972.97427437463,29245.44140625,-66727.53286812463,298.7318452752764,175.65261156,0.7410214396921141,102
438000,-96088.54162666955,29318.36328125,-66770.17834541955,299.47671644945626,175.65261156,0.7410214396921141,102
439000,-95877.90142128625,29185.0625,-66692.83892128625,298.11509609275555,175.65261156,0.7410214396921141,102
440000,-95498.3360755221,29735.40234375,-65762.9337317721,303.73662304351,175.65261156,0.7410214396921141,102
441000,-95690.68403694787,29270.62109375,-66420.06294319787,298.98904688170256,175.65261156,0.7410214396921141,102
442000,-96295.2991034762,29195.419921875,-67099.8791816012,298.22089349570916,175.65261156,0.7410214396921141,102
443000,-95793.91499397912,28923.953125,-66869.96186897912,295.44795613309833,175.65261156,0.7410214396921141,102
444000,-96565.91342232385,28891.439453125,-67674.47396919885,295.11584046895183,175.65261156,0.7410214396921141,102
445000,-95953.42246315637,29241.4453125,-66711.97715065637,298.6910265902975,175.65261156,0.7410214396921141,102
446000,-96186.81972572961,29256.427734375,-66930.39199135461,298.8440667332462,175.65261156,0.7410214396921141,102
447000,-96251.07193825403,29734.99609375,-66516.07584450403,303.7324733433753,175.65261156,0.7410214396921141,102
448000,-96320.66946480432,29201.826171875,-67118.84329292932,298.2863310747565,175.65261156,0.7410214396921141,102
449000,-95896.60022041955,29548.66796875,-66347.93225166955,301.82919741620685,175.65261156,0.7410214396921141,102
450000,-95485.44819710412,29423.30859375,-66062.13960335412,300.548695716947,175.65261156,0.7410214396921141,102
451000,-96030.89935372034,28770.79296875,-67260.10638497034,293.88347928135096,175.65261156,0.7410214396921141,102
452000,-95491.20707771936,29282.57421875,-66208.63285896936,299.1111438279737,175.65261156,0.7410214396921141,102
453000,-95226.23130867639,29103.546875,-66122.68443367639,297.28244280034147,175.65261156,0.7410214396921141,102
454000,-96091.91134712854,29728.61328125,-66363.29806587854,303.667275170105,175.65261156,0.7410214396921141,102
455000,-96518.57026741662,29169.1953125,-67349.37495491662,297.953018381725,175.65261156,0.7410214396921141,102
456000,-95966.84935066858,29055.046875,-66911.80247566858,296.787032445798,175.65261156,0.7410214396921141,102
457000,-95644.89735481897,29094.859375,-66550.03797981897,297.1937030589993,175.65261156,0.7410214396921141,102
458000,-96174.49358437219,28912.3203125,-67262.17327187219,295.3291310657795,175.65261156,0.7410214396921141,102
459000,-95992.63609383264,28983.26171875,-67009.37437508264,296.0537724518027,175.65261156,0.7410214396921141,102
460000,-95896.07974312463,28754.0,-67142.07974312463,293.7119450421288,175.65261156,0.7410214396921141,102
461000,-95804.24870369592,29186.13671875,-66618.11198494592,298.12606885753485,175.65261156,0.7410214396921141,102
462000,-95384.49704048791,29044.80859375,-66339.68844673791,296.68245202221084,175.65261156,0.7410214396921141,102
463000,-96365.75869820276,29126.234375,-67239.52432320276,297.51418759247974,175.65261156,0.7410214396921141,102
464000,-96118.13801644006,29090.69140625,-67027.44661019006,297.15112873165566,175.65261156,0.7410214396921141,102
465000,-96075.12658760705,29319.30078125,-66755.82580635705,299.4862926805364,175.65261156,0.7410214396921141,102
466000,-96443.14156410852,29506.64453125,-66936.49703285852,301.3999428580417,175.65261156,0.7410214396921141,102
467000,-95784.5263526217,29480.908203125,-66303.6181494967,301.13705536441165,175.65261156,0.7410214396921141,102
468000,-96152.23668739953,28882.681640625,-67269.55504677453,295.0263825102786,175.65261156,0.7410214396921141,102
469000,-96464.55120918909,29352.546875,-67112.00433418909,299.8258897752142,175.65261156,0.7410214396921141,102
470000,-96152.84307930627,28561.2578125,-67591.58526680627,291.7431517339873,175.65261156,0.7410214396921141,102
471000,-96871.06620857873,28545.34765625,-68325.71855232873,291.58063511236554,175.65261156,0.7410214396921141,102
472000,-96402.54975960412,29232.8671875,-67169.68257210412,298.6034040759146,175.65261156,0.7410214396921141,102
473000,-96071.8950812594,29671.65234375,-66400.2427375094,303.0854393300637,175.65261156,0.7410214396921141,102
474000,-95894.8332831637,29342.0,-66552.8332831637,299.71815717556314,175.65261156,0.7410214396921141,102
475000,-95872.43579933801,29095.203125,-66777.23267433801,297.19721434372866,175.65261156,0.7410214396921141,102
476000,-96364.4268958346,28871.5703125,-67492.8565833346,294.9128842214981,175.65261156,0.7410214396921141,102
477000,-95797.20211479822,29186.328125,-66610.87398979822,298.12802400471367,175.65261156,0.7410214396921141,102
478000,-96179.5011069552,28861.763671875,-67317.7374350802,294.81271285430404,175.65261156,0.7410214396921141,102
479000,-96396.97454140344,29295.75,-67101.22454140344,299.2457297756119,175.65261156,0.7410214396921141,102
480000,-96041.19224617639,29226.72265625,-66814.46958992639,298.5406398613772,175.65261156,0.7410214396921141,102
481000,-96196.52066490808,29125.21484375,-67071.30582115808,297.5037734411801,175.65261156,0.7410214396921141,102
482000,-96057.9367911593,29652.728515625,-66405.2082755343,302.89213911561575,175.65261156,0.7410214396921141,102
483000,-95360.60515663782,29117.23046875,-66243.37468788782,297.422215873148,175.65261156,0.7410214396921141,103
484000,-96286.51392433801,29004.2421875,-67282.27173683801,296.2680805231826,175.65261156,0.7410214396921141,103
485000,-96219.2760703341,29140.05078125,-67079.2252890841,297.65531729802257,175.65261156,0.7410214396921141,103
486000,-95876.74523232141,29342.61328125,-66534.13195107141,299.72442162672803,175.65261156,0.7410214396921141,103
487000,-95700.98933479944,28701.828125,-66999.16120979944,293.1790277825216,175.65261156,0.7410214396921141,103
488000,-96222.49163506189,29739.80859375,-66482.68304131189,303.78163132958645,175.65261156,0.7410214396921141,103
489000,-96164.20467446008,29398.73828125,-66765.46639321008,300.2977186607229,175.65261156,0.7410214396921141,103
490000,-96356.32394478479,29159.90234375,-67196.42160103479,297.85809399114356,175.65261156,0.7410214396921141,103
491000,-96248.47199318567,28996.34375,-67252.12824318567,296.1874007763328,175.65261156,0.7410214396921141,103
492000,-95837.69805214563,29162.83984375,-66674.85820839563,297.88809951519454,175.65261156,0.7410214396921141,103
493000,-95624.6835868136,28887.75390625,-66736.9296805636,295.0781939105182,175.65261156,0.7410214396921141,103
494000,-96303.07582161584,29137.623046875,-67165.45277474084,297.63051884962147,175.65261156,0.7410214396921141,103
495000,-96362.16138527551,29080.333984375,-67281.82740090051,297.0453313287021,175.65261156,0.7410214396921141,103
496000,-96141.97771523157,28810.265625,-67331.71209023157,294.2866785107857,175.65261156,0.7410214396921141,103
497000,-96275.087601401,29608.0546875,-66667.032913901,302.4358117541679,175.65261156,0.7410214396921141,103
498000,-95989.5098960177,29367.796875,-66621.7130210177,299.981663134117,175.65261156,0.7410214396921141,103
499000,-95797.5511786715,29311.220703125,-66486.3304755465,299.4037575389149,175.65261156,0.7410214396921141,103
500000,-96100.18257973352,29319.638671875,-66780.54390785852,299.48974411382153,175.65261156,0.7410214396921141,103
501000,-95925.46248696008,29043.31640625,-66882.14608071008,296.6672098544083,175.65261156,0.7410214396921141,103
502000,-95925.40416405359,29377.671875,-66547.73228905359,300.08253276816066,175.65261156,0.7410214396921141,103
503000,-95799.04745552698,28945.09375,-66853.95370552698,295.6639001439544,175.65261156,0.7410214396921141,103
504000,-96575.12600014367,29088.439453125,-67486.68654701867,297.12812582658205,175.65261156,0.7410214396921141,103
505000,-96114.97618172326,29449.53515625,-66665.44102547326,300.81659078141263,175.65261156,0.7410214396921141,103
506000,-95805.98490975061,28971.91796875,-66834.06694100061,295.93790005573356,175.65261156,0.7410214396921141,103
507000,-95374.98611519494,29002.4296875,-66372.55642769494,296.24956647642773,175.65261156,0.7410214396921141,103
508000,-96463.1588904635,28948.2734375,-67514.8854529635,295.6963795277011,175.65261156,0.7410214396921141,103
509000,-95076.59800026575,29029.765625,-66046.83237526575,296.5287934143381,175.65261156,0.7410214396921141,103
510000,-96052.86072609582,29104.888671875,-66947.97205422082,297.29614878107486,175.65261156,0.7410214396921141,103
511000,-95919.948097922,29353.03125,-66566.916847922,299.83083749460553,175.65261156,0.7410214396921141,103
512000,-95753.93805763879,29232.375,-66521.56305763879,298.59837655459756,175.65261156,0.7410214396921141,103
513000,-96394.271195151,28956.7265625,-67437.544632651,295.78272521127326,175.65261156,0.7410214396921141,103
514000,-96238.69882271448,29072.068359375,-67166.63046333948,296.9609008913459,175.65261156,0.7410214396921141,103
515000,-96280.04942391076,29446.99609375,-66833.05333016076,300.79065515557073,175.65261156,0.7410214396921141,103
516000,-96179.2778937594,29397.64453125,-66781.6333625094,300.2865463911295,175.65261156,0.7410214396921141,103
517000,-95347.5704314486,29385.203125,-65962.3673064486,300.1594618245041,175.65261156,0.7410214396921141,103
518000,-96121.15745995202,28722.798828125,-67398.35863182702,293.39323610149444,175.65261156,0.7410214396921141,103
519000,-96128.1117408053,28733.5,-67394.6117408053,293.5025447891774,175.65261156,0.7410214396921141,103
520000,-96299.67080757776,29093.986328125,-67205.68447945276,297.1847851938059,175.65261156,0.7410214396921141,103
521000,-95843.00924751916,29356.3515625,-66486.65768501916,299.8647533130142,175.65261156,0.7410214396921141,103
522000,-95906.53456947961,29060.19921875,-66846.33535072961,296.8396618157756,175.65261156,0.7410214396921141,103
523000,-95995.29259560266,29098.88671875,-66896.40587685266,297.23484095168084,175.65261156,0.7410214396921141,103
524000,-96022.75746224084,29465.318359375,-66557.43910286584,300.97781062174226,175.65261156,0.7410214396921141,103
525000,-96429.00335762659,29382.220703125,-67046.78265450159,300.12899743938056,175.65261156,0.7410214396921141,103
526000,-95721.65477821985,29131.7265625,-66589.92821571985,297.57028834622395,175.65261156,0.7410214396921141,103
527000,-96443.61080238977,29843.76953125,-66599.84127113977,304.84355555444307,175.65261156,0.7410214396921141,103
528000,-96018.86911080041,29274.703125,-66744.16598580041,299.03074338786377,175.65261156,0.7410214396921141,103
529000,-95685.8087317721,29530.96484375,-66154.8438880221,301.6483662526444,175.65261156,0.7410214396921141,103
530000,-96133.06929848352,29175.455078125,-66957.61422035852,298.016959674666,175.65261156,0.7410214396921141,103
531000,-95660.72930977502,29502.751953125,-66157.97735665002,301.3601815485778,175.65261156,0.7410214396921141,103
532000,-95809.16146538415,29117.57421875,-66691.58724663415,297.42572715787736,175.65261156,0.7410214396921141,103
533000,-96568.33516762414,29498.8984375,-67069.43673012414,301.3208192487424,175.65261156,0.7410214396921141,103
534000,-96300.90391228357,28801.529296875,-67499.37461540857,294.19744000740803,175.65261156,0.7410214396921141,103
535000,-95978.00974342981,29374.30859375,-66603.70114967981,300.04817803916086,175.65261156,0.7410214396921141,103
536000,-96188.47589180627,29126.57421875,-67061.90167305627,297.51765897624625,175.65261156,0.7410214396921141,103
537000,-96207.08044502893,29217.03125,-66990.04919502893,298.4416455725867,175.65261156,0.7410214396921141,103
538000,-96663.55450508752,29462.1171875,-67201.43731758752,300.94511178270005,175.65261156,0.7410214396921141,103
539000,-96624.04676125207,29170.61328125,-67453.43348000207,297.9675024312336,175.65261156,0.7410214396921141,103
540000,-96044.55717537561,29022.021484375,-67022.53569100061,296.4496897555203,175.65261156,0.7410214396921141,103
541000,-96243.88012001672,28985.81640625,-67258.06371376672,296.07986768149595,175.65261156,0.7410214396921141,103
542000,-96393.71000740686,29290.8359375,-67102.87406990686,299.19553436436706,175.65261156,0.7410214396921141,103
543000,-96738.53904030481,29670.74609375,-67067.79294655481,303.07618230668623,175.65261156,0.7410214396921141,103
544000,-96462.09252236047,29219.49609375,-67242.59642861047,298.4668230801348,175.65261156,0.7410214396921141,103
545000,-95751.53051827112,28981.763671875,-66769.76684639612,296.038470432556,175.65261156,0.7410214396921141,103
546000,-95712.47117684045,28982.94140625,-66729.52977059045,296.0505005728503,175.65261156,0.7410214396921141,103
547000,-96128.89093086877,29012.80859375,-67116.08233711877,296.35558333467696,175.65261156,0.7410214396921141,103
548000,-95801.07067177453,29069.35546875,-66731.71520302453,296.93318967265793,175.65261156,0.7410214396921141,103
549000,-96282.42254707971,28922.33984375,-67360.08270332971,295.431477035448,175.65261156,0.7410214396921141,103
550000,-96022.75669930139,29117.9765625,-66904.78013680139,297.42983695704925,175.65261156,0.7410214396921141,103
551000,-95923.33881447473,29156.701171875,-66766.63764259973,297.82539515210135,175.65261156,0.7410214396921141,103
552000,-95839.85612557092,28824.908203125,-67014.94792244592,294.4362472699679,175.65261156,0.7410214396921141,103
553000,-96385.28344032922,29304.9609375,-67080.32250282922,299.3398162459738,175.65261156,0.7410214396921141,103
554000,-96139.30558846155,28951.173828125,-67188.13176033655,295.72600599260505,175.65261156,0.7410214396921141,103
555000,-96676.84661934534,29601.796875,-67075.04974434534,302.37189041170825,175.65261156,0.7410214396921141,103
556000,-95913.33316109338,29301.08203125,-66612.25112984338,299.3001945898799,175.65261156,0.7410214396921141,103
557000,-96376.95424721399,29607.328125,-66769.62612221399,302.42839017508084,175.65261156,0.7410214396921141,103
558000,-96576.57624886194,29401.013671875,-67175.56257698694,300.3209609715736,175.65261156,0.7410214396921141,103
559000,-96070.69607613244,29261.052734375,-66809.64334175744,298.89130947324134,175.65261156,0.7410214396921141,103
560000,-96321.1404807345,29107.57421875,-67213.5662619845,297.3235806930231,175.65261156,0.7410214396921141,103
561000,-95834.9430777804,29314.671875,-66520.2712027804,299.4390100395784,175.65261156,0.7410214396921141,103
562000,-95823.61338112512,29409.509765625,-66414.10361550012,300.4077455657369,175.65261156,0.7410214396921141,103
563000,-96414.26959297815,29089.7890625,-67324.48053047815,297.1419116092411,175.65261156,0.7410214396921141,103
564000,-96262.0983435885,29128.810546875,-67133.2877967135,297.5405022774686,175.65261156,0.7410214396921141,103
565000,-96955.6633460299,28799.234375,-68156.4289710299,294.1739981917433,175.65261156,0.7410214396921141,103
566000,-96139.2522284762,29159.48046875,-66979.7717597262,297.8537846871575,175.65261156,0.7410214396921141,103
567000,-96570.141873099,29341.57421875,-67228.567654349,299.71380797061425,175.65261156,0.7410214396921141,103
568000,-96197.29634163537,28834.26171875,-67363.03462288537,294.53179012547326,175.65261156,0.7410214396921141,103
569000,-95869.15655586877,29091.5,-66777.65655586877,297.1593882309623,175.65261156,0.7410214396921141,103
570000,-95725.58223030725,29406.779296875,-66318.80293343225,300.3798547927162,175.65261156,0.7410214396921141,103
571000,-96233.25503609338,29745.35546875,-66487.89956734338,303.83829069681036,175.65261156,0.7410214396921141,103
572000,-96001.76168129602,29273.9453125,-66727.81636879602,299.02300260107404,175.65261156,0.7410214396921141,103
573000,-96016.88166878381,28935.48046875,-67081.40120003381,295.5657038744206,175.65261156,0.7410214396921141,103
574000,-96268.01817391076,28899.435546875,-67368.58262703576,295.19751773987247,175.65261156,0.7410214396921141,103
575000,-96012.1249930636,29199.15625,-66812.9687430636,298.2590587666596,175.65261156,0.7410214396921141,103
576000,-96251.28909371057,28898.451171875,-67352.83792183557,295.18746269723835,175.65261156,0.7410214396921141,103
577000,-96196.28323433557,29144.03125,-67052.25198433557,297.6959763791501,175.65261156,0.7410214396921141,103
578000,-96190.71550057092,29123.4765625,-67067.23893807092,297.4860175127191,175.65261156,0.7410214396921141,103
579000,-96149.17608711877,29187.92578125,-66961.25030586877,298.1443434985126,175.65261156,0.7410214396921141,103
580000,-96477.25555489221,29059.69140625,-67417.56414864221,296.8344746906073,175.65261156,0.7410214396921141,103
581000,-96278.00032112756,28884.7578125,-67393.24250862756,295.04758987202473,175.65261156,0.7410214396921141,103
582000,-95877.73022530237,29609.77734375,-66267.95288155237,302.45340807877756,175.65261156,0.7410214396921141,103
583000,-96585.47454140344,29346.984375,-67238.49016640344,299.76907080413895,175.65261156,0.7410214396921141,103
584000,-95545.17683479944,29122.626953125,-66422.54988167444,297.4773390533028,175.65261156,0.7410214396921141,103
585000,-96116.42124245325,29274.46484375,-66841.95639870325,299.02830942913096,175.65261156,0.7410214396921141,103
586000,-96527.24034950891,29099.45703125,-67427.78331825891,297.24066649225455,175.65261156,0.7410214396921141,103
587000,-96558.97311470666,29088.60546875,-67470.36764595666,297.1298216175025,175.65261156,0.7410214396921141,103
588000,-96109.85505745569,29432.46484375,-66677.39021370569,300.6422235738293,175.65261156,0.7410214396921141,103
589000,-96463.27269051233,29818.162109375,-66645.11058113733,304.58198479258664,175.65261156,0.7410214396921141,103
590000,-96192.72839424768,29119.38671875,-67073.34167549768,297.4442412046322,175.65261156,0.7410214396921141,103
591000,-96012.42491219201,29086.55078125,-66925.87413094201,297.10883371105194,175.65261156,0.7410214396921141,103
592000,-96386.4126593844,29038.56640625,-67347.8462531344,296.6186902836025,175.65261156,0.7410214396921141,103
593000,-95690.47372505823,29542.36328125,-66148.11044380823,301.7647972621932,175.65261156,0.7410214396921141,103
594000,-96012.43109963098,28752.986328125,-67259.44477150598,293.7015907422734,175.65261156,0.7410214396921141,103
595000,-95681.29687569299,28969.236328125,-66712.06054756799,295.9105080447482,175.65261156,0.7410214396921141,103
596000,-96239.00809548059,28805.67578125,-67433.33231423059,294.23979487945604,175.65261156,0.7410214396921141,103
597000,-96349.75412819543,29127.943359375,-67221.81076882043,297.5316442637195,175.65261156,0.7410214396921141,103
598000,-96039.78059456506,29821.75390625,-66218.02668831506,304.6186737279122,175.65261156,0.7410214396921141,103
599000,-95597.69764015832,29194.810546875,-66402.88709328332,298.2146689455071,175.65261156,0.7410214396921141,103
600000,-96119.94534371057,29067.15625,-67052.78909371057,296.9107254305825,175.65261156,0.7410214396921141,103
